2026-01-14 12:17:29,983 - INFO - Processing batch #1, last_id=0
2026-01-14 12:17:30,348 - INFO - Fetched 1000 rows from database
2026-01-14 12:17:30,656 - WARNING - 404 found: https://bryansk.cian.ru/sale/flat/309060719/
2026-01-14 12:17:30,901 - WARNING - 404 found: https://bryansk.cian.ru/sale/flat/319010357/
2026-01-14 12:17:31,361 - INFO - Batch #1 completed: checked=1000, 404_found=2, exceptions=0, total_checked=1000, total_404=2, avg_speed=725.4 records/sec
2026-01-14 12:17:31,361 - INFO - Processing batch #2, last_id=29663
2026-01-14 12:17:31,446 - INFO - Fetched 1000 rows from database
2026-01-14 12:17:31,979 - WARNING - 404 found: https://bryansk.cian.ru/sale/flat/323467161/
2026-01-14 12:17:33,051 - INFO - Batch #2 completed: checked=1000, 404_found=1, exceptions=0, total_checked=2000, total_404=3, avg_speed=651.8 records/sec
2026-01-14 12:17:33,051 - INFO - Processing batch #3, last_id=30674
2026-01-14 12:17:33,105 - INFO - Fetched 1000 rows from database
2026-01-14 12:17:33,125 - WARNING - 404 found: https://bryansk.cian.ru/sale/flat/321710445/
2026-01-14 12:17:33,311 - WARNING - 404 found: https://bryansk.cian.ru/sale/flat/323006096/
2026-01-14 12:17:33,322 - WARNING - 404 found: https://bryansk.cian.ru/sale/flat/322768014/
2026-01-14 12:17:33,381 - WARNING - 404 found: https://bryansk.cian.ru/sale/flat/312087865/
2026-01-14 12:17:33,401 - WARNING - 404 found: https://bryansk.cian.ru/sale/flat/320766961/
2026-01-14 12:17:33,418 - WARNING - 404 found: https://bryansk.cian.ru/sale/flat/312088008/
2026-01-14 12:17:33,578 - WARNING - 404 found: https://bryansk.cian.ru/sale/flat/316924052/
2026-01-14 12:17:38,418 - INFO - Batch #3 completed: checked=1000, 404_found=7, exceptions=0, total_checked=3000, total_404=10, avg_speed=355.7 records/sec
2026-01-14 12:17:38,418 - INFO - Processing batch #4, last_id=31678
2026-01-14 12:17:38,464 - INFO - Fetched 1000 rows from database
2026-01-14 12:17:38,486 - WARNING - 404 found: https://bryansk.cian.ru/sale/flat/320734767/
2026-01-14 12:17:38,500 - WARNING - 404 found: https://bryansk.cian.ru/sale/flat/316269771/
2026-01-14 12:17:38,501 - WARNING - 404 found: https://bryansk.cian.ru/sale/flat/312086917/
2026-01-14 12:17:38,536 - WARNING - 404 found: https://bryansk.cian.ru/sale/flat/312087200/
2026-01-14 12:17:38,553 - WARNING - 404 found: https://bryansk.cian.ru/sale/flat/312086937/
2026-01-14 12:17:38,578 - WARNING - 404 found: https://bryansk.cian.ru/sale/flat/293691034/
2026-01-14 12:17:38,583 - WARNING - 404 found: https://bryansk.cian.ru/sale/flat/320777515/
2026-01-14 12:17:38,595 - WARNING - 404 found: https://bryansk.cian.ru/sale/flat/322849919/
2026-01-14 12:17:38,618 - WARNING - 404 found: https://bryansk.cian.ru/sale/flat/319193567/
2026-01-14 12:17:38,635 - WARNING - 404 found: https://bryansk.cian.ru/sale/flat/316924102/
2026-01-14 12:17:38,670 - WARNING - 404 found: https://bryansk.cian.ru/sale/flat/317916039/
2026-01-14 12:17:38,760 - WARNING - 404 found: https://bryansk.cian.ru/sale/flat/322849917/
2026-01-14 12:17:38,824 - WARNING - 404 found: https://bryansk.cian.ru/sale/flat/313226572/
2026-01-14 12:17:43,771 - INFO - Batch #4 completed: checked=1000, 404_found=13, exceptions=0, total_checked=4000, total_404=23, avg_speed=290.1 records/sec
2026-01-14 12:17:43,772 - INFO - Processing batch #5, last_id=32678
2026-01-14 12:17:43,827 - INFO - Fetched 1000 rows from database
2026-01-14 12:17:44,317 - WARNING - 404 found: https://www.cian.ru/sale/flat/323118919/
2026-01-14 12:17:44,948 - INFO - Batch #5 completed: checked=1000, 404_found=1, exceptions=0, total_checked=5000, total_404=24, avg_speed=334.1 records/sec
2026-01-14 12:17:44,949 - INFO - Processing batch #6, last_id=33694
2026-01-14 12:17:45,068 - INFO - Fetched 1000 rows from database
2026-01-14 12:17:45,113 - WARNING - 404 found: https://www.cian.ru/sale/flat/321774752/
2026-01-14 12:17:45,118 - WARNING - 404 found: https://www.cian.ru/sale/flat/321853704/
2026-01-14 12:17:45,146 - WARNING - 404 found: https://www.cian.ru/sale/flat/320549682/
2026-01-14 12:17:45,149 - WARNING - 404 found: https://www.cian.ru/sale/flat/322570286/
2026-01-14 12:17:45,155 - WARNING - 404 found: https://www.cian.ru/sale/flat/320019143/
2026-01-14 12:17:45,252 - WARNING - 404 found: https://www.cian.ru/sale/flat/323416538/
2026-01-14 12:17:45,264 - WARNING - 404 found: https://www.cian.ru/sale/flat/323391123/
2026-01-14 12:17:45,274 - WARNING - 404 found: https://www.cian.ru/sale/flat/323311781/
2026-01-14 12:17:45,339 - WARNING - 404 found: https://www.cian.ru/sale/flat/323018326/
2026-01-14 12:17:45,384 - WARNING - 404 found: https://www.cian.ru/sale/flat/322736696/
2026-01-14 12:17:45,390 - WARNING - 404 found: https://www.cian.ru/sale/flat/322705053/
2026-01-14 12:17:45,452 - WARNING - 404 found: https://www.cian.ru/sale/flat/322140412/
2026-01-14 12:17:45,471 - WARNING - 404 found: https://www.cian.ru/sale/flat/321885254/
2026-01-14 12:17:45,518 - WARNING - 404 found: https://www.cian.ru/sale/flat/320631216/
2026-01-14 12:17:45,519 - WARNING - 404 found: https://www.cian.ru/sale/flat/320779776/
