2026-01-14 14:07:30,285 - INFO - Batch #1, last_id=0
2026-01-14 14:07:31,124 - INFO - checked=1000, 404=0, deleted=0, deactivated=0, speed=1192.0/s
2026-01-14 14:07:31,124 - INFO - Batch #2, last_id=29666
2026-01-14 14:07:31,629 - INFO - checked=2000, 404=0, deleted=0, deactivated=0, speed=1487.5/s
2026-01-14 14:07:31,630 - INFO - Batch #3, last_id=30679
2026-01-14 14:07:32,394 - INFO - checked=3000, 404=0, deleted=0, deactivated=0, speed=1422.5/s
2026-01-14 14:07:32,394 - INFO - Batch #4, last_id=31693
2026-01-14 14:07:32,943 - INFO - checked=4000, 404=0, deleted=0, deactivated=0, speed=1505.1/s
2026-01-14 14:07:32,943 - INFO - Batch #5, last_id=32706
2026-01-14 14:07:33,513 - INFO - checked=5000, 404=0, deleted=0, deactivated=0, speed=1549.0/s
2026-01-14 14:07:33,513 - INFO - Batch #6, last_id=33724
2026-01-14 14:07:33,990 - INFO - checked=6000, 404=0, deleted=0, deactivated=0, speed=1619.4/s
2026-01-14 14:07:33,990 - INFO - Batch #7, last_id=34795
2026-01-14 14:07:36,256 - INFO - checked=7000, 404=0, deleted=0, deactivated=0, speed=1172.2/s
2026-01-14 14:07:36,257 - INFO - Batch #8, last_id=35866
2026-01-14 14:07:37,476 - INFO - checked=8000, 404=0, deleted=0, deactivated=0, speed=1112.5/s
2026-01-14 14:07:37,476 - INFO - Batch #9, last_id=36923
2026-01-14 14:07:37,530 - WARNING - 404 image found | offer_id=37040 | offer_url=https://www.cian.ru/sale/flat/320256265/
2026-01-14 14:07:37,943 - INFO - checked=9000, 404=1, deleted=0, deactivated=0, speed=1175.2/s
2026-01-14 14:07:37,943 - INFO - Batch #10, last_id=37982
2026-01-14 14:07:38,639 - INFO - checked=10000, 404=1, deleted=0, deactivated=0, speed=1197.0/s
2026-01-14 14:07:38,640 - INFO - Batch #11, last_id=39034
2026-01-14 14:07:39,049 - WARNING - 404 image found | offer_id=40028 | offer_url=https://www.cian.ru/sale/flat/323326824/
2026-01-14 14:07:39,216 - INFO - checked=11000, 404=2, deleted=0, deactivated=0, speed=1231.7/s
2026-01-14 14:07:39,216 - INFO - Batch #12, last_id=40094
2026-01-14 14:07:39,766 - INFO - checked=12000, 404=2, deleted=0, deactivated=0, speed=1265.7/s
2026-01-14 14:07:39,766 - INFO - Batch #13, last_id=41144
2026-01-14 14:07:40,030 - WARNING - 404 image found | offer_id=41800 | offer_url=https://www.cian.ru/sale/flat/323460013/
2026-01-14 14:07:40,290 - INFO - checked=13000, 404=3, deleted=0, deactivated=0, speed=1299.3/s
2026-01-14 14:07:40,290 - INFO - Batch #14, last_id=42217
2026-01-14 14:07:41,431 - INFO - checked=14000, 404=3, deleted=0, deactivated=0, speed=1256.1/s
2026-01-14 14:07:41,431 - INFO - Batch #15, last_id=43300
2026-01-14 14:07:42,102 - INFO - checked=15000, 404=3, deleted=0, deactivated=0, speed=1269.3/s
2026-01-14 14:07:42,102 - INFO - Batch #16, last_id=44375
2026-01-14 14:07:42,262 - WARNING - 404 image found | offer_id=44736 | offer_url=https://korolev.cian.ru/sale/flat/321895461/
2026-01-14 14:07:47,394 - INFO - checked=16000, 404=4, deleted=0, deactivated=0, speed=935.2/s
2026-01-14 14:07:47,395 - INFO - Batch #17, last_id=45431
2026-01-14 14:07:47,544 - WARNING - 404 image found | offer_id=45775 | offer_url=https://dmitrov.cian.ru/sale/flat/322909537/
2026-01-14 14:07:48,680 - INFO - checked=17000, 404=5, deleted=0, deactivated=0, speed=924.2/s
2026-01-14 14:07:48,680 - INFO - Batch #18, last_id=46475
2026-01-14 14:07:49,125 - INFO - checked=18000, 404=5, deleted=0, deactivated=0, speed=955.4/s
2026-01-14 14:07:49,125 - INFO - Batch #19, last_id=47516
2026-01-14 14:07:49,162 - WARNING - 404 image found | offer_id=47566 | offer_url=https://roshal.cian.ru/sale/flat/320747175/
2026-01-14 14:07:49,424 - WARNING - 404 image found | offer_id=48319 | offer_url=https://dmitrov.cian.ru/sale/flat/323114840/
2026-01-14 14:07:49,619 - INFO - checked=19000, 404=7, deleted=0, deactivated=0, speed=982.7/s
2026-01-14 14:07:49,619 - INFO - Batch #20, last_id=48560
2026-01-14 14:07:50,125 - INFO - checked=20000, 404=7, deleted=0, deactivated=0, speed=1008.0/s
2026-01-14 14:07:50,126 - INFO - Batch #21, last_id=49590
2026-01-14 14:07:50,628 - INFO - checked=21000, 404=7, deleted=0, deactivated=0, speed=1032.3/s
2026-01-14 14:07:50,628 - INFO - Batch #22, last_id=50604
2026-01-14 14:07:51,141 - INFO - checked=22000, 404=7, deleted=0, deactivated=0, speed=1054.9/s
2026-01-14 14:07:51,141 - INFO - Batch #23, last_id=51611
2026-01-14 14:07:51,570 - INFO - checked=23000, 404=7, deleted=0, deactivated=0, speed=1080.6/s
2026-01-14 14:07:51,570 - INFO - Batch #24, last_id=52637
2026-01-14 14:07:56,931 - INFO - checked=24000, 404=7, deleted=0, deactivated=0, speed=900.7/s
2026-01-14 14:07:56,932 - INFO - Batch #25, last_id=53675
2026-01-14 14:07:57,371 - INFO - checked=25000, 404=7, deleted=0, deactivated=0, speed=923.0/s
2026-01-14 14:07:57,371 - INFO - Batch #26, last_id=54712
2026-01-14 14:07:57,869 - INFO - checked=26000, 404=7, deleted=0, deactivated=0, speed=942.6/s
2026-01-14 14:07:57,869 - INFO - Batch #27, last_id=55755
2026-01-14 14:07:58,336 - WARNING - 404 image found | offer_id=56578 | offer_url=https://dmitrov.cian.ru/sale/flat/323634752/
2026-01-14 14:08:02,909 - INFO - checked=27000, 404=8, deleted=0, deactivated=0, speed=827.6/s
2026-01-14 14:08:02,909 - INFO - Batch #28, last_id=56798
2026-01-14 14:08:03,276 - WARNING - 404 image found | offer_id=57663 | offer_url=https://mytishchi.cian.ru/sale/flat/323209296/
2026-01-14 14:08:04,298 - INFO - checked=28000, 404=9, deleted=0, deactivated=0, speed=823.2/s
2026-01-14 14:08:04,298 - INFO - Batch #29, last_id=57840
2026-01-14 14:08:04,841 - INFO - checked=29000, 404=9, deleted=0, deactivated=0, speed=839.2/s
2026-01-14 14:08:04,841 - INFO - Batch #30, last_id=58880
2026-01-14 14:08:05,352 - INFO - checked=30000, 404=9, deleted=0, deactivated=0, speed=855.5/s
2026-01-14 14:08:05,352 - INFO - Batch #31, last_id=59891
2026-01-14 14:08:05,935 - INFO - checked=31000, 404=9, deleted=0, deactivated=0, speed=869.6/s
2026-01-14 14:08:05,935 - INFO - Batch #32, last_id=60895
2026-01-14 14:08:06,068 - WARNING - 404 image found | offer_id=61136 | offer_url=https://kolomna.cian.ru/sale/flat/323294858/
2026-01-14 14:08:06,231 - WARNING - 404 image found | offer_id=61532 | offer_url=https://dmitrov.cian.ru/sale/flat/322323943/
