2026-01-14 12:03:39,910 - INFO - Processing batch #1, last_id=0
2026-01-14 12:03:40,161 - INFO - Fetched 1000 rows from database
2026-01-14 12:03:40,750 - WARNING - 404 found: https://bryansk.cian.ru/sale/flat/319010357/
2026-01-14 12:03:55,955 - ERROR - Task exception: list index out of range
2026-01-14 12:03:55,956 - ERROR - Task exception: list index out of range
2026-01-14 12:03:55,956 - ERROR - Task exception: list index out of range
2026-01-14 12:03:55,956 - ERROR - Task exception: list index out of range
2026-01-14 12:03:55,956 - ERROR - Task exception: list index out of range
2026-01-14 12:03:55,956 - INFO - Batch #1 completed: checked=1000, 404_found=1, exceptions=5, total_checked=1000, total_404=1, avg_speed=62.3 records/sec
2026-01-14 12:03:55,957 - INFO - Processing batch #2, last_id=29663
2026-01-14 12:03:55,964 - INFO - Fetched 1000 rows from database
2026-01-14 12:03:56,628 - ERROR - Task exception: list index out of range
2026-01-14 12:03:56,628 - ERROR - Task exception: list index out of range
2026-01-14 12:03:56,628 - ERROR - Task exception: list index out of range
2026-01-14 12:03:56,629 - ERROR - Task exception: list index out of range
2026-01-14 12:03:56,629 - ERROR - Task exception: list index out of range
2026-01-14 12:03:56,629 - ERROR - Task exception: list index out of range
2026-01-14 12:03:56,629 - ERROR - Task exception: list index out of range
2026-01-14 12:03:56,629 - ERROR - Task exception: list index out of range
2026-01-14 12:03:56,629 - INFO - Batch #2 completed: checked=1000, 404_found=0, exceptions=8, total_checked=2000, total_404=1, avg_speed=119.6 records/sec
2026-01-14 12:03:56,629 - INFO - Processing batch #3, last_id=30674
2026-01-14 12:03:56,637 - INFO - Fetched 1000 rows from database
2026-01-14 12:04:02,032 - ERROR - Task exception: list index out of range
2026-01-14 12:04:02,032 - ERROR - Task exception: list index out of range
2026-01-14 12:04:02,032 - ERROR - Task exception: list index out of range
2026-01-14 12:04:02,032 - ERROR - Task exception: list index out of range
2026-01-14 12:04:02,032 - ERROR - Task exception: list index out of range
2026-01-14 12:04:02,032 - ERROR - Task exception: list index out of range
2026-01-14 12:04:02,033 - ERROR - Task exception: list index out of range
2026-01-14 12:04:02,033 - ERROR - Task exception: list index out of range
2026-01-14 12:04:02,033 - ERROR - Task exception: list index out of range
2026-01-14 12:04:02,033 - ERROR - Task exception: list index out of range
2026-01-14 12:04:02,033 - ERROR - Task exception: list index out of range
2026-01-14 12:04:02,033 - ERROR - Task exception: list index out of range
2026-01-14 12:04:02,033 - ERROR - Task exception: list index out of range
2026-01-14 12:04:02,033 - ERROR - Task exception: list index out of range
2026-01-14 12:04:02,033 - ERROR - Task exception: list index out of range
2026-01-14 12:04:02,033 - ERROR - Task exception: list index out of range
2026-01-14 12:04:02,033 - ERROR - Task exception: list index out of range
2026-01-14 12:04:02,033 - ERROR - Task exception: list index out of range
2026-01-14 12:04:02,033 - ERROR - Task exception: list index out of range
2026-01-14 12:04:02,034 - ERROR - Task exception: list index out of range
2026-01-14 12:04:02,034 - ERROR - Task exception: list index out of range
2026-01-14 12:04:02,034 - ERROR - Task exception: list index out of range
2026-01-14 12:04:02,034 - ERROR - Task exception: list index out of range
2026-01-14 12:04:02,034 - ERROR - Task exception: list index out of range
2026-01-14 12:04:02,034 - ERROR - Task exception: list index out of range
2026-01-14 12:04:02,034 - ERROR - Task exception: list index out of range
2026-01-14 12:04:02,034 - ERROR - Task exception: list index out of range
2026-01-14 12:04:02,034 - ERROR - Task exception: list index out of range
2026-01-14 12:04:02,034 - ERROR - Task exception: list index out of range
2026-01-14 12:04:02,034 - ERROR - Task exception: list index out of range
2026-01-14 12:04:02,034 - ERROR - Task exception: list index out of range
2026-01-14 12:04:02,035 - ERROR - Task exception: list index out of range
2026-01-14 12:04:02,035 - ERROR - Task exception: list index out of range
2026-01-14 12:04:02,035 - ERROR - Task exception: list index out of range
2026-01-14 12:04:02,035 - ERROR - Task exception: list index out of range
2026-01-14 12:04:02,035 - ERROR - Task exception: list index out of range
2026-01-14 12:04:02,035 - ERROR - Task exception: list index out of range
2026-01-14 12:04:02,035 - INFO - Batch #3 completed: checked=1000, 404_found=0, exceptions=37, total_checked=3000, total_404=1, avg_speed=135.6 records/sec
2026-01-14 12:04:02,035 - INFO - Processing batch #4, last_id=31678
2026-01-14 12:04:02,041 - INFO - Fetched 1000 rows from database
2026-01-14 12:04:03,422 - ERROR - Task exception: list index out of range
2026-01-14 12:04:03,422 - ERROR - Task exception: list index out of range
2026-01-14 12:04:03,422 - ERROR - Task exception: list index out of range
2026-01-14 12:04:03,422 - ERROR - Task exception: list index out of range
2026-01-14 12:04:03,422 - ERROR - Task exception: list index out of range
2026-01-14 12:04:03,423 - ERROR - Task exception: list index out of range
2026-01-14 12:04:03,423 - ERROR - Task exception: list index out of range
2026-01-14 12:04:03,423 - ERROR - Task exception: list index out of range
2026-01-14 12:04:03,423 - ERROR - Task exception: list index out of range
2026-01-14 12:04:03,423 - ERROR - Task exception: list index out of range
2026-01-14 12:04:03,423 - ERROR - Task exception: list index out of range
2026-01-14 12:04:03,423 - ERROR - Task exception: list index out of range
2026-01-14 12:04:03,423 - ERROR - Task exception: list index out of range
2026-01-14 12:04:03,423 - ERROR - Task exception: list index out of range
2026-01-14 12:04:03,423 - ERROR - Task exception: list index out of range
2026-01-14 12:04:03,424 - ERROR - Task exception: list index out of range
2026-01-14 12:04:03,424 - ERROR - Task exception: list index out of range
2026-01-14 12:04:03,424 - ERROR - Task exception: list index out of range
2026-01-14 12:04:03,424 - ERROR - Task exception: list index out of range
2026-01-14 12:04:03,424 - ERROR - Task exception: list index out of range
2026-01-14 12:04:03,424 - ERROR - Task exception: list index out of range
2026-01-14 12:04:03,424 - ERROR - Task exception: list index out of range
2026-01-14 12:04:03,424 - ERROR - Task exception: list index out of range
2026-01-14 12:04:03,424 - ERROR - Task exception: list index out of range
2026-01-14 12:04:03,424 - ERROR - Task exception: list index out of range
2026-01-14 12:04:03,424 - ERROR - Task exception: list index out of range
2026-01-14 12:04:03,424 - ERROR - Task exception: list index out of range
2026-01-14 12:04:03,425 - ERROR - Task exception: list index out of range
2026-01-14 12:04:03,425 - ERROR - Task exception: list index out of range
2026-01-14 12:04:03,425 - ERROR - Task exception: list index out of range
2026-01-14 12:04:03,425 - ERROR - Task exception: list index out of range
2026-01-14 12:04:03,425 - ERROR - Task exception: list index out of range
2026-01-14 12:04:03,425 - ERROR - Task exception: list index out of range
2026-01-14 12:04:03,425 - ERROR - Task exception: list index out of range
2026-01-14 12:04:03,425 - ERROR - Task exception: list index out of range
2026-01-14 12:04:03,425 - ERROR - Task exception: list index out of range
2026-01-14 12:04:03,425 - ERROR - Task exception: list index out of range
2026-01-14 12:04:03,425 - ERROR - Task exception: list index out of range
2026-01-14 12:04:03,425 - ERROR - Task exception: list index out of range
2026-01-14 12:04:03,425 - ERROR - Task exception: list index out of range
2026-01-14 12:04:03,425 - ERROR - Task exception: list index out of range
2026-01-14 12:04:03,426 - ERROR - Task exception: list index out of range
2026-01-14 12:04:03,426 - ERROR - Task exception: list index out of range
2026-01-14 12:04:03,426 - ERROR - Task exception: list index out of range
2026-01-14 12:04:03,426 - ERROR - Task exception: list index out of range
2026-01-14 12:04:03,426 - ERROR - Task exception: list index out of range
2026-01-14 12:04:03,426 - ERROR - Task exception: list index out of range
2026-01-14 12:04:03,426 - ERROR - Task exception: list index out of range
2026-01-14 12:04:03,426 - ERROR - Task exception: list index out of range
2026-01-14 12:04:03,426 - ERROR - Task exception: list index out of range
2026-01-14 12:04:03,426 - ERROR - Task exception: list index out of range
2026-01-14 12:04:03,426 - ERROR - Task exception: list index out of range
2026-01-14 12:04:03,427 - ERROR - Task exception: list index out of range
2026-01-14 12:04:03,427 - ERROR - Task exception: list index out of range
2026-01-14 12:04:03,427 - ERROR - Task exception: list index out of range
2026-01-14 12:04:03,427 - ERROR - Task exception: list index out of range
2026-01-14 12:04:03,427 - ERROR - Task exception: list index out of range
2026-01-14 12:04:03,427 - ERROR - Task exception: list index out of range
2026-01-14 12:04:03,427 - ERROR - Task exception: list index out of range
2026-01-14 12:04:03,427 - ERROR - Task exception: list index out of range
2026-01-14 12:04:03,427 - ERROR - Task exception: list index out of range
2026-01-14 12:04:03,427 - ERROR - Task exception: list index out of range
2026-01-14 12:04:03,428 - ERROR - Task exception: list index out of range
2026-01-14 12:04:03,428 - ERROR - Task exception: list index out of range
2026-01-14 12:04:03,428 - ERROR - Task exception: list index out of range
2026-01-14 12:04:03,428 - ERROR - Task exception: list index out of range
2026-01-14 12:04:03,428 - ERROR - Task exception: list index out of range
2026-01-14 12:04:03,428 - ERROR - Task exception: list index out of range
2026-01-14 12:04:03,428 - ERROR - Task exception: list index out of range
2026-01-14 12:04:03,428 - ERROR - Task exception: list index out of range
2026-01-14 12:04:03,428 - ERROR - Task exception: list index out of range
2026-01-14 12:04:03,428 - ERROR - Task exception: list index out of range
2026-01-14 12:04:03,428 - ERROR - Task exception: list index out of range
2026-01-14 12:04:03,429 - ERROR - Task exception: list index out of range
2026-01-14 12:04:03,429 - ERROR - Task exception: list index out of range
2026-01-14 12:04:03,429 - ERROR - Task exception: list index out of range
2026-01-14 12:04:03,429 - ERROR - Task exception: list index out of range
2026-01-14 12:04:03,429 - ERROR - Task exception: list index out of range
2026-01-14 12:04:03,429 - ERROR - Task exception: list index out of range
2026-01-14 12:04:03,429 - ERROR - Task exception: list index out of range
2026-01-14 12:04:03,429 - ERROR - Task exception: list index out of range
2026-01-14 12:04:03,429 - ERROR - Task exception: list index out of range
2026-01-14 12:04:03,430 - ERROR - Task exception: list index out of range
2026-01-14 12:04:03,430 - ERROR - Task exception: list index out of range
2026-01-14 12:04:03,430 - ERROR - Task exception: list index out of range
2026-01-14 12:04:03,430 - ERROR - Task exception: list index out of range
2026-01-14 12:04:03,430 - ERROR - Task exception: list index out of range
2026-01-14 12:04:03,430 - ERROR - Task exception: list index out of range
2026-01-14 12:04:03,430 - ERROR - Task exception: list index out of range
2026-01-14 12:04:03,430 - ERROR - Task exception: list index out of range
2026-01-14 12:04:03,430 - ERROR - Task exception: list index out of range
2026-01-14 12:04:03,430 - ERROR - Task exception: list index out of range
2026-01-14 12:04:03,430 - ERROR - Task exception: list index out of range
2026-01-14 12:04:03,431 - ERROR - Task exception: list index out of range
2026-01-14 12:04:03,431 - ERROR - Task exception: list index out of range
2026-01-14 12:04:03,431 - ERROR - Task exception: list index out of range
2026-01-14 12:04:03,431 - ERROR - Task exception: list index out of range
2026-01-14 12:04:03,431 - ERROR - Task exception: list index out of range
2026-01-14 12:04:03,431 - ERROR - Task exception: list index out of range
2026-01-14 12:04:03,431 - ERROR - Task exception: list index out of range
2026-01-14 12:04:03,432 - ERROR - Task exception: list index out of range
2026-01-14 12:04:03,432 - ERROR - Task exception: list index out of range
2026-01-14 12:04:03,432 - ERROR - Task exception: list index out of range
2026-01-14 12:04:03,432 - ERROR - Task exception: list index out of range
2026-01-14 12:04:03,432 - ERROR - Task exception: list index out of range
2026-01-14 12:04:03,432 - ERROR - Task exception: list index out of range
2026-01-14 12:04:03,433 - ERROR - Task exception: list index out of range
2026-01-14 12:04:03,433 - ERROR - Task exception: list index out of range
2026-01-14 12:04:03,433 - ERROR - Task exception: list index out of range
2026-01-14 12:04:03,433 - ERROR - Task exception: list index out of range
2026-01-14 12:04:03,433 - ERROR - Task exception: list index out of range
2026-01-14 12:04:03,433 - ERROR - Task exception: list index out of range
2026-01-14 12:04:03,433 - ERROR - Task exception: list index out of range
2026-01-14 12:04:03,433 - ERROR - Task exception: list index out of range
2026-01-14 12:04:03,433 - ERROR - Task exception: list index out of range
2026-01-14 12:04:03,434 - ERROR - Task exception: list index out of range
2026-01-14 12:04:03,434 - ERROR - Task exception: list index out of range
2026-01-14 12:04:03,434 - ERROR - Task exception: list index out of range
2026-01-14 12:04:03,434 - ERROR - Task exception: list index out of range
2026-01-14 12:04:03,434 - ERROR - Task exception: list index out of range
2026-01-14 12:04:03,434 - ERROR - Task exception: list index out of range
2026-01-14 12:04:03,434 - ERROR - Task exception: list index out of range
2026-01-14 12:04:03,434 - ERROR - Task exception: list index out of range
2026-01-14 12:04:03,434 - ERROR - Task exception: list index out of range
2026-01-14 12:04:03,434 - ERROR - Task exception: list index out of range
2026-01-14 12:04:03,434 - ERROR - Task exception: list index out of range
2026-01-14 12:04:03,434 - ERROR - Task exception: list index out of range
2026-01-14 12:04:03,434 - ERROR - Task exception: list index out of range
2026-01-14 12:04:03,435 - ERROR - Task exception: list index out of range
2026-01-14 12:04:03,435 - ERROR - Task exception: list index out of range
2026-01-14 12:04:03,435 - ERROR - Task exception: list index out of range
2026-01-14 12:04:03,435 - ERROR - Task exception: list index out of range
2026-01-14 12:04:03,435 - ERROR - Task exception: list index out of range
2026-01-14 12:04:03,435 - ERROR - Task exception: list index out of range
2026-01-14 12:04:03,435 - ERROR - Task exception: list index out of range
2026-01-14 12:04:03,435 - ERROR - Task exception: list index out of range
2026-01-14 12:04:03,435 - ERROR - Task exception: list index out of range
2026-01-14 12:04:03,435 - ERROR - Task exception: list index out of range
2026-01-14 12:04:03,435 - ERROR - Task exception: list index out of range
2026-01-14 12:04:03,435 - ERROR - Task exception: list index out of range
2026-01-14 12:04:03,435 - ERROR - Task exception: list index out of range
2026-01-14 12:04:03,435 - ERROR - Task exception: list index out of range
2026-01-14 12:04:03,436 - ERROR - Task exception: list index out of range
2026-01-14 12:04:03,436 - ERROR - Task exception: list index out of range
2026-01-14 12:04:03,436 - ERROR - Task exception: list index out of range
2026-01-14 12:04:03,436 - ERROR - Task exception: list index out of range
2026-01-14 12:04:03,436 - ERROR - Task exception: list index out of range
2026-01-14 12:04:03,436 - ERROR - Task exception: list index out of range
2026-01-14 12:04:03,436 - ERROR - Task exception: list index out of range
2026-01-14 12:04:03,436 - ERROR - Task exception: list index out of range
2026-01-14 12:04:03,436 - ERROR - Task exception: list index out of range
2026-01-14 12:04:03,436 - ERROR - Task exception: list index out of range
2026-01-14 12:04:03,436 - ERROR - Task exception: list index out of range
2026-01-14 12:04:03,436 - ERROR - Task exception: list index out of range
2026-01-14 12:04:03,436 - ERROR - Task exception: list index out of range
2026-01-14 12:04:03,436 - ERROR - Task exception: list index out of range
2026-01-14 12:04:03,437 - ERROR - Task exception: list index out of range
2026-01-14 12:04:03,437 - ERROR - Task exception: list index out of range
2026-01-14 12:04:03,437 - INFO - Batch #4 completed: checked=1000, 404_found=0, exceptions=158, total_checked=4000, total_404=1, avg_speed=170.0 records/sec
2026-01-14 12:04:03,437 - INFO - Processing batch #5, last_id=32678
2026-01-14 12:04:03,444 - INFO - Fetched 1000 rows from database
2026-01-14 12:04:03,827 - WARNING - 404 found: https://www.cian.ru/sale/flat/323250686/
2026-01-14 12:04:03,860 - WARNING - 404 found: https://www.cian.ru/sale/flat/323127351/
2026-01-14 12:04:05,484 - ERROR - Task exception: list index out of range
2026-01-14 12:04:05,484 - ERROR - Task exception: list index out of range
2026-01-14 12:04:05,484 - ERROR - Task exception: list index out of range
2026-01-14 12:04:05,484 - ERROR - Task exception: list index out of range
2026-01-14 12:04:05,484 - ERROR - Task exception: list index out of range
2026-01-14 12:04:05,484 - ERROR - Task exception: list index out of range
2026-01-14 12:04:05,484 - ERROR - Task exception: list index out of range
2026-01-14 12:04:05,485 - ERROR - Task exception: list index out of range
2026-01-14 12:04:05,485 - ERROR - Task exception: list index out of range
2026-01-14 12:04:05,485 - ERROR - Task exception: list index out of range
2026-01-14 12:04:05,485 - ERROR - Task exception: list index out of range
2026-01-14 12:04:05,485 - ERROR - Task exception: list index out of range
2026-01-14 12:04:05,485 - ERROR - Task exception: list index out of range
2026-01-14 12:04:05,485 - ERROR - Task exception: list index out of range
2026-01-14 12:04:05,485 - ERROR - Task exception: list index out of range
2026-01-14 12:04:05,485 - ERROR - Task exception: list index out of range
2026-01-14 12:04:05,485 - ERROR - Task exception: list index out of range
2026-01-14 12:04:05,486 - ERROR - Task exception: list index out of range
2026-01-14 12:04:05,486 - ERROR - Task exception: list index out of range
2026-01-14 12:04:05,486 - ERROR - Task exception: list index out of range
2026-01-14 12:04:05,486 - ERROR - Task exception: list index out of range
2026-01-14 12:04:05,486 - ERROR - Task exception: list index out of range
2026-01-14 12:04:05,486 - ERROR - Task exception: list index out of range
2026-01-14 12:04:05,486 - ERROR - Task exception: list index out of range
2026-01-14 12:04:05,487 - ERROR - Task exception: list index out of range
2026-01-14 12:04:05,487 - ERROR - Task exception: list index out of range
2026-01-14 12:04:05,487 - ERROR - Task exception: list index out of range
2026-01-14 12:04:05,487 - ERROR - Task exception: list index out of range
2026-01-14 12:04:05,487 - ERROR - Task exception: list index out of range
2026-01-14 12:04:05,487 - ERROR - Task exception: list index out of range
2026-01-14 12:04:05,487 - ERROR - Task exception: list index out of range
2026-01-14 12:04:05,487 - ERROR - Task exception: list index out of range
2026-01-14 12:04:05,488 - ERROR - Task exception: list index out of range
2026-01-14 12:04:05,488 - ERROR - Task exception: list index out of range
2026-01-14 12:04:05,488 - ERROR - Task exception: list index out of range
2026-01-14 12:04:05,488 - ERROR - Task exception: list index out of range
2026-01-14 12:04:05,488 - ERROR - Task exception: list index out of range
2026-01-14 12:04:05,488 - ERROR - Task exception: list index out of range
2026-01-14 12:04:05,488 - ERROR - Task exception: list index out of range
2026-01-14 12:04:05,488 - ERROR - Task exception: list index out of range
2026-01-14 12:04:05,488 - ERROR - Task exception: list index out of range
2026-01-14 12:04:05,488 - ERROR - Task exception: list index out of range
2026-01-14 12:04:05,489 - ERROR - Task exception: list index out of range
2026-01-14 12:04:05,489 - ERROR - Task exception: list index out of range
2026-01-14 12:04:05,489 - ERROR - Task exception: list index out of range
2026-01-14 12:04:05,489 - ERROR - Task exception: list index out of range
2026-01-14 12:04:05,491 - ERROR - Task exception: list index out of range
2026-01-14 12:04:05,491 - ERROR - Task exception: list index out of range
2026-01-14 12:04:05,492 - ERROR - Task exception: list index out of range
2026-01-14 12:04:05,492 - ERROR - Task exception: list index out of range
2026-01-14 12:04:05,493 - ERROR - Task exception: list index out of range
2026-01-14 12:04:05,493 - ERROR - Task exception: list index out of range
2026-01-14 12:04:05,493 - ERROR - Task exception: list index out of range
2026-01-14 12:04:05,493 - ERROR - Task exception: list index out of range
2026-01-14 12:04:05,493 - ERROR - Task exception: list index out of range
2026-01-14 12:04:05,493 - ERROR - Task exception: list index out of range
2026-01-14 12:04:05,493 - ERROR - Task exception: list index out of range
2026-01-14 12:04:05,493 - ERROR - Task exception: list index out of range
2026-01-14 12:04:05,496 - ERROR - Task exception: list index out of range
2026-01-14 12:04:05,497 - ERROR - Task exception: list index out of range
2026-01-14 12:04:05,497 - ERROR - Task exception: list index out of range
2026-01-14 12:04:05,497 - ERROR - Task exception: list index out of range
2026-01-14 12:04:05,497 - ERROR - Task exception: list index out of range
2026-01-14 12:04:05,498 - ERROR - Task exception: list index out of range
2026-01-14 12:04:05,499 - ERROR - Task exception: list index out of range
2026-01-14 12:04:05,499 - ERROR - Task exception: list index out of range
2026-01-14 12:04:05,499 - ERROR - Task exception: list index out of range
2026-01-14 12:04:05,499 - ERROR - Task exception: list index out of range
2026-01-14 12:04:05,500 - ERROR - Task exception: list index out of range
2026-01-14 12:04:05,500 - ERROR - Task exception: list index out of range
2026-01-14 12:04:05,500 - ERROR - Task exception: list index out of range
2026-01-14 12:04:05,500 - ERROR - Task exception: list index out of range
2026-01-14 12:04:05,500 - ERROR - Task exception: list index out of range
2026-01-14 12:04:05,501 - ERROR - Task exception: list index out of range
2026-01-14 12:04:05,501 - ERROR - Task exception: list index out of range
2026-01-14 12:04:05,501 - ERROR - Task exception: list index out of range
2026-01-14 12:04:05,501 - ERROR - Task exception: list index out of range
2026-01-14 12:04:05,501 - ERROR - Task exception: list index out of range
2026-01-14 12:04:05,501 - ERROR - Task exception: list index out of range
2026-01-14 12:04:05,502 - ERROR - Task exception: list index out of range
2026-01-14 12:04:05,502 - ERROR - Task exception: list index out of range
2026-01-14 12:04:05,502 - ERROR - Task exception: list index out of range
2026-01-14 12:04:05,502 - ERROR - Task exception: list index out of range
2026-01-14 12:04:05,502 - ERROR - Task exception: list index out of range
2026-01-14 12:04:05,502 - ERROR - Task exception: list index out of range
2026-01-14 12:04:05,502 - ERROR - Task exception: list index out of range
2026-01-14 12:04:05,502 - ERROR - Task exception: list index out of range
2026-01-14 12:04:05,502 - ERROR - Task exception: list index out of range
2026-01-14 12:04:05,503 - ERROR - Task exception: list index out of range
2026-01-14 12:04:05,503 - ERROR - Task exception: list index out of range
2026-01-14 12:04:05,503 - ERROR - Task exception: list index out of range
2026-01-14 12:04:05,503 - ERROR - Task exception: list index out of range
2026-01-14 12:04:05,503 - ERROR - Task exception: list index out of range
2026-01-14 12:04:05,503 - ERROR - Task exception: list index out of range
2026-01-14 12:04:05,504 - ERROR - Task exception: list index out of range
2026-01-14 12:04:05,504 - ERROR - Task exception: list index out of range
2026-01-14 12:04:05,504 - ERROR - Task exception: list index out of range
2026-01-14 12:04:05,504 - ERROR - Task exception: list index out of range
2026-01-14 12:04:05,504 - ERROR - Task exception: list index out of range
2026-01-14 12:04:05,504 - ERROR - Task exception: list index out of range
2026-01-14 12:04:05,504 - ERROR - Task exception: list index out of range
2026-01-14 12:04:05,504 - ERROR - Task exception: list index out of range
2026-01-14 12:04:05,504 - ERROR - Task exception: list index out of range
2026-01-14 12:04:05,504 - ERROR - Task exception: list index out of range
2026-01-14 12:04:05,504 - ERROR - Task exception: list index out of range
2026-01-14 12:04:05,505 - ERROR - Task exception: list index out of range
2026-01-14 12:04:05,505 - ERROR - Task exception: list index out of range
2026-01-14 12:04:05,505 - ERROR - Task exception: list index out of range
2026-01-14 12:04:05,505 - ERROR - Task exception: list index out of range
2026-01-14 12:04:05,505 - ERROR - Task exception: list index out of range
2026-01-14 12:04:05,505 - ERROR - Task exception: list index out of range
2026-01-14 12:04:05,505 - ERROR - Task exception: list index out of range
2026-01-14 12:04:05,505 - ERROR - Task exception: list index out of range
2026-01-14 12:04:05,505 - ERROR - Task exception: list index out of range
2026-01-14 12:04:05,506 - ERROR - Task exception: list index out of range
2026-01-14 12:04:05,506 - ERROR - Task exception: list index out of range
2026-01-14 12:04:05,506 - ERROR - Task exception: list index out of range
2026-01-14 12:04:05,506 - ERROR - Task exception: list index out of range
2026-01-14 12:04:05,506 - ERROR - Task exception: list index out of range
2026-01-14 12:04:05,506 - ERROR - Task exception: list index out of range
2026-01-14 12:04:05,506 - ERROR - Task exception: list index out of range
2026-01-14 12:04:05,506 - ERROR - Task exception: list index out of range
2026-01-14 12:04:05,506 - ERROR - Task exception: list index out of range
2026-01-14 12:04:05,507 - ERROR - Task exception: list index out of range
2026-01-14 12:04:05,507 - ERROR - Task exception: list index out of range
2026-01-14 12:04:05,507 - ERROR - Task exception: list index out of range
2026-01-14 12:04:05,507 - ERROR - Task exception: list index out of range
2026-01-14 12:04:05,507 - ERROR - Task exception: list index out of range
2026-01-14 12:04:05,507 - ERROR - Task exception: list index out of range
2026-01-14 12:04:05,507 - ERROR - Task exception: list index out of range
2026-01-14 12:04:05,507 - ERROR - Task exception: list index out of range
2026-01-14 12:04:05,507 - ERROR - Task exception: list index out of range
2026-01-14 12:04:05,507 - ERROR - Task exception: list index out of range
2026-01-14 12:04:05,507 - ERROR - Task exception: list index out of range
2026-01-14 12:04:05,508 - ERROR - Task exception: list index out of range
2026-01-14 12:04:05,508 - ERROR - Task exception: list index out of range
2026-01-14 12:04:05,508 - ERROR - Task exception: list index out of range
2026-01-14 12:04:05,508 - ERROR - Task exception: list index out of range
2026-01-14 12:04:05,509 - ERROR - Task exception: list index out of range
2026-01-14 12:04:05,509 - ERROR - Task exception: list index out of range
2026-01-14 12:04:05,509 - ERROR - Task exception: list index out of range
2026-01-14 12:04:05,509 - ERROR - Task exception: list index out of range
2026-01-14 12:04:05,509 - ERROR - Task exception: list index out of range
2026-01-14 12:04:05,509 - ERROR - Task exception: list index out of range
2026-01-14 12:04:05,509 - ERROR - Task exception: list index out of range
2026-01-14 12:04:05,509 - ERROR - Task exception: list index out of range
2026-01-14 12:04:05,510 - ERROR - Task exception: list index out of range
2026-01-14 12:04:05,510 - ERROR - Task exception: list index out of range
2026-01-14 12:04:05,510 - ERROR - Task exception: list index out of range
2026-01-14 12:04:05,510 - ERROR - Task exception: list index out of range
2026-01-14 12:04:05,510 - ERROR - Task exception: list index out of range
2026-01-14 12:04:05,510 - ERROR - Task exception: list index out of range
2026-01-14 12:04:05,510 - ERROR - Task exception: list index out of range
2026-01-14 12:04:05,510 - ERROR - Task exception: list index out of range
2026-01-14 12:04:05,510 - ERROR - Task exception: list index out of range
2026-01-14 12:04:05,510 - ERROR - Task exception: list index out of range
2026-01-14 12:04:05,511 - ERROR - Task exception: list index out of range
2026-01-14 12:04:05,511 - ERROR - Task exception: list index out of range
2026-01-14 12:04:05,511 - ERROR - Task exception: list index out of range
2026-01-14 12:04:05,511 - ERROR - Task exception: list index out of range
2026-01-14 12:04:05,511 - ERROR - Task exception: list index out of range
2026-01-14 12:04:05,511 - ERROR - Task exception: list index out of range
2026-01-14 12:04:05,511 - ERROR - Task exception: list index out of range
2026-01-14 12:04:05,511 - ERROR - Task exception: list index out of range
2026-01-14 12:04:05,511 - ERROR - Task exception: list index out of range
2026-01-14 12:04:05,512 - ERROR - Task exception: list index out of range
2026-01-14 12:04:05,512 - ERROR - Task exception: list index out of range
2026-01-14 12:04:05,512 - ERROR - Task exception: list index out of range
2026-01-14 12:04:05,512 - ERROR - Task exception: list index out of range
2026-01-14 12:04:05,512 - ERROR - Task exception: list index out of range
2026-01-14 12:04:05,512 - ERROR - Task exception: list index out of range
2026-01-14 12:04:05,512 - ERROR - Task exception: list index out of range
2026-01-14 12:04:05,513 - ERROR - Task exception: list index out of range
2026-01-14 12:04:05,513 - ERROR - Task exception: list index out of range
2026-01-14 12:04:05,513 - ERROR - Task exception: list index out of range
2026-01-14 12:04:05,513 - ERROR - Task exception: list index out of range
2026-01-14 12:04:05,513 - ERROR - Task exception: list index out of range
2026-01-14 12:04:05,513 - INFO - Batch #5 completed: checked=1000, 404_found=2, exceptions=177, total_checked=5000, total_404=3, avg_speed=195.3 records/sec
2026-01-14 12:04:05,513 - INFO - Processing batch #6, last_id=33694
2026-01-14 12:04:05,522 - INFO - Fetched 1000 rows from database
2026-01-14 12:04:05,569 - WARNING - 404 found: https://www.cian.ru/sale/flat/321774752/
2026-01-14 12:04:05,588 - WARNING - 404 found: https://www.cian.ru/sale/flat/321711456/
2026-01-14 12:04:05,760 - WARNING - 404 found: https://www.cian.ru/sale/flat/323391123/
2026-01-14 12:04:05,875 - WARNING - 404 found: https://www.cian.ru/sale/flat/323018326/
2026-01-14 12:04:06,025 - ERROR - Task exception: list index out of range
2026-01-14 12:04:06,025 - ERROR - Task exception: list index out of range
2026-01-14 12:04:06,025 - ERROR - Task exception: list index out of range
2026-01-14 12:04:06,025 - ERROR - Task exception: list index out of range
2026-01-14 12:04:06,025 - ERROR - Task exception: list index out of range
2026-01-14 12:04:06,025 - ERROR - Task exception: list index out of range
2026-01-14 12:04:06,025 - ERROR - Task exception: list index out of range
2026-01-14 12:04:06,026 - ERROR - Task exception: list index out of range
2026-01-14 12:04:06,026 - ERROR - Task exception: list index out of range
2026-01-14 12:04:06,026 - INFO - Batch #6 completed: checked=1000, 404_found=4, exceptions=9, total_checked=6000, total_404=7, avg_speed=229.7 records/sec
2026-01-14 12:04:06,026 - INFO - Processing batch #7, last_id=34748
2026-01-14 12:04:06,033 - INFO - Fetched 1000 rows from database
2026-01-14 12:04:06,180 - WARNING - 404 found: https://www.cian.ru/sale/flat/323385689/
2026-01-14 12:04:06,215 - WARNING - 404 found: https://www.cian.ru/sale/flat/323203512/
2026-01-14 12:04:06,223 - WARNING - 404 found: https://www.cian.ru/sale/flat/323132000/
2026-01-14 12:04:06,300 - WARNING - 404 found: https://www.cian.ru/sale/flat/322554559/
2026-01-14 12:04:06,327 - WARNING - 404 found: https://www.cian.ru/sale/flat/322090527/
2026-01-14 12:04:06,466 - WARNING - 404 found: https://www.cian.ru/sale/flat/318557253/
2026-01-14 12:04:06,544 - ERROR - Task exception: list index out of range
2026-01-14 12:04:06,545 - ERROR - Task exception: list index out of range
2026-01-14 12:04:06,545 - ERROR - Task exception: list index out of range
2026-01-14 12:04:06,545 - ERROR - Task exception: list index out of range
2026-01-14 12:04:06,545 - ERROR - Task exception: list index out of range
2026-01-14 12:04:06,545 - INFO - Batch #7 completed: checked=1000, 404_found=6, exceptions=5, total_checked=7000, total_404=13, avg_speed=262.8 records/sec
2026-01-14 12:04:06,545 - INFO - Processing batch #8, last_id=35794
2026-01-14 12:04:06,554 - INFO - Fetched 1000 rows from database
2026-01-14 12:04:06,712 - WARNING - 404 found: https://www.cian.ru/sale/flat/322164302/
2026-01-14 12:04:06,732 - WARNING - 404 found: https://www.cian.ru/sale/flat/321951854/
2026-01-14 12:04:06,920 - WARNING - 404 found: https://www.cian.ru/sale/flat/323523866/
2026-01-14 12:04:07,122 - ERROR - Task exception: list index out of range
2026-01-14 12:04:07,122 - ERROR - Task exception: list index out of range
2026-01-14 12:04:07,122 - ERROR - Task exception: list index out of range
2026-01-14 12:04:07,122 - ERROR - Task exception: list index out of range
2026-01-14 12:04:07,122 - ERROR - Task exception: list index out of range
2026-01-14 12:04:07,122 - ERROR - Task exception: list index out of range
2026-01-14 12:04:07,122 - ERROR - Task exception: list index out of range
2026-01-14 12:04:07,123 - INFO - Batch #8 completed: checked=1000, 404_found=3, exceptions=7, total_checked=8000, total_404=16, avg_speed=294.0 records/sec
2026-01-14 12:04:07,123 - INFO - Processing batch #9, last_id=36828
2026-01-14 12:04:07,131 - INFO - Fetched 1000 rows from database
2026-01-14 12:04:07,404 - WARNING - 404 found: https://www.cian.ru/sale/flat/322157004/
2026-01-14 12:04:07,590 - ERROR - Task exception: list index out of range
2026-01-14 12:04:07,590 - ERROR - Task exception: list index out of range
2026-01-14 12:04:07,590 - ERROR - Task exception: list index out of range
2026-01-14 12:04:07,591 - ERROR - Task exception: list index out of range
2026-01-14 12:04:07,591 - ERROR - Task exception: list index out of range
2026-01-14 12:04:07,591 - ERROR - Task exception: list index out of range
2026-01-14 12:04:07,591 - ERROR - Task exception: list index out of range
2026-01-14 12:04:07,591 - ERROR - Task exception: list index out of range
2026-01-14 12:04:07,591 - INFO - Batch #9 completed: checked=1000, 404_found=1, exceptions=8, total_checked=9000, total_404=17, avg_speed=325.1 records/sec
2026-01-14 12:04:07,591 - INFO - Processing batch #10, last_id=37865
2026-01-14 12:04:07,601 - INFO - Fetched 1000 rows from database
2026-01-14 12:04:08,126 - ERROR - Task exception: list index out of range
2026-01-14 12:04:08,127 - ERROR - Task exception: list index out of range
2026-01-14 12:04:08,127 - ERROR - Task exception: list index out of range
2026-01-14 12:04:08,127 - ERROR - Task exception: list index out of range
2026-01-14 12:04:08,127 - ERROR - Task exception: list index out of range
2026-01-14 12:04:08,127 - ERROR - Task exception: list index out of range
2026-01-14 12:04:08,127 - INFO - Batch #10 completed: checked=1000, 404_found=0, exceptions=6, total_checked=10000, total_404=17, avg_speed=354.4 records/sec
2026-01-14 12:04:08,127 - INFO - Processing batch #11, last_id=38905
2026-01-14 12:04:08,136 - INFO - Fetched 1000 rows from database
2026-01-14 12:04:08,168 - WARNING - 404 found: https://www.cian.ru/sale/flat/322928130/
2026-01-14 12:04:08,368 - WARNING - 404 found: https://www.cian.ru/sale/flat/322532897/
2026-01-14 12:04:08,608 - WARNING - 404 found: https://www.cian.ru/sale/flat/320984824/
2026-01-14 12:04:08,643 - ERROR - Task exception: list index out of range
2026-01-14 12:04:08,643 - ERROR - Task exception: list index out of range
2026-01-14 12:04:08,643 - ERROR - Task exception: list index out of range
2026-01-14 12:04:08,643 - ERROR - Task exception: list index out of range
2026-01-14 12:04:08,643 - INFO - Batch #11 completed: checked=1000, 404_found=3, exceptions=4, total_checked=11000, total_404=20, avg_speed=382.8 records/sec
2026-01-14 12:04:08,643 - INFO - Processing batch #12, last_id=39941
2026-01-14 12:04:08,653 - INFO - Fetched 1000 rows from database
2026-01-14 12:04:08,912 - WARNING - 404 found: https://www.cian.ru/sale/flat/320017010/
2026-01-14 12:04:09,028 - WARNING - 404 found: https://www.cian.ru/sale/flat/321669716/
2026-01-14 12:04:13,805 - ERROR - Task exception: list index out of range
2026-01-14 12:04:13,805 - ERROR - Task exception: list index out of range
2026-01-14 12:04:13,805 - ERROR - Task exception: list index out of range
2026-01-14 12:04:13,805 - ERROR - Task exception: list index out of range
2026-01-14 12:04:13,805 - ERROR - Task exception: list index out of range
2026-01-14 12:04:13,805 - INFO - Batch #12 completed: checked=1000, 404_found=2, exceptions=5, total_checked=12000, total_404=22, avg_speed=354.0 records/sec
2026-01-14 12:04:13,806 - INFO - Processing batch #13, last_id=40979
2026-01-14 12:04:13,814 - INFO - Fetched 1000 rows from database
2026-01-14 12:04:14,266 - WARNING - 404 found: https://www.cian.ru/sale/flat/321999182/
