2026-01-14 13:52:42,325 - INFO - Batch #1, last_id=0
2026-01-14 13:52:43,307 - INFO - checked=1000, 404=1, deleted=0, deactivated=0, speed=1017.0/s
2026-01-14 13:52:43,308 - INFO - Batch #2, last_id=29665
2026-01-14 13:52:43,876 - INFO - checked=2000, 404=1, deleted=0, deactivated=0, speed=1288.3/s
2026-01-14 13:52:43,877 - INFO - Batch #3, last_id=30678
2026-01-14 13:52:44,439 - INFO - checked=3000, 404=3, deleted=0, deactivated=0, speed=1418.7/s
2026-01-14 13:52:44,439 - INFO - Batch #4, last_id=31690
2026-01-14 13:52:44,931 - INFO - checked=4000, 404=3, deleted=0, deactivated=0, speed=1534.5/s
2026-01-14 13:52:44,931 - INFO - Batch #5, last_id=32703
2026-01-14 13:52:45,517 - INFO - checked=5000, 404=3, deleted=0, deactivated=0, speed=1566.1/s
2026-01-14 13:52:45,517 - INFO - Batch #6, last_id=33721
2026-01-14 13:52:46,023 - INFO - checked=6000, 404=3, deleted=0, deactivated=0, speed=1621.9/s
2026-01-14 13:52:46,024 - INFO - Batch #7, last_id=34792
2026-01-14 13:52:47,411 - INFO - checked=7000, 404=5, deleted=0, deactivated=0, speed=1376.0/s
2026-01-14 13:52:47,411 - INFO - Batch #8, last_id=35861
2026-01-14 13:52:47,879 - INFO - checked=8000, 404=6, deleted=0, deactivated=0, speed=1440.3/s
2026-01-14 13:52:47,879 - INFO - Batch #9, last_id=36917
2026-01-14 13:52:48,401 - INFO - checked=9000, 404=7, deleted=0, deactivated=0, speed=1481.1/s
2026-01-14 13:52:48,401 - INFO - Batch #10, last_id=37976
2026-01-14 13:52:48,869 - INFO - checked=10000, 404=7, deleted=0, deactivated=0, speed=1527.8/s
2026-01-14 13:52:48,869 - INFO - Batch #11, last_id=39028
2026-01-14 13:52:49,411 - INFO - checked=11000, 404=9, deleted=0, deactivated=0, speed=1552.2/s
2026-01-14 13:52:49,411 - INFO - Batch #12, last_id=40087
2026-01-14 13:52:50,695 - INFO - checked=12000, 404=10, deleted=0, deactivated=0, speed=1433.5/s
2026-01-14 13:52:50,696 - INFO - Batch #13, last_id=41135
2026-01-14 13:52:51,418 - INFO - checked=13000, 404=11, deleted=0, deactivated=0, speed=1429.4/s
2026-01-14 13:52:51,419 - INFO - Batch #14, last_id=42209
2026-01-14 13:52:52,011 - INFO - checked=14000, 404=12, deleted=0, deactivated=0, speed=1445.2/s
2026-01-14 13:52:52,012 - INFO - Batch #15, last_id=43291
2026-01-14 13:52:52,527 - INFO - checked=15000, 404=12, deleted=0, deactivated=0, speed=1470.2/s
2026-01-14 13:52:52,527 - INFO - Batch #16, last_id=44366
2026-01-14 13:52:53,882 - INFO - checked=16000, 404=13, deleted=0, deactivated=0, speed=1384.3/s
2026-01-14 13:52:53,883 - INFO - Batch #17, last_id=45421
2026-01-14 13:52:54,387 - INFO - checked=17000, 404=14, deleted=0, deactivated=0, speed=1409.2/s
2026-01-14 13:52:54,388 - INFO - Batch #18, last_id=46464
2026-01-14 13:52:54,892 - INFO - checked=18000, 404=15, deleted=0, deactivated=0, speed=1432.2/s
2026-01-14 13:52:54,892 - INFO - Batch #19, last_id=47503
2026-01-14 13:52:56,265 - INFO - checked=19000, 404=16, deleted=0, deactivated=0, speed=1362.9/s
2026-01-14 13:52:56,265 - INFO - Batch #20, last_id=48546
2026-01-14 13:52:56,837 - INFO - checked=20000, 404=16, deleted=0, deactivated=0, speed=1378.1/s
2026-01-14 13:52:56,837 - INFO - Batch #21, last_id=49577
2026-01-14 13:52:57,440 - INFO - checked=21000, 404=16, deleted=0, deactivated=0, speed=1389.2/s
2026-01-14 13:52:57,441 - INFO - Batch #22, last_id=50591
2026-01-14 13:52:57,979 - INFO - checked=22000, 404=16, deleted=0, deactivated=0, speed=1405.3/s
2026-01-14 13:52:57,979 - INFO - Batch #23, last_id=51598
2026-01-14 13:52:58,593 - INFO - checked=23000, 404=17, deleted=0, deactivated=0, speed=1413.7/s
2026-01-14 13:52:58,593 - INFO - Batch #24, last_id=52624
2026-01-14 13:53:00,098 - INFO - checked=24000, 404=18, deleted=0, deactivated=0, speed=1350.3/s
2026-01-14 13:53:00,098 - INFO - Batch #25, last_id=53661
2026-01-14 13:53:00,594 - INFO - checked=25000, 404=18, deleted=0, deactivated=0, speed=1368.4/s
2026-01-14 13:53:00,594 - INFO - Batch #26, last_id=54698
2026-01-14 13:53:01,157 - INFO - checked=26000, 404=19, deleted=0, deactivated=0, speed=1380.6/s
2026-01-14 13:53:01,157 - INFO - Batch #27, last_id=55740
2026-01-14 13:53:02,303 - INFO - checked=27000, 404=20, deleted=0, deactivated=0, speed=1351.4/s
2026-01-14 13:53:02,303 - INFO - Batch #28, last_id=56782
2026-01-14 13:53:03,707 - INFO - checked=28000, 404=20, deleted=0, deactivated=0, speed=1309.4/s
2026-01-14 13:53:03,708 - INFO - Batch #29, last_id=57823
2026-01-14 13:53:04,899 - INFO - checked=29000, 404=20, deleted=0, deactivated=0, speed=1284.6/s
2026-01-14 13:53:04,900 - INFO - Batch #30, last_id=58862
2026-01-14 13:53:05,544 - INFO - checked=30000, 404=20, deleted=0, deactivated=0, speed=1292.0/s
2026-01-14 13:53:05,545 - INFO - Batch #31, last_id=59874
2026-01-14 13:53:06,376 - INFO - checked=31000, 404=20, deleted=0, deactivated=0, speed=1288.9/s
2026-01-14 13:53:06,376 - INFO - Batch #32, last_id=60878
2026-01-14 13:53:06,935 - INFO - checked=32000, 404=21, deleted=0, deactivated=0, speed=1300.2/s
2026-01-14 13:53:06,935 - INFO - Batch #33, last_id=61923
2026-01-14 13:53:07,489 - INFO - checked=33000, 404=21, deleted=0, deactivated=0, speed=1311.4/s
2026-01-14 13:53:07,489 - INFO - Batch #34, last_id=62960
2026-01-14 13:53:10,696 - INFO - checked=34000, 404=21, deleted=0, deactivated=0, speed=1198.3/s
2026-01-14 13:53:10,697 - INFO - Batch #35, last_id=63979
2026-01-14 13:53:11,189 - INFO - checked=35000, 404=21, deleted=0, deactivated=0, speed=1212.6/s
2026-01-14 13:53:11,189 - INFO - Batch #36, last_id=65021
2026-01-14 13:53:11,760 - INFO - checked=36000, 404=21, deleted=0, deactivated=0, speed=1223.0/s
2026-01-14 13:53:11,761 - INFO - Batch #37, last_id=66050
2026-01-14 13:53:16,892 - INFO - checked=37000, 404=21, deleted=0, deactivated=0, speed=1070.3/s
2026-01-14 13:53:16,893 - INFO - Batch #38, last_id=67078
2026-01-14 13:53:18,414 - INFO - checked=38000, 404=22, deleted=0, deactivated=0, speed=1052.9/s
2026-01-14 13:53:18,414 - INFO - Batch #39, last_id=68110
2026-01-14 13:53:18,858 - INFO - checked=39000, 404=22, deleted=0, deactivated=0, speed=1067.5/s
2026-01-14 13:53:18,859 - INFO - Batch #40, last_id=69149
2026-01-14 13:53:20,285 - INFO - checked=40000, 404=24, deleted=0, deactivated=0, speed=1053.7/s
2026-01-14 13:53:20,285 - INFO - Batch #41, last_id=70179
2026-01-14 13:53:20,795 - INFO - checked=41000, 404=24, deleted=0, deactivated=0, speed=1065.7/s
2026-01-14 13:53:20,795 - INFO - Batch #42, last_id=71222
2026-01-14 13:53:23,970 - INFO - checked=42000, 404=24, deleted=0, deactivated=0, speed=1008.5/s
2026-01-14 13:53:23,970 - INFO - Batch #43, last_id=72258
2026-01-14 13:53:24,474 - INFO - checked=43000, 404=25, deleted=0, deactivated=0, speed=1020.2/s
2026-01-14 13:53:24,475 - INFO - Batch #44, last_id=73277
2026-01-14 13:53:24,933 - INFO - checked=44000, 404=25, deleted=0, deactivated=0, speed=1032.6/s
2026-01-14 13:53:24,933 - INFO - Batch #45, last_id=74297
2026-01-14 13:53:25,432 - INFO - checked=45000, 404=25, deleted=0, deactivated=0, speed=1043.9/s
2026-01-14 13:53:25,432 - INFO - Batch #46, last_id=75315
2026-01-14 13:53:25,854 - INFO - checked=46000, 404=26, deleted=0, deactivated=0, speed=1056.7/s
2026-01-14 13:53:25,854 - INFO - Batch #47, last_id=76328
2026-01-14 13:53:26,260 - INFO - checked=47000, 404=26, deleted=0, deactivated=0, speed=1069.7/s
2026-01-14 13:53:26,260 - INFO - Batch #48, last_id=77345
2026-01-14 13:53:26,758 - INFO - checked=48000, 404=26, deleted=0, deactivated=0, speed=1080.3/s
2026-01-14 13:53:26,758 - INFO - Batch #49, last_id=78372
2026-01-14 13:53:32,076 - INFO - checked=49000, 404=26, deleted=0, deactivated=0, speed=984.9/s
2026-01-14 13:53:32,077 - INFO - Batch #50, last_id=79400
2026-01-14 13:53:32,605 - INFO - checked=50000, 404=27, deleted=0, deactivated=0, speed=994.4/s
2026-01-14 13:53:32,605 - INFO - Batch #51, last_id=80420
2026-01-14 13:53:33,010 - INFO - checked=51000, 404=27, deleted=0, deactivated=0, speed=1006.2/s
2026-01-14 13:53:33,010 - INFO - Batch #52, last_id=81431
2026-01-14 13:53:34,200 - INFO - checked=52000, 404=27, deleted=0, deactivated=0, speed=1002.4/s
2026-01-14 13:53:34,200 - INFO - Batch #53, last_id=82460
2026-01-14 13:53:34,850 - INFO - checked=53000, 404=28, deleted=0, deactivated=0, speed=1009.0/s
2026-01-14 13:53:34,850 - INFO - Batch #54, last_id=83483
2026-01-14 13:53:35,411 - INFO - checked=54000, 404=28, deleted=0, deactivated=0, speed=1017.2/s
2026-01-14 13:53:35,411 - INFO - Batch #55, last_id=84505
2026-01-14 13:53:36,037 - INFO - checked=55000, 404=28, deleted=0, deactivated=0, speed=1024.0/s
2026-01-14 13:53:36,037 - INFO - Batch #56, last_id=85516
2026-01-14 13:53:37,354 - INFO - checked=56000, 404=28, deleted=0, deactivated=0, speed=1017.6/s
2026-01-14 13:53:37,354 - INFO - Batch #57, last_id=86533
2026-01-14 13:53:37,931 - INFO - checked=57000, 404=29, deleted=0, deactivated=0, speed=1025.1/s
2026-01-14 13:53:37,931 - INFO - Batch #58, last_id=87539
2026-01-14 13:53:38,582 - INFO - checked=58000, 404=29, deleted=0, deactivated=0, speed=1031.0/s
2026-01-14 13:53:38,582 - INFO - Batch #59, last_id=88546
2026-01-14 13:53:39,152 - INFO - checked=59000, 404=30, deleted=0, deactivated=0, speed=1038.2/s
2026-01-14 13:53:39,152 - INFO - Batch #60, last_id=89553
2026-01-14 13:53:39,735 - INFO - checked=60000, 404=31, deleted=0, deactivated=0, speed=1045.1/s
2026-01-14 13:53:39,735 - INFO - Batch #61, last_id=90567
2026-01-14 13:53:40,288 - INFO - checked=61000, 404=31, deleted=0, deactivated=0, speed=1052.4/s
2026-01-14 13:53:40,288 - INFO - Batch #62, last_id=91585
2026-01-14 13:53:41,402 - INFO - checked=62000, 404=32, deleted=0, deactivated=0, speed=1049.5/s
2026-01-14 13:53:41,403 - INFO - Batch #63, last_id=92600
2026-01-14 13:53:41,936 - INFO - checked=63000, 404=32, deleted=0, deactivated=0, speed=1056.8/s
2026-01-14 13:53:41,936 - INFO - Batch #64, last_id=93608
2026-01-14 13:53:45,207 - INFO - checked=64000, 404=32, deleted=0, deactivated=0, speed=1017.8/s
2026-01-14 13:53:45,207 - INFO - Batch #65, last_id=94615
2026-01-14 13:53:46,823 - INFO - checked=65000, 404=32, deleted=0, deactivated=0, speed=1007.8/s
2026-01-14 13:53:46,824 - INFO - Batch #66, last_id=95628
2026-01-14 13:53:47,549 - INFO - checked=66000, 404=32, deleted=0, deactivated=0, speed=1011.9/s
2026-01-14 13:53:47,549 - INFO - Batch #67, last_id=96660
2026-01-14 13:53:48,835 - INFO - checked=67000, 404=32, deleted=0, deactivated=0, speed=1007.4/s
2026-01-14 13:53:48,835 - INFO - Batch #68, last_id=97676
2026-01-14 13:53:49,377 - INFO - checked=68000, 404=32, deleted=0, deactivated=0, speed=1014.1/s
2026-01-14 13:53:49,377 - INFO - Batch #69, last_id=98692
2026-01-14 13:53:49,838 - INFO - checked=69000, 404=32, deleted=0, deactivated=0, speed=1022.0/s
2026-01-14 13:53:49,838 - INFO - Batch #70, last_id=99721
2026-01-14 13:53:50,238 - INFO - checked=70000, 404=32, deleted=0, deactivated=0, speed=1030.7/s
2026-01-14 13:53:50,238 - INFO - Batch #71, last_id=100737
2026-01-14 13:53:50,664 - INFO - checked=71000, 404=33, deleted=0, deactivated=0, speed=1038.9/s
2026-01-14 13:53:50,664 - INFO - Batch #72, last_id=101761
2026-01-14 13:53:52,068 - INFO - checked=72000, 404=33, deleted=0, deactivated=0, speed=1032.4/s
2026-01-14 13:53:52,068 - INFO - Batch #73, last_id=102768
2026-01-14 13:53:52,504 - INFO - checked=73000, 404=33, deleted=0, deactivated=0, speed=1040.2/s
2026-01-14 13:53:52,504 - INFO - Batch #74, last_id=103785
2026-01-14 13:53:53,784 - INFO - checked=74000, 404=33, deleted=0, deactivated=0, speed=1035.5/s
2026-01-14 13:53:53,785 - INFO - Batch #75, last_id=104797
2026-01-14 13:53:54,388 - INFO - checked=75000, 404=33, deleted=0, deactivated=0, speed=1040.7/s
2026-01-14 13:53:54,388 - INFO - Batch #76, last_id=105820
2026-01-14 13:53:54,808 - INFO - checked=76000, 404=33, deleted=0, deactivated=0, speed=1048.5/s
2026-01-14 13:53:54,808 - INFO - Batch #77, last_id=106836
2026-01-14 13:53:55,244 - INFO - checked=77000, 404=33, deleted=0, deactivated=0, speed=1055.9/s
2026-01-14 13:53:55,244 - INFO - Batch #78, last_id=107855
2026-01-14 13:53:55,770 - INFO - checked=78000, 404=33, deleted=0, deactivated=0, speed=1062.0/s
2026-01-14 13:53:55,770 - INFO - Batch #79, last_id=108882
2026-01-14 13:53:56,279 - INFO - checked=79000, 404=35, deleted=0, deactivated=0, speed=1068.2/s
2026-01-14 13:53:56,280 - INFO - Batch #80, last_id=109905
2026-01-14 13:53:57,718 - INFO - checked=80000, 404=36, deleted=0, deactivated=0, speed=1061.1/s
2026-01-14 13:53:57,718 - INFO - Batch #81, last_id=110922
2026-01-14 13:53:58,183 - INFO - checked=81000, 404=36, deleted=0, deactivated=0, speed=1067.8/s
2026-01-14 13:53:58,184 - INFO - Batch #82, last_id=111934
2026-01-14 13:53:58,685 - INFO - checked=82000, 404=37, deleted=0, deactivated=0, speed=1073.8/s
2026-01-14 13:53:58,685 - INFO - Batch #83, last_id=112942
2026-01-14 13:53:59,183 - INFO - checked=83000, 404=38, deleted=0, deactivated=0, speed=1079.9/s
2026-01-14 13:53:59,183 - INFO - Batch #84, last_id=113950
2026-01-14 13:53:59,665 - INFO - checked=84000, 404=38, deleted=0, deactivated=0, speed=1086.1/s
2026-01-14 13:53:59,666 - INFO - Batch #85, last_id=114960
2026-01-14 13:54:00,235 - INFO - checked=85000, 404=39, deleted=0, deactivated=0, speed=1091.0/s
2026-01-14 13:54:00,235 - INFO - Batch #86, last_id=115966
2026-01-14 13:54:01,559 - INFO - checked=86000, 404=40, deleted=0, deactivated=0, speed=1085.4/s
2026-01-14 13:54:01,559 - INFO - Batch #87, last_id=116977
2026-01-14 13:54:02,699 - INFO - checked=87000, 404=40, deleted=0, deactivated=0, speed=1082.4/s
2026-01-14 13:54:02,700 - INFO - Batch #88, last_id=117983
2026-01-14 13:54:04,731 - INFO - checked=88000, 404=41, deleted=0, deactivated=0, speed=1067.9/s
2026-01-14 13:54:04,731 - INFO - Batch #89, last_id=118991
2026-01-14 13:54:05,233 - INFO - checked=89000, 404=41, deleted=0, deactivated=0, speed=1073.5/s
2026-01-14 13:54:05,233 - INFO - Batch #90, last_id=120005
2026-01-14 13:54:05,730 - INFO - checked=90000, 404=41, deleted=0, deactivated=0, speed=1079.1/s
2026-01-14 13:54:05,730 - INFO - Batch #91, last_id=121008
2026-01-14 13:54:06,292 - INFO - checked=91000, 404=42, deleted=0, deactivated=0, speed=1083.8/s
2026-01-14 13:54:06,292 - INFO - Batch #92, last_id=122022
2026-01-14 13:54:11,579 - INFO - checked=92000, 404=42, deleted=0, deactivated=0, speed=1030.8/s
2026-01-14 13:54:11,580 - INFO - Batch #93, last_id=123026
2026-01-14 13:54:12,227 - INFO - checked=93000, 404=42, deleted=0, deactivated=0, speed=1034.4/s
2026-01-14 13:54:12,228 - INFO - Batch #94, last_id=124041
2026-01-14 13:54:12,699 - INFO - checked=94000, 404=42, deleted=0, deactivated=0, speed=1040.1/s
2026-01-14 13:54:12,699 - INFO - Batch #95, last_id=125048
2026-01-14 13:54:14,071 - INFO - checked=95000, 404=43, deleted=0, deactivated=0, speed=1035.5/s
2026-01-14 13:54:14,072 - INFO - Batch #96, last_id=126057
2026-01-14 13:54:14,631 - INFO - checked=96000, 404=43, deleted=0, deactivated=0, speed=1040.0/s
2026-01-14 13:54:14,631 - INFO - Batch #97, last_id=127064
2026-01-14 13:54:15,143 - INFO - checked=97000, 404=44, deleted=0, deactivated=0, speed=1045.0/s
2026-01-14 13:54:15,143 - INFO - Batch #98, last_id=128072
2026-01-14 13:54:15,694 - INFO - checked=98000, 404=44, deleted=0, deactivated=0, speed=1049.6/s
2026-01-14 13:54:15,694 - INFO - Batch #99, last_id=129076
2026-01-14 13:54:17,110 - INFO - checked=99000, 404=44, deleted=0, deactivated=0, speed=1044.5/s
2026-01-14 13:54:17,110 - INFO - Batch #100, last_id=130082
2026-01-14 13:54:17,720 - INFO - checked=100000, 404=44, deleted=0, deactivated=0, speed=1048.3/s
2026-01-14 13:54:17,720 - INFO - Batch #101, last_id=131097
2026-01-14 13:54:19,013 - INFO - checked=101000, 404=46, deleted=0, deactivated=0, speed=1044.6/s
2026-01-14 13:54:19,013 - INFO - Batch #102, last_id=132117
2026-01-14 13:54:20,085 - INFO - checked=102000, 404=46, deleted=0, deactivated=0, speed=1043.4/s
2026-01-14 13:54:20,085 - INFO - Batch #103, last_id=133720
2026-01-14 13:54:20,248 - INFO - checked=102160, 404=46, deleted=0, deactivated=0, speed=1043.3/s
2026-01-14 13:54:20,248 - INFO - Batch #104, last_id=133880
2026-01-14 13:54:20,269 - INFO - ============================================================
2026-01-14 13:54:20,270 - INFO - PROCESSING COMPLETED
2026-01-14 13:54:20,270 - INFO - Checked: 102160
2026-01-14 13:54:20,271 - INFO - 404 found: 46
2026-01-14 13:54:20,271 - INFO - Deleted: 0
2026-01-14 13:54:20,272 - INFO - Deactivated: 0
2026-01-14 13:54:20,272 - INFO - Time: 97.95s
