2026-01-14 13:41:17,312 - WARNING - Starting in DELETE mode (concurrency=50, batch=1000)
2026-01-14 13:41:53,638 - INFO - Processing batch #1, last_id=0
2026-01-14 13:41:54,019 - INFO - Fetched 1000 rows from database
2026-01-14 13:41:54,368 - WARNING - 404 found: https://bryansk.cian.ru/sale/flat/318647215/
2026-01-14 13:41:54,631 - INFO - Batch #1 completed: checked=1000, 404_found=1, exceptions=0, total_checked=1000, total_404=1, pending_deletes=1, total_deleted=0, total_deactivated=0, avg_speed=1006.6 records/sec
2026-01-14 13:41:54,632 - INFO - Processing batch #2, last_id=29665
2026-01-14 13:41:54,643 - INFO - Fetched 1000 rows from database
2026-01-14 13:41:55,131 - INFO - Batch #2 completed: checked=1000, 404_found=0, exceptions=0, total_checked=2000, total_404=1, pending_deletes=1, total_deleted=0, total_deactivated=0, avg_speed=1339.0 records/sec
2026-01-14 13:41:55,132 - INFO - Processing batch #3, last_id=30678
2026-01-14 13:41:55,143 - INFO - Fetched 1000 rows from database
2026-01-14 13:41:55,604 - INFO - Batch #3 completed: checked=1000, 404_found=0, exceptions=0, total_checked=3000, total_404=1, pending_deletes=1, total_deleted=0, total_deactivated=0, avg_speed=1525.9 records/sec
2026-01-14 13:41:55,604 - INFO - Processing batch #4, last_id=31690
2026-01-14 13:41:55,611 - INFO - Fetched 1000 rows from database
2026-01-14 13:41:56,080 - INFO - Batch #4 completed: checked=1000, 404_found=0, exceptions=0, total_checked=4000, total_404=1, pending_deletes=1, total_deleted=0, total_deactivated=0, avg_speed=1638.1 records/sec
2026-01-14 13:41:56,080 - INFO - Processing batch #5, last_id=32703
2026-01-14 13:41:56,088 - INFO - Fetched 1000 rows from database
2026-01-14 13:41:56,593 - INFO - Batch #5 completed: checked=1000, 404_found=0, exceptions=0, total_checked=5000, total_404=1, pending_deletes=1, total_deleted=0, total_deactivated=0, avg_speed=1691.9 records/sec
2026-01-14 13:41:56,593 - INFO - Processing batch #6, last_id=33721
2026-01-14 13:41:56,604 - INFO - Fetched 1000 rows from database
2026-01-14 13:41:57,225 - INFO - Batch #6 completed: checked=1000, 404_found=0, exceptions=0, total_checked=6000, total_404=1, pending_deletes=1, total_deleted=0, total_deactivated=0, avg_speed=1672.3 records/sec
2026-01-14 13:41:57,226 - INFO - Processing batch #7, last_id=34792
2026-01-14 13:41:57,235 - INFO - Fetched 1000 rows from database
2026-01-14 13:41:57,444 - WARNING - 404 found: https://www.cian.ru/sale/flat/323153396/
2026-01-14 13:41:57,940 - INFO - Batch #7 completed: checked=1000, 404_found=1, exceptions=0, total_checked=7000, total_404=2, pending_deletes=2, total_deleted=0, total_deactivated=0, avg_speed=1626.9 records/sec
2026-01-14 13:41:57,942 - INFO - Processing batch #8, last_id=35861
2026-01-14 13:41:57,954 - INFO - Fetched 1000 rows from database
2026-01-14 13:41:58,249 - WARNING - 404 found: https://www.cian.ru/sale/flat/323311193/
2026-01-14 13:41:58,511 - INFO - Batch #8 completed: checked=1000, 404_found=1, exceptions=0, total_checked=8000, total_404=3, pending_deletes=3, total_deleted=0, total_deactivated=0, avg_speed=1641.7 records/sec
2026-01-14 13:41:58,511 - INFO - Processing batch #9, last_id=36917
2026-01-14 13:41:58,519 - INFO - Fetched 1000 rows from database
2026-01-14 13:41:58,568 - WARNING - 404 found: https://www.cian.ru/sale/flat/320256265/
2026-01-14 13:41:59,045 - INFO - Batch #9 completed: checked=1000, 404_found=1, exceptions=0, total_checked=9000, total_404=4, pending_deletes=4, total_deleted=0, total_deactivated=0, avg_speed=1664.3 records/sec
2026-01-14 13:41:59,046 - INFO - Processing batch #10, last_id=37976
2026-01-14 13:41:59,055 - INFO - Fetched 1000 rows from database
2026-01-14 13:41:59,541 - INFO - Batch #10 completed: checked=1000, 404_found=0, exceptions=0, total_checked=10000, total_404=4, pending_deletes=4, total_deleted=0, total_deactivated=0, avg_speed=1694.1 records/sec
2026-01-14 13:41:59,541 - INFO - Processing batch #11, last_id=39028
2026-01-14 13:41:59,552 - INFO - Fetched 1000 rows from database
2026-01-14 13:41:59,800 - WARNING - 404 found: https://www.cian.ru/sale/flat/323325034/
2026-01-14 13:41:59,940 - WARNING - 404 found: https://www.cian.ru/sale/flat/323326824/
2026-01-14 13:42:00,052 - INFO - Batch #11 completed: checked=1000, 404_found=2, exceptions=0, total_checked=11000, total_404=6, pending_deletes=6, total_deleted=0, total_deactivated=0, avg_speed=1714.9 records/sec
2026-01-14 13:42:00,052 - INFO - Processing batch #12, last_id=40087
2026-01-14 13:42:00,062 - INFO - Fetched 1000 rows from database
2026-01-14 13:42:00,305 - WARNING - 404 found: https://www.cian.ru/sale/flat/321792043/
2026-01-14 13:42:00,604 - INFO - Batch #12 completed: checked=1000, 404_found=1, exceptions=0, total_checked=12000, total_404=7, pending_deletes=7, total_deleted=0, total_deactivated=0, avg_speed=1722.7 records/sec
2026-01-14 13:42:00,604 - INFO - Processing batch #13, last_id=41135
2026-01-14 13:42:00,613 - INFO - Fetched 1000 rows from database
2026-01-14 13:42:00,882 - WARNING - 404 found: https://www.cian.ru/sale/flat/323460013/
2026-01-14 13:42:01,132 - INFO - Batch #13 completed: checked=1000, 404_found=1, exceptions=0, total_checked=13000, total_404=8, pending_deletes=8, total_deleted=0, total_deactivated=0, avg_speed=1734.7 records/sec
2026-01-14 13:42:01,132 - INFO - Processing batch #14, last_id=42209
2026-01-14 13:42:01,143 - INFO - Fetched 1000 rows from database
2026-01-14 13:42:03,566 - INFO - Batch #14 completed: checked=1000, 404_found=0, exceptions=0, total_checked=14000, total_404=8, pending_deletes=8, total_deleted=0, total_deactivated=0, avg_speed=1410.2 records/sec
2026-01-14 13:42:03,566 - INFO - Processing batch #15, last_id=43291
2026-01-14 13:42:03,579 - INFO - Fetched 1000 rows from database
2026-01-14 13:42:08,874 - INFO - Batch #15 completed: checked=1000, 404_found=0, exceptions=0, total_checked=15000, total_404=8, pending_deletes=8, total_deleted=0, total_deactivated=0, avg_speed=984.5 records/sec
2026-01-14 13:42:08,874 - INFO - Processing batch #16, last_id=44366
2026-01-14 13:42:08,887 - INFO - Fetched 1000 rows from database
2026-01-14 13:42:09,028 - WARNING - 404 found: https://odintsovo.cian.ru/sale/flat/321924802/
2026-01-14 13:42:10,266 - INFO - Batch #16 completed: checked=1000, 404_found=1, exceptions=0, total_checked=16000, total_404=9, pending_deletes=9, total_deleted=0, total_deactivated=0, avg_speed=962.2 records/sec
2026-01-14 13:42:10,267 - INFO - Processing batch #17, last_id=45421
2026-01-14 13:42:10,280 - INFO - Fetched 1000 rows from database
2026-01-14 13:42:10,521 - WARNING - 404 found: https://balashikha.cian.ru/sale/flat/322068003/
2026-01-14 13:42:10,944 - INFO - Batch #17 completed: checked=1000, 404_found=1, exceptions=0, total_checked=17000, total_404=10, pending_deletes=10, total_deleted=0, total_deactivated=0, avg_speed=982.3 records/sec
2026-01-14 13:42:10,944 - INFO - Processing batch #18, last_id=46464
2026-01-14 13:42:10,956 - INFO - Fetched 1000 rows from database
2026-01-14 13:42:11,508 - INFO - Batch #18 completed: checked=1000, 404_found=0, exceptions=0, total_checked=18000, total_404=10, pending_deletes=10, total_deleted=0, total_deactivated=0, avg_speed=1007.2 records/sec
2026-01-14 13:42:11,508 - INFO - Processing batch #19, last_id=47503
2026-01-14 13:42:11,521 - INFO - Fetched 1000 rows from database
2026-01-14 13:42:12,736 - INFO - Batch #19 completed: checked=1000, 404_found=0, exceptions=0, total_checked=19000, total_404=10, pending_deletes=10, total_deleted=0, total_deactivated=0, avg_speed=994.9 records/sec
2026-01-14 13:42:12,736 - INFO - Processing batch #20, last_id=48546
2026-01-14 13:42:12,746 - INFO - Fetched 1000 rows from database
2026-01-14 13:42:13,177 - INFO - Batch #20 completed: checked=1000, 404_found=0, exceptions=0, total_checked=20000, total_404=10, pending_deletes=10, total_deleted=0, total_deactivated=0, avg_speed=1023.6 records/sec
2026-01-14 13:42:13,178 - INFO - Processing batch #21, last_id=49577
2026-01-14 13:42:13,187 - INFO - Fetched 1000 rows from database
2026-01-14 13:42:18,231 - INFO - Batch #21 completed: checked=1000, 404_found=0, exceptions=0, total_checked=21000, total_404=10, pending_deletes=10, total_deleted=0, total_deactivated=0, avg_speed=853.9 records/sec
2026-01-14 13:42:18,231 - INFO - Processing batch #22, last_id=50591
2026-01-14 13:42:18,244 - INFO - Fetched 1000 rows from database
2026-01-14 13:42:18,727 - INFO - Batch #22 completed: checked=1000, 404_found=0, exceptions=0, total_checked=22000, total_404=10, pending_deletes=10, total_deleted=0, total_deactivated=0, avg_speed=876.9 records/sec
2026-01-14 13:42:18,728 - INFO - Processing batch #23, last_id=51598
2026-01-14 13:42:18,740 - INFO - Fetched 1000 rows from database
2026-01-14 13:42:18,833 - WARNING - 404 found: https://lyubertsy.cian.ru/sale/flat/316851882/
2026-01-14 13:42:19,189 - INFO - Batch #23 completed: checked=1000, 404_found=1, exceptions=0, total_checked=23000, total_404=11, pending_deletes=11, total_deleted=0, total_deactivated=0, avg_speed=900.2 records/sec
2026-01-14 13:42:19,189 - INFO - Processing batch #24, last_id=52624
2026-01-14 13:42:19,199 - INFO - Fetched 1000 rows from database
2026-01-14 13:42:19,686 - INFO - Batch #24 completed: checked=1000, 404_found=0, exceptions=0, total_checked=24000, total_404=11, pending_deletes=11, total_deleted=0, total_deactivated=0, avg_speed=921.4 records/sec
2026-01-14 13:42:19,686 - INFO - Processing batch #25, last_id=53661
2026-01-14 13:42:19,697 - INFO - Fetched 1000 rows from database
2026-01-14 13:42:20,233 - INFO - Batch #25 completed: checked=1000, 404_found=0, exceptions=0, total_checked=25000, total_404=11, pending_deletes=11, total_deleted=0, total_deactivated=0, avg_speed=940.0 records/sec
2026-01-14 13:42:20,233 - INFO - Processing batch #26, last_id=54698
2026-01-14 13:42:20,243 - INFO - Fetched 1000 rows from database
2026-01-14 13:42:20,476 - WARNING - 404 found: https://balashikha.cian.ru/sale/flat/318565734/
2026-01-14 13:42:20,735 - INFO - Batch #26 completed: checked=1000, 404_found=1, exceptions=0, total_checked=26000, total_404=12, pending_deletes=12, total_deleted=0, total_deactivated=0, avg_speed=959.5 records/sec
2026-01-14 13:42:20,735 - INFO - Processing batch #27, last_id=55740
2026-01-14 13:42:20,746 - INFO - Fetched 1000 rows from database
2026-01-14 13:42:20,765 - WARNING - 404 found: https://balashikha.cian.ru/sale/flat/322971683/
2026-01-14 13:42:21,894 - INFO - Batch #27 completed: checked=1000, 404_found=1, exceptions=0, total_checked=27000, total_404=13, pending_deletes=13, total_deleted=0, total_deactivated=0, avg_speed=955.5 records/sec
2026-01-14 13:42:21,894 - INFO - Processing batch #28, last_id=56782
2026-01-14 13:42:21,905 - INFO - Fetched 1000 rows from database
2026-01-14 13:42:21,972 - WARNING - 404 found: https://krasnogorsk.cian.ru/sale/flat/323598124/
2026-01-14 13:42:23,144 - INFO - Batch #28 completed: checked=1000, 404_found=1, exceptions=0, total_checked=28000, total_404=14, pending_deletes=14, total_deleted=0, total_deactivated=0, avg_speed=948.9 records/sec
2026-01-14 13:42:23,145 - INFO - Processing batch #29, last_id=57823
2026-01-14 13:42:23,155 - INFO - Fetched 1000 rows from database
2026-01-14 13:42:23,826 - INFO - Batch #29 completed: checked=1000, 404_found=0, exceptions=0, total_checked=29000, total_404=14, pending_deletes=14, total_deleted=0, total_deactivated=0, avg_speed=960.6 records/sec
2026-01-14 13:42:23,827 - INFO - Processing batch #30, last_id=58862
2026-01-14 13:42:23,838 - INFO - Fetched 1000 rows from database
2026-01-14 13:42:25,447 - INFO - Batch #30 completed: checked=1000, 404_found=0, exceptions=0, total_checked=30000, total_404=14, pending_deletes=14, total_deleted=0, total_deactivated=0, avg_speed=943.1 records/sec
2026-01-14 13:42:25,453 - INFO - Processing batch #31, last_id=59874
2026-01-14 13:42:25,468 - INFO - Fetched 1000 rows from database
2026-01-14 13:42:26,780 - INFO - Batch #31 completed: checked=1000, 404_found=0, exceptions=0, total_checked=31000, total_404=14, pending_deletes=14, total_deleted=0, total_deactivated=0, avg_speed=935.4 records/sec
2026-01-14 13:42:26,782 - INFO - Processing batch #32, last_id=60878
2026-01-14 13:42:26,804 - INFO - Fetched 1000 rows from database
2026-01-14 13:42:27,203 - WARNING - 404 found: https://kolomna.cian.ru/sale/flat/323294858/
2026-01-14 13:42:28,902 - INFO - Batch #32 completed: checked=1000, 404_found=1, exceptions=0, total_checked=32000, total_404=15, pending_deletes=15, total_deleted=0, total_deactivated=0, avg_speed=907.4 records/sec
2026-01-14 13:42:28,902 - INFO - Processing batch #33, last_id=61923
2026-01-14 13:42:28,912 - INFO - Fetched 1000 rows from database
2026-01-14 13:42:30,273 - INFO - Batch #33 completed: checked=1000, 404_found=0, exceptions=0, total_checked=33000, total_404=15, pending_deletes=15, total_deleted=0, total_deactivated=0, avg_speed=900.8 records/sec
2026-01-14 13:42:30,273 - INFO - Processing batch #34, last_id=62960
2026-01-14 13:42:30,282 - INFO - Fetched 1000 rows from database
2026-01-14 13:42:30,854 - INFO - Batch #34 completed: checked=1000, 404_found=0, exceptions=0, total_checked=34000, total_404=15, pending_deletes=15, total_deleted=0, total_deactivated=0, avg_speed=913.6 records/sec
2026-01-14 13:42:30,854 - INFO - Processing batch #35, last_id=63979
2026-01-14 13:42:30,862 - INFO - Fetched 1000 rows from database
2026-01-14 13:42:31,340 - INFO - Batch #35 completed: checked=1000, 404_found=0, exceptions=0, total_checked=35000, total_404=15, pending_deletes=15, total_deleted=0, total_deactivated=0, avg_speed=928.3 records/sec
2026-01-14 13:42:31,340 - INFO - Processing batch #36, last_id=65021
2026-01-14 13:42:31,351 - INFO - Fetched 1000 rows from database
2026-01-14 13:42:36,770 - INFO - Batch #36 completed: checked=1000, 404_found=0, exceptions=0, total_checked=36000, total_404=15, pending_deletes=15, total_deleted=0, total_deactivated=0, avg_speed=834.6 records/sec
2026-01-14 13:42:36,770 - INFO - Processing batch #37, last_id=66050
2026-01-14 13:42:36,779 - INFO - Fetched 1000 rows from database
2026-01-14 13:42:37,227 - INFO - Batch #37 completed: checked=1000, 404_found=0, exceptions=0, total_checked=37000, total_404=15, pending_deletes=15, total_deleted=0, total_deactivated=0, avg_speed=848.8 records/sec
2026-01-14 13:42:37,227 - INFO - Processing batch #38, last_id=67078
2026-01-14 13:42:37,237 - INFO - Fetched 1000 rows from database
2026-01-14 13:42:37,717 - INFO - Batch #38 completed: checked=1000, 404_found=0, exceptions=0, total_checked=38000, total_404=15, pending_deletes=15, total_deleted=0, total_deactivated=0, avg_speed=862.1 records/sec
2026-01-14 13:42:37,718 - INFO - Processing batch #39, last_id=68110
2026-01-14 13:42:37,726 - INFO - Fetched 1000 rows from database
2026-01-14 13:42:38,875 - INFO - Batch #39 completed: checked=1000, 404_found=0, exceptions=0, total_checked=39000, total_404=15, pending_deletes=15, total_deleted=0, total_deactivated=0, avg_speed=862.1 records/sec
2026-01-14 13:42:38,875 - INFO - Processing batch #40, last_id=69149
2026-01-14 13:42:38,884 - INFO - Fetched 1000 rows from database
2026-01-14 13:42:39,350 - INFO - Batch #40 completed: checked=1000, 404_found=0, exceptions=0, total_checked=40000, total_404=15, pending_deletes=15, total_deleted=0, total_deactivated=0, avg_speed=875.0 records/sec
2026-01-14 13:42:39,350 - INFO - Processing batch #41, last_id=70179
2026-01-14 13:42:39,360 - INFO - Fetched 1000 rows from database
2026-01-14 13:42:39,798 - INFO - Batch #41 completed: checked=1000, 404_found=0, exceptions=0, total_checked=41000, total_404=15, pending_deletes=15, total_deleted=0, total_deactivated=0, avg_speed=888.2 records/sec
2026-01-14 13:42:39,798 - INFO - Processing batch #42, last_id=71222
2026-01-14 13:42:39,807 - INFO - Fetched 1000 rows from database
2026-01-14 13:42:40,205 - INFO - Batch #42 completed: checked=1000, 404_found=0, exceptions=0, total_checked=42000, total_404=15, pending_deletes=15, total_deleted=0, total_deactivated=0, avg_speed=901.9 records/sec
2026-01-14 13:42:40,205 - INFO - Processing batch #43, last_id=72258
2026-01-14 13:42:40,214 - INFO - Fetched 1000 rows from database
2026-01-14 13:42:41,389 - INFO - Batch #43 completed: checked=1000, 404_found=0, exceptions=0, total_checked=43000, total_404=15, pending_deletes=15, total_deleted=0, total_deactivated=0, avg_speed=900.5 records/sec
2026-01-14 13:42:41,389 - INFO - Processing batch #44, last_id=73277
2026-01-14 13:42:41,400 - INFO - Fetched 1000 rows from database
2026-01-14 13:42:42,592 - INFO - Batch #44 completed: checked=1000, 404_found=0, exceptions=0, total_checked=44000, total_404=15, pending_deletes=15, total_deleted=0, total_deactivated=0, avg_speed=898.8 records/sec
2026-01-14 13:42:42,592 - INFO - Processing batch #45, last_id=74297
2026-01-14 13:42:42,606 - INFO - Fetched 1000 rows from database
2026-01-14 13:42:43,938 - INFO - Batch #45 completed: checked=1000, 404_found=0, exceptions=0, total_checked=45000, total_404=15, pending_deletes=15, total_deleted=0, total_deactivated=0, avg_speed=894.6 records/sec
2026-01-14 13:42:43,938 - INFO - Processing batch #46, last_id=75315
2026-01-14 13:42:43,949 - INFO - Fetched 1000 rows from database
2026-01-14 13:42:44,340 - INFO - Batch #46 completed: checked=1000, 404_found=0, exceptions=0, total_checked=46000, total_404=15, pending_deletes=15, total_deleted=0, total_deactivated=0, avg_speed=907.3 records/sec
2026-01-14 13:42:44,340 - INFO - Processing batch #47, last_id=76328
2026-01-14 13:42:44,349 - INFO - Fetched 1000 rows from database
2026-01-14 13:42:45,505 - INFO - Batch #47 completed: checked=1000, 404_found=0, exceptions=0, total_checked=47000, total_404=15, pending_deletes=15, total_deleted=0, total_deactivated=0, avg_speed=906.2 records/sec
2026-01-14 13:42:45,506 - INFO - Processing batch #48, last_id=77345
2026-01-14 13:42:45,519 - INFO - Fetched 1000 rows from database
2026-01-14 13:42:50,856 - INFO - Batch #48 completed: checked=1000, 404_found=0, exceptions=0, total_checked=48000, total_404=15, pending_deletes=15, total_deleted=0, total_deactivated=0, avg_speed=838.9 records/sec
2026-01-14 13:42:50,857 - INFO - Processing batch #49, last_id=78372
2026-01-14 13:42:50,868 - INFO - Fetched 1000 rows from database
2026-01-14 13:42:51,321 - INFO - Batch #49 completed: checked=1000, 404_found=0, exceptions=0, total_checked=49000, total_404=15, pending_deletes=15, total_deleted=0, total_deactivated=0, avg_speed=849.5 records/sec
2026-01-14 13:42:51,322 - INFO - Processing batch #50, last_id=79400
2026-01-14 13:42:51,331 - INFO - Fetched 1000 rows from database
2026-01-14 13:42:52,569 - INFO - Batch #50 completed: checked=1000, 404_found=0, exceptions=0, total_checked=50000, total_404=15, pending_deletes=15, total_deleted=0, total_deactivated=0, avg_speed=848.4 records/sec
2026-01-14 13:42:52,570 - INFO - Processing batch #51, last_id=80420
2026-01-14 13:42:52,579 - INFO - Fetched 1000 rows from database
2026-01-14 13:42:53,020 - INFO - Batch #51 completed: checked=1000, 404_found=0, exceptions=0, total_checked=51000, total_404=15, pending_deletes=15, total_deleted=0, total_deactivated=0, avg_speed=858.8 records/sec
2026-01-14 13:42:53,020 - INFO - Processing batch #52, last_id=81431
2026-01-14 13:42:53,028 - INFO - Fetched 1000 rows from database
2026-01-14 13:42:53,459 - INFO - Batch #52 completed: checked=1000, 404_found=0, exceptions=0, total_checked=52000, total_404=15, pending_deletes=15, total_deleted=0, total_deactivated=0, avg_speed=869.3 records/sec
2026-01-14 13:42:53,459 - INFO - Processing batch #53, last_id=82460
2026-01-14 13:42:53,468 - INFO - Fetched 1000 rows from database
2026-01-14 13:42:53,774 - WARNING - 404 found: https://balashikha.cian.ru/sale/flat/321934652/
2026-01-14 13:42:54,759 - INFO - Batch #53 completed: checked=1000, 404_found=1, exceptions=0, total_checked=53000, total_404=16, pending_deletes=16, total_deleted=0, total_deactivated=0, avg_speed=867.1 records/sec
2026-01-14 13:42:54,759 - INFO - Processing batch #54, last_id=83483
2026-01-14 13:42:54,768 - INFO - Fetched 1000 rows from database
2026-01-14 13:42:55,359 - INFO - Batch #54 completed: checked=1000, 404_found=0, exceptions=0, total_checked=54000, total_404=16, pending_deletes=16, total_deleted=0, total_deactivated=0, avg_speed=874.9 records/sec
2026-01-14 13:42:55,360 - INFO - Processing batch #55, last_id=84505
2026-01-14 13:42:55,368 - INFO - Fetched 1000 rows from database
2026-01-14 13:42:55,944 - INFO - Batch #55 completed: checked=1000, 404_found=0, exceptions=0, total_checked=55000, total_404=16, pending_deletes=16, total_deleted=0, total_deactivated=0, avg_speed=882.7 records/sec
2026-01-14 13:42:55,944 - INFO - Processing batch #56, last_id=85516
2026-01-14 13:42:55,953 - INFO - Fetched 1000 rows from database
2026-01-14 13:42:56,570 - INFO - Batch #56 completed: checked=1000, 404_found=0, exceptions=0, total_checked=56000, total_404=16, pending_deletes=16, total_deleted=0, total_deactivated=0, avg_speed=889.8 records/sec
2026-01-14 13:42:56,570 - INFO - Processing batch #57, last_id=86533
2026-01-14 13:42:56,578 - INFO - Fetched 1000 rows from database
2026-01-14 13:42:56,623 - WARNING - 404 found: https://domodedovo.cian.ru/sale/flat/323510254/
2026-01-14 13:42:57,109 - INFO - Batch #57 completed: checked=1000, 404_found=1, exceptions=0, total_checked=57000, total_404=17, pending_deletes=17, total_deleted=0, total_deactivated=0, avg_speed=898.0 records/sec
2026-01-14 13:42:57,109 - INFO - Processing batch #58, last_id=87539
2026-01-14 13:42:57,117 - INFO - Fetched 1000 rows from database
2026-01-14 13:42:57,678 - INFO - Batch #58 completed: checked=1000, 404_found=0, exceptions=0, total_checked=58000, total_404=17, pending_deletes=17, total_deleted=0, total_deactivated=0, avg_speed=905.7 records/sec
2026-01-14 13:42:57,678 - INFO - Processing batch #59, last_id=88546
2026-01-14 13:42:57,687 - INFO - Fetched 1000 rows from database
2026-01-14 13:42:57,783 - WARNING - 404 found: https://khimki.cian.ru/sale/flat/319892216/
2026-01-14 13:42:58,807 - INFO - Batch #59 completed: checked=1000, 404_found=1, exceptions=0, total_checked=59000, total_404=18, pending_deletes=18, total_deleted=0, total_deactivated=0, avg_speed=905.3 records/sec
2026-01-14 13:42:58,807 - INFO - Processing batch #60, last_id=89553
2026-01-14 13:42:58,816 - INFO - Fetched 1000 rows from database
2026-01-14 13:42:58,866 - WARNING - 404 found: https://vidnoye.cian.ru/sale/flat/322579306/
2026-01-14 13:42:58,868 - WARNING - 404 found: https://odintsovo.cian.ru/sale/flat/324043640/
2026-01-14 13:42:59,441 - INFO - Batch #60 completed: checked=1000, 404_found=2, exceptions=0, total_checked=60000, total_404=20, pending_deletes=20, total_deleted=0, total_deactivated=0, avg_speed=911.8 records/sec
2026-01-14 13:42:59,441 - INFO - Processing batch #61, last_id=90567
2026-01-14 13:42:59,472 - INFO - Fetched 1000 rows from database
2026-01-14 13:43:00,065 - INFO - Batch #61 completed: checked=1000, 404_found=0, exceptions=0, total_checked=61000, total_404=20, pending_deletes=20, total_deleted=0, total_deactivated=0, avg_speed=918.3 records/sec
2026-01-14 13:43:00,065 - INFO - Processing batch #62, last_id=91585
2026-01-14 13:43:00,075 - INFO - Fetched 1000 rows from database
2026-01-14 13:43:01,455 - INFO - Batch #62 completed: checked=1000, 404_found=0, exceptions=0, total_checked=62000, total_404=20, pending_deletes=20, total_deleted=0, total_deactivated=0, avg_speed=914.2 records/sec
2026-01-14 13:43:01,456 - INFO - Processing batch #63, last_id=92600
2026-01-14 13:43:01,463 - INFO - Fetched 1000 rows from database
2026-01-14 13:43:02,651 - INFO - Batch #63 completed: checked=1000, 404_found=0, exceptions=0, total_checked=63000, total_404=20, pending_deletes=20, total_deleted=0, total_deactivated=0, avg_speed=912.9 records/sec
2026-01-14 13:43:02,652 - INFO - Processing batch #64, last_id=93608
2026-01-14 13:43:02,660 - INFO - Fetched 1000 rows from database
2026-01-14 13:43:04,091 - INFO - Batch #64 completed: checked=1000, 404_found=0, exceptions=0, total_checked=64000, total_404=20, pending_deletes=20, total_deleted=0, total_deactivated=0, avg_speed=908.4 records/sec
2026-01-14 13:43:04,091 - INFO - Processing batch #65, last_id=94615
2026-01-14 13:43:04,099 - INFO - Fetched 1000 rows from database
2026-01-14 13:43:05,145 - INFO - Batch #65 completed: checked=1000, 404_found=0, exceptions=0, total_checked=65000, total_404=20, pending_deletes=20, total_deleted=0, total_deactivated=0, avg_speed=909.0 records/sec
2026-01-14 13:43:05,145 - INFO - Processing batch #66, last_id=95628
2026-01-14 13:43:05,154 - INFO - Fetched 1000 rows from database
2026-01-14 13:43:05,625 - INFO - Batch #66 completed: checked=1000, 404_found=0, exceptions=0, total_checked=66000, total_404=20, pending_deletes=20, total_deleted=0, total_deactivated=0, avg_speed=916.8 records/sec
2026-01-14 13:43:05,625 - INFO - Processing batch #67, last_id=96660
2026-01-14 13:43:05,634 - INFO - Fetched 1000 rows from database
2026-01-14 13:43:06,125 - INFO - Batch #67 completed: checked=1000, 404_found=0, exceptions=0, total_checked=67000, total_404=20, pending_deletes=20, total_deleted=0, total_deactivated=0, avg_speed=924.3 records/sec
2026-01-14 13:43:06,126 - INFO - Processing batch #68, last_id=97676
2026-01-14 13:43:06,133 - INFO - Fetched 1000 rows from database
2026-01-14 13:43:06,607 - INFO - Batch #68 completed: checked=1000, 404_found=0, exceptions=0, total_checked=68000, total_404=20, pending_deletes=20, total_deleted=0, total_deactivated=0, avg_speed=931.9 records/sec
2026-01-14 13:43:06,607 - INFO - Processing batch #69, last_id=98692
2026-01-14 13:43:06,616 - INFO - Fetched 1000 rows from database
2026-01-14 13:43:07,054 - INFO - Batch #69 completed: checked=1000, 404_found=0, exceptions=0, total_checked=69000, total_404=20, pending_deletes=20, total_deleted=0, total_deactivated=0, avg_speed=939.8 records/sec
2026-01-14 13:43:07,055 - INFO - Processing batch #70, last_id=99721
2026-01-14 13:43:07,067 - INFO - Fetched 1000 rows from database
2026-01-14 13:43:08,296 - INFO - Batch #70 completed: checked=1000, 404_found=0, exceptions=0, total_checked=70000, total_404=20, pending_deletes=20, total_deleted=0, total_deactivated=0, avg_speed=937.6 records/sec
2026-01-14 13:43:08,296 - INFO - Processing batch #71, last_id=100737
2026-01-14 13:43:08,308 - INFO - Fetched 1000 rows from database
2026-01-14 13:43:08,346 - WARNING - 404 found: https://www.cian.ru/sale/suburban/306935628/
2026-01-14 13:43:09,077 - INFO - Batch #71 completed: checked=1000, 404_found=1, exceptions=0, total_checked=71000, total_404=21, pending_deletes=21, total_deleted=0, total_deactivated=0, avg_speed=941.1 records/sec
2026-01-14 13:43:09,078 - INFO - Processing batch #72, last_id=101761
2026-01-14 13:43:09,087 - INFO - Fetched 1000 rows from database
2026-01-14 13:43:09,556 - INFO - Batch #72 completed: checked=1000, 404_found=0, exceptions=0, total_checked=72000, total_404=21, pending_deletes=21, total_deleted=0, total_deactivated=0, avg_speed=948.4 records/sec
2026-01-14 13:43:09,557 - INFO - Processing batch #73, last_id=102768
2026-01-14 13:43:09,566 - INFO - Fetched 1000 rows from database
2026-01-14 13:43:10,048 - INFO - Batch #73 completed: checked=1000, 404_found=0, exceptions=0, total_checked=73000, total_404=21, pending_deletes=21, total_deleted=0, total_deactivated=0, avg_speed=955.4 records/sec
2026-01-14 13:43:10,048 - INFO - Processing batch #74, last_id=103785
2026-01-14 13:43:10,059 - INFO - Fetched 1000 rows from database
2026-01-14 13:43:10,803 - INFO - Batch #74 completed: checked=1000, 404_found=0, exceptions=0, total_checked=74000, total_404=21, pending_deletes=21, total_deleted=0, total_deactivated=0, avg_speed=959.0 records/sec
2026-01-14 13:43:10,803 - INFO - Processing batch #75, last_id=104797
2026-01-14 13:43:10,815 - INFO - Fetched 1000 rows from database
2026-01-14 13:43:11,396 - INFO - Batch #75 completed: checked=1000, 404_found=0, exceptions=0, total_checked=75000, total_404=21, pending_deletes=21, total_deleted=0, total_deactivated=0, avg_speed=964.5 records/sec
2026-01-14 13:43:11,396 - INFO - Processing batch #76, last_id=105820
2026-01-14 13:43:11,408 - INFO - Fetched 1000 rows from database
2026-01-14 13:43:11,842 - INFO - Batch #76 completed: checked=1000, 404_found=0, exceptions=0, total_checked=76000, total_404=21, pending_deletes=21, total_deleted=0, total_deactivated=0, avg_speed=971.8 records/sec
2026-01-14 13:43:11,842 - INFO - Processing batch #77, last_id=106836
2026-01-14 13:43:11,851 - INFO - Fetched 1000 rows from database
2026-01-14 13:43:12,346 - INFO - Batch #77 completed: checked=1000, 404_found=0, exceptions=0, total_checked=77000, total_404=21, pending_deletes=21, total_deleted=0, total_deactivated=0, avg_speed=978.3 records/sec
2026-01-14 13:43:12,346 - INFO - Processing batch #78, last_id=107855
2026-01-14 13:43:12,357 - INFO - Fetched 1000 rows from database
2026-01-14 13:43:13,339 - INFO - Batch #78 completed: checked=1000, 404_found=0, exceptions=0, total_checked=78000, total_404=21, pending_deletes=21, total_deleted=0, total_deactivated=0, avg_speed=978.6 records/sec
2026-01-14 13:43:13,340 - INFO - Processing batch #79, last_id=108882
2026-01-14 13:43:13,351 - INFO - Fetched 1000 rows from database
2026-01-14 13:43:13,516 - WARNING - 404 found: https://www.cian.ru/sale/suburban/323204243/
2026-01-14 13:43:18,656 - INFO - Batch #79 completed: checked=1000, 404_found=1, exceptions=0, total_checked=79000, total_404=22, pending_deletes=22, total_deleted=0, total_deactivated=0, avg_speed=929.2 records/sec
2026-01-14 13:43:18,656 - INFO - Processing batch #80, last_id=109905
2026-01-14 13:43:18,669 - INFO - Fetched 1000 rows from database
2026-01-14 13:43:18,915 - WARNING - 404 found: https://www.cian.ru/sale/suburban/323800042/
2026-01-14 13:43:19,066 - WARNING - 404 found: https://www.cian.ru/sale/suburban/315415595/
2026-01-14 13:43:20,036 - INFO - Batch #80 completed: checked=1000, 404_found=2, exceptions=0, total_checked=80000, total_404=24, pending_deletes=24, total_deleted=0, total_deactivated=0, avg_speed=925.9 records/sec
2026-01-14 13:43:20,036 - INFO - Processing batch #81, last_id=110922
2026-01-14 13:43:20,045 - INFO - Fetched 1000 rows from database
2026-01-14 13:43:20,523 - INFO - Batch #81 completed: checked=1000, 404_found=0, exceptions=0, total_checked=81000, total_404=24, pending_deletes=24, total_deleted=0, total_deactivated=0, avg_speed=932.3 records/sec
2026-01-14 13:43:20,524 - INFO - Processing batch #82, last_id=111934
2026-01-14 13:43:20,536 - INFO - Fetched 1000 rows from database
2026-01-14 13:43:20,732 - WARNING - 404 found: https://mytishchi.cian.ru/sale/suburban/323224582/
2026-01-14 13:43:20,932 - INFO - Batch #82 completed: checked=1000, 404_found=1, exceptions=0, total_checked=82000, total_404=25, pending_deletes=25, total_deleted=0, total_deactivated=0, avg_speed=939.4 records/sec
2026-01-14 13:43:20,932 - INFO - Processing batch #83, last_id=112942
2026-01-14 13:43:20,941 - INFO - Fetched 1000 rows from database
2026-01-14 13:43:22,309 - INFO - Batch #83 completed: checked=1000, 404_found=0, exceptions=0, total_checked=83000, total_404=25, pending_deletes=25, total_deleted=0, total_deactivated=0, avg_speed=936.0 records/sec
2026-01-14 13:43:22,309 - INFO - Processing batch #84, last_id=113950
2026-01-14 13:43:22,318 - INFO - Fetched 1000 rows from database
2026-01-14 13:43:22,742 - INFO - Batch #84 completed: checked=1000, 404_found=0, exceptions=0, total_checked=84000, total_404=25, pending_deletes=25, total_deleted=0, total_deactivated=0, avg_speed=942.7 records/sec
2026-01-14 13:43:22,743 - INFO - Processing batch #85, last_id=114960
2026-01-14 13:43:22,753 - INFO - Fetched 1000 rows from database
2026-01-14 13:43:23,233 - INFO - Batch #85 completed: checked=1000, 404_found=0, exceptions=0, total_checked=85000, total_404=25, pending_deletes=25, total_deleted=0, total_deactivated=0, avg_speed=948.7 records/sec
2026-01-14 13:43:23,234 - INFO - Processing batch #86, last_id=115966
2026-01-14 13:43:23,243 - INFO - Fetched 1000 rows from database
2026-01-14 13:43:23,430 - WARNING - 404 found: https://www.cian.ru/sale/suburban/323556565/
2026-01-14 13:43:24,383 - INFO - Batch #86 completed: checked=1000, 404_found=1, exceptions=0, total_checked=86000, total_404=26, pending_deletes=26, total_deleted=0, total_deactivated=0, avg_speed=947.7 records/sec
2026-01-14 13:43:24,384 - INFO - Processing batch #87, last_id=116977
2026-01-14 13:43:24,393 - INFO - Fetched 1000 rows from database
2026-01-14 13:43:24,813 - INFO - Batch #87 completed: checked=1000, 404_found=0, exceptions=0, total_checked=87000, total_404=26, pending_deletes=26, total_deleted=0, total_deactivated=0, avg_speed=954.2 records/sec
2026-01-14 13:43:24,813 - INFO - Processing batch #88, last_id=117983
2026-01-14 13:43:24,823 - INFO - Fetched 1000 rows from database
2026-01-14 13:43:25,100 - WARNING - 404 found: https://mytishchi.cian.ru/sale/suburban/309130254/
2026-01-14 13:43:25,251 - INFO - Batch #88 completed: checked=1000, 404_found=1, exceptions=0, total_checked=88000, total_404=27, pending_deletes=27, total_deleted=0, total_deactivated=0, avg_speed=960.6 records/sec
2026-01-14 13:43:25,251 - INFO - Processing batch #89, last_id=118991
2026-01-14 13:43:25,262 - INFO - Fetched 1000 rows from database
2026-01-14 13:43:25,765 - INFO - Batch #89 completed: checked=1000, 404_found=0, exceptions=0, total_checked=89000, total_404=27, pending_deletes=27, total_deleted=0, total_deactivated=0, avg_speed=966.1 records/sec
2026-01-14 13:43:25,765 - INFO - Processing batch #90, last_id=120005
2026-01-14 13:43:25,776 - INFO - Fetched 1000 rows from database
2026-01-14 13:43:26,207 - INFO - Batch #90 completed: checked=1000, 404_found=0, exceptions=0, total_checked=90000, total_404=27, pending_deletes=27, total_deleted=0, total_deactivated=0, avg_speed=972.2 records/sec
2026-01-14 13:43:26,208 - INFO - Processing batch #91, last_id=121008
2026-01-14 13:43:26,220 - INFO - Fetched 1000 rows from database
2026-01-14 13:43:26,550 - WARNING - 404 found: https://dmitrov.cian.ru/sale/suburban/290780827/
2026-01-14 13:43:26,740 - INFO - Batch #91 completed: checked=1000, 404_found=1, exceptions=0, total_checked=91000, total_404=28, pending_deletes=28, total_deleted=0, total_deactivated=0, avg_speed=977.4 records/sec
2026-01-14 13:43:26,740 - INFO - Processing batch #92, last_id=122022
2026-01-14 13:43:26,754 - INFO - Fetched 1000 rows from database
2026-01-14 13:43:27,142 - INFO - Batch #92 completed: checked=1000, 404_found=0, exceptions=0, total_checked=92000, total_404=28, pending_deletes=28, total_deleted=0, total_deactivated=0, avg_speed=983.9 records/sec
2026-01-14 13:43:27,142 - INFO - Processing batch #93, last_id=123026
2026-01-14 13:43:27,150 - INFO - Fetched 1000 rows from database
2026-01-14 13:43:27,543 - INFO - Batch #93 completed: checked=1000, 404_found=0, exceptions=0, total_checked=93000, total_404=28, pending_deletes=28, total_deleted=0, total_deactivated=0, avg_speed=990.4 records/sec
2026-01-14 13:43:27,543 - INFO - Processing batch #94, last_id=124041
2026-01-14 13:43:27,552 - INFO - Fetched 1000 rows from database
2026-01-14 13:43:27,982 - INFO - Batch #94 completed: checked=1000, 404_found=0, exceptions=0, total_checked=94000, total_404=28, pending_deletes=28, total_deleted=0, total_deactivated=0, avg_speed=996.3 records/sec
2026-01-14 13:43:27,983 - INFO - Processing batch #95, last_id=125048
2026-01-14 13:43:27,991 - INFO - Fetched 1000 rows from database
2026-01-14 13:43:28,319 - WARNING - 404 found: https://www.cian.ru/sale/suburban/321315177/
2026-01-14 13:43:33,179 - INFO - Batch #95 completed: checked=1000, 404_found=1, exceptions=0, total_checked=95000, total_404=29, pending_deletes=29, total_deleted=0, total_deactivated=0, avg_speed=954.4 records/sec
2026-01-14 13:43:33,179 - INFO - Processing batch #96, last_id=126057
2026-01-14 13:43:33,189 - INFO - Fetched 1000 rows from database
2026-01-14 13:43:33,615 - INFO - Batch #96 completed: checked=1000, 404_found=0, exceptions=0, total_checked=96000, total_404=29, pending_deletes=29, total_deleted=0, total_deactivated=0, avg_speed=960.2 records/sec
2026-01-14 13:43:33,615 - INFO - Processing batch #97, last_id=127064
2026-01-14 13:43:33,625 - INFO - Fetched 1000 rows from database
2026-01-14 13:43:33,722 - WARNING - 404 found: https://www.cian.ru/sale/suburban/324403673/
2026-01-14 13:43:33,893 - WARNING - 404 found: https://www.cian.ru/sale/suburban/319888377/
2026-01-14 13:43:34,047 - INFO - Batch #97 completed: checked=1000, 404_found=2, exceptions=0, total_checked=97000, total_404=31, pending_deletes=31, total_deleted=0, total_deactivated=0, avg_speed=966.0 records/sec
2026-01-14 13:43:34,048 - INFO - Processing batch #98, last_id=128072
2026-01-14 13:43:34,056 - INFO - Fetched 1000 rows from database
2026-01-14 13:43:35,379 - INFO - Batch #98 completed: checked=1000, 404_found=0, exceptions=0, total_checked=98000, total_404=31, pending_deletes=31, total_deleted=0, total_deactivated=0, avg_speed=963.2 records/sec
2026-01-14 13:43:35,379 - INFO - Processing batch #99, last_id=129076
2026-01-14 13:43:35,390 - INFO - Fetched 1000 rows from database
2026-01-14 13:43:35,791 - INFO - Batch #99 completed: checked=1000, 404_found=0, exceptions=0, total_checked=99000, total_404=31, pending_deletes=31, total_deleted=0, total_deactivated=0, avg_speed=969.1 records/sec
2026-01-14 13:43:35,792 - INFO - Processing batch #100, last_id=130082
2026-01-14 13:43:35,805 - INFO - Fetched 1000 rows from database
2026-01-14 13:43:36,219 - INFO - Batch #100 completed: checked=1000, 404_found=0, exceptions=0, total_checked=100000, total_404=31, pending_deletes=31, total_deleted=0, total_deactivated=0, avg_speed=974.8 records/sec
2026-01-14 13:43:36,220 - INFO - Processing batch #101, last_id=131097
2026-01-14 13:43:36,231 - INFO - Fetched 1000 rows from database
2026-01-14 13:43:36,588 - WARNING - 404 found: https://www.cian.ru/sale/flat/325646490/?mlSearchSessionGuid=c50369ee4ddb9d8cb9bd0c1fcf380055
2026-01-14 13:43:36,600 - WARNING - 404 found: https://www.cian.ru/sale/flat/325646490/?mlSearchSessionGuid=070122b58173c2cde3bf9c4b7243aaf2
2026-01-14 13:43:36,646 - INFO - Batch #101 completed: checked=1000, 404_found=2, exceptions=0, total_checked=101000, total_404=33, pending_deletes=33, total_deleted=0, total_deactivated=0, avg_speed=980.5 records/sec
2026-01-14 13:43:36,647 - INFO - Processing batch #102, last_id=132117
2026-01-14 13:43:36,656 - INFO - Fetched 1000 rows from database
2026-01-14 13:43:41,191 - INFO - Batch #102 completed: checked=1000, 404_found=0, exceptions=0, total_checked=102000, total_404=33, pending_deletes=33, total_deleted=0, total_deactivated=0, avg_speed=948.4 records/sec
2026-01-14 13:43:41,192 - INFO - Processing batch #103, last_id=133720
2026-01-14 13:43:41,195 - INFO - Fetched 160 rows from database
2026-01-14 13:43:41,384 - INFO - Batch #103 completed: checked=160, 404_found=0, exceptions=0, total_checked=102160, total_404=33, pending_deletes=33, total_deleted=0, total_deactivated=0, avg_speed=948.2 records/sec
2026-01-14 13:43:41,384 - INFO - Processing batch #104, last_id=133880
2026-01-14 13:43:41,386 - INFO - No more rows to process
2026-01-14 13:43:48,542 - WARNING - FK violation detected. Deactivating offers instead of deleting: [29097, 35192, 36637, 37040, 39659, 40028, 40704, 41800, 44728, 45999, 51835, 55301, 55777, 56916, 61136, 83240, 86624, 88730, 89640, 89644, 100814, 109269, 110562, 110912, 112465, 116474, 118719, 121796, 125900, 127308, 127761, 132028, 132042]
