2026-01-14 14:15:24,337 - INFO - Batch #1, last_id=0
2026-01-14 14:15:25,128 - INFO - checked=500, 404=0, deleted=0, deactivated=0, speed=631.1/s
2026-01-14 14:15:25,129 - INFO - Batch #2, last_id=29156
2026-01-14 14:15:25,693 - INFO - checked=1000, 404=0, deleted=0, deactivated=0, speed=736.9/s
2026-01-14 14:15:25,693 - INFO - Batch #3, last_id=29666
2026-01-14 14:15:26,181 - INFO - checked=1500, 404=0, deleted=0, deactivated=0, speed=812.9/s
2026-01-14 14:15:26,182 - INFO - Batch #4, last_id=30171
2026-01-14 14:15:27,640 - INFO - checked=2000, 404=0, deleted=0, deactivated=0, speed=605.4/s
2026-01-14 14:15:27,640 - INFO - Batch #5, last_id=30679
2026-01-14 14:15:29,059 - INFO - checked=2500, 404=0, deleted=0, deactivated=0, speed=529.3/s
2026-01-14 14:15:29,060 - INFO - Batch #6, last_id=31185
2026-01-14 14:15:29,612 - INFO - checked=3000, 404=0, deleted=0, deactivated=0, speed=568.6/s
2026-01-14 14:15:29,612 - INFO - Batch #7, last_id=31693
2026-01-14 14:15:30,231 - INFO - checked=3500, 404=0, deleted=0, deactivated=0, speed=593.8/s
2026-01-14 14:15:30,231 - INFO - Batch #8, last_id=32205
2026-01-14 14:15:32,464 - INFO - checked=4000, 404=0, deleted=0, deactivated=0, speed=492.1/s
2026-01-14 14:15:32,465 - INFO - Batch #9, last_id=32706
2026-01-14 14:15:33,232 - INFO - checked=4500, 404=0, deleted=0, deactivated=0, speed=505.8/s
2026-01-14 14:15:33,233 - INFO - Batch #10, last_id=33209
2026-01-14 14:15:33,840 - INFO - checked=5000, 404=0, deleted=0, deactivated=0, speed=526.1/s
2026-01-14 14:15:33,841 - INFO - Batch #11, last_id=33724
2026-01-14 14:15:34,336 - INFO - checked=5500, 404=0, deleted=0, deactivated=0, speed=550.0/s
2026-01-14 14:15:34,337 - INFO - Batch #12, last_id=34258
2026-01-14 14:15:35,729 - INFO - checked=6000, 404=0, deleted=0, deactivated=0, speed=526.6/s
2026-01-14 14:15:35,729 - INFO - Batch #13, last_id=34795
2026-01-14 14:15:36,222 - INFO - checked=6500, 404=0, deleted=0, deactivated=0, speed=546.9/s
2026-01-14 14:15:36,222 - INFO - Batch #14, last_id=35337
2026-01-14 14:15:36,689 - INFO - checked=7000, 404=0, deleted=0, deactivated=0, speed=566.7/s
2026-01-14 14:15:36,689 - INFO - Batch #15, last_id=35866
2026-01-14 14:15:37,168 - INFO - checked=7500, 404=0, deleted=0, deactivated=0, speed=584.5/s
2026-01-14 14:15:37,168 - INFO - Batch #16, last_id=36402
2026-01-14 14:15:37,685 - INFO - checked=8000, 404=0, deleted=0, deactivated=0, speed=599.3/s
2026-01-14 14:15:37,685 - INFO - Batch #17, last_id=36923
2026-01-14 14:15:37,779 - WARNING - 404 image found | offer_id=37040 | offer_url=https://www.cian.ru/sale/flat/320256265/
2026-01-14 14:15:38,112 - INFO - checked=8500, 404=1, deleted=0, deactivated=0, speed=617.0/s
2026-01-14 14:15:38,112 - INFO - Batch #18, last_id=37453
2026-01-14 14:15:38,693 - INFO - checked=9000, 404=1, deleted=0, deactivated=0, speed=626.9/s
2026-01-14 14:15:38,693 - INFO - Batch #19, last_id=37982
2026-01-14 14:15:39,427 - INFO - checked=9500, 404=1, deleted=0, deactivated=0, speed=629.5/s
2026-01-14 14:15:39,427 - INFO - Batch #20, last_id=38508
2026-01-14 14:15:39,869 - INFO - checked=10000, 404=1, deleted=0, deactivated=0, speed=643.8/s
2026-01-14 14:15:39,869 - INFO - Batch #21, last_id=39034
2026-01-14 14:15:40,427 - INFO - checked=10500, 404=1, deleted=0, deactivated=0, speed=652.5/s
2026-01-14 14:15:40,427 - INFO - Batch #22, last_id=39565
2026-01-14 14:15:40,878 - INFO - checked=11000, 404=1, deleted=0, deactivated=0, speed=665.0/s
2026-01-14 14:15:40,878 - INFO - Batch #23, last_id=40095
2026-01-14 14:15:42,338 - INFO - checked=11500, 404=1, deleted=0, deactivated=0, speed=638.8/s
2026-01-14 14:15:42,338 - INFO - Batch #24, last_id=40613
2026-01-14 14:15:42,896 - INFO - checked=12000, 404=1, deleted=0, deactivated=0, speed=646.6/s
2026-01-14 14:15:42,896 - INFO - Batch #25, last_id=41145
2026-01-14 14:15:43,340 - INFO - checked=12500, 404=1, deleted=0, deactivated=0, speed=657.8/s
2026-01-14 14:15:43,340 - INFO - Batch #26, last_id=41692
2026-01-14 14:15:43,429 - WARNING - 404 image found | offer_id=41800 | offer_url=https://www.cian.ru/sale/flat/323460013/
2026-01-14 14:15:44,680 - INFO - checked=13000, 404=2, deleted=0, deactivated=0, speed=639.0/s
2026-01-14 14:15:44,680 - INFO - Batch #27, last_id=42218
2026-01-14 14:15:45,264 - INFO - checked=13500, 404=2, deleted=0, deactivated=0, speed=645.1/s
2026-01-14 14:15:45,264 - INFO - Batch #28, last_id=42765
2026-01-14 14:15:45,873 - INFO - checked=14000, 404=2, deleted=0, deactivated=0, speed=650.0/s
2026-01-14 14:15:45,874 - INFO - Batch #29, last_id=43302
2026-01-14 14:15:45,969 - WARNING - 404 image found | offer_id=43413 | offer_url=https://www.cian.ru/sale/flat/323217958/
2026-01-14 14:15:46,351 - INFO - checked=14500, 404=3, deleted=0, deactivated=0, speed=658.6/s
2026-01-14 14:15:46,351 - INFO - Batch #30, last_id=43848
2026-01-14 14:15:48,560 - INFO - checked=15000, 404=3, deleted=0, deactivated=0, speed=619.2/s
2026-01-14 14:15:48,560 - INFO - Batch #31, last_id=44379
2026-01-14 14:15:48,964 - INFO - checked=15500, 404=3, deleted=0, deactivated=0, speed=629.4/s
2026-01-14 14:15:48,965 - INFO - Batch #32, last_id=44919
2026-01-14 14:15:49,352 - INFO - checked=16000, 404=3, deleted=0, deactivated=0, speed=639.6/s
2026-01-14 14:15:49,353 - INFO - Batch #33, last_id=45435
2026-01-14 14:15:49,775 - INFO - checked=16500, 404=3, deleted=0, deactivated=0, speed=648.6/s
2026-01-14 14:15:49,775 - INFO - Batch #34, last_id=45963
2026-01-14 14:15:50,310 - INFO - checked=17000, 404=3, deleted=0, deactivated=0, speed=654.5/s
2026-01-14 14:15:50,310 - INFO - Batch #35, last_id=46480
2026-01-14 14:15:50,718 - INFO - checked=17500, 404=3, deleted=0, deactivated=0, speed=663.3/s
2026-01-14 14:15:50,718 - INFO - Batch #36, last_id=46998
2026-01-14 14:15:51,143 - INFO - checked=18000, 404=3, deleted=0, deactivated=0, speed=671.5/s
2026-01-14 14:15:51,144 - INFO - Batch #37, last_id=47521
2026-01-14 14:15:51,548 - INFO - checked=18500, 404=3, deleted=0, deactivated=0, speed=679.8/s
2026-01-14 14:15:51,549 - INFO - Batch #38, last_id=48039
2026-01-14 14:15:51,769 - WARNING - 404 image found | offer_id=48319 | offer_url=https://dmitrov.cian.ru/sale/flat/323114840/
2026-01-14 14:15:52,114 - INFO - checked=19000, 404=4, deleted=0, deactivated=0, speed=684.0/s
2026-01-14 14:15:52,115 - INFO - Batch #39, last_id=48566
2026-01-14 14:15:52,635 - INFO - checked=19500, 404=4, deleted=0, deactivated=0, speed=689.1/s
2026-01-14 14:15:52,635 - INFO - Batch #40, last_id=49085
2026-01-14 14:15:53,145 - INFO - checked=20000, 404=4, deleted=0, deactivated=0, speed=694.2/s
2026-01-14 14:15:53,145 - INFO - Batch #41, last_id=49596
2026-01-14 14:15:53,631 - INFO - checked=20500, 404=4, deleted=0, deactivated=0, speed=699.8/s
2026-01-14 14:15:53,631 - INFO - Batch #42, last_id=50108
2026-01-14 14:15:55,042 - INFO - checked=21000, 404=4, deleted=0, deactivated=0, speed=683.9/s
2026-01-14 14:15:55,043 - INFO - Batch #43, last_id=50611
2026-01-14 14:15:55,645 - INFO - checked=21500, 404=4, deleted=0, deactivated=0, speed=686.7/s
2026-01-14 14:15:55,646 - INFO - Batch #44, last_id=51113
2026-01-14 14:15:56,189 - INFO - checked=22000, 404=4, deleted=0, deactivated=0, speed=690.7/s
2026-01-14 14:15:56,189 - INFO - Batch #45, last_id=51618
2026-01-14 14:15:57,464 - INFO - checked=22500, 404=4, deleted=0, deactivated=0, speed=679.2/s
2026-01-14 14:15:57,464 - INFO - Batch #46, last_id=52128
2026-01-14 14:15:58,178 - INFO - checked=23000, 404=4, deleted=0, deactivated=0, speed=679.6/s
2026-01-14 14:15:58,178 - INFO - Batch #47, last_id=52644
2026-01-14 14:15:59,333 - INFO - checked=23500, 404=4, deleted=0, deactivated=0, speed=671.5/s
2026-01-14 14:15:59,334 - INFO - Batch #48, last_id=53163
2026-01-14 14:15:59,862 - INFO - checked=24000, 404=4, deleted=0, deactivated=0, speed=675.6/s
2026-01-14 14:15:59,862 - INFO - Batch #49, last_id=53682
2026-01-14 14:16:00,485 - INFO - checked=24500, 404=4, deleted=0, deactivated=0, speed=677.8/s
2026-01-14 14:16:00,485 - INFO - Batch #50, last_id=54201
2026-01-14 14:16:01,144 - INFO - checked=25000, 404=4, deleted=0, deactivated=0, speed=679.2/s
2026-01-14 14:16:01,145 - INFO - Batch #51, last_id=54719
2026-01-14 14:16:01,877 - INFO - checked=25500, 404=4, deleted=0, deactivated=0, speed=679.3/s
2026-01-14 14:16:01,877 - INFO - Batch #52, last_id=55242
2026-01-14 14:16:02,459 - INFO - checked=26000, 404=4, deleted=0, deactivated=0, speed=682.0/s
2026-01-14 14:16:02,459 - INFO - Batch #53, last_id=55762
2026-01-14 14:16:08,049 - INFO - checked=26500, 404=4, deleted=0, deactivated=0, speed=606.2/s
2026-01-14 14:16:08,049 - INFO - Batch #54, last_id=56287
2026-01-14 14:16:08,506 - INFO - checked=27000, 404=4, deleted=0, deactivated=0, speed=611.3/s
2026-01-14 14:16:08,506 - INFO - Batch #55, last_id=56806
2026-01-14 14:16:08,948 - INFO - checked=27500, 404=4, deleted=0, deactivated=0, speed=616.4/s
2026-01-14 14:16:08,948 - INFO - Batch #56, last_id=57325
2026-01-14 14:16:11,231 - INFO - checked=28000, 404=4, deleted=0, deactivated=0, speed=597.1/s
2026-01-14 14:16:11,231 - INFO - Batch #57, last_id=57850
2026-01-14 14:16:11,747 - INFO - checked=28500, 404=4, deleted=0, deactivated=0, speed=601.1/s
2026-01-14 14:16:11,747 - INFO - Batch #58, last_id=58369
2026-01-14 14:16:13,108 - INFO - checked=29000, 404=4, deleted=0, deactivated=0, speed=594.6/s
2026-01-14 14:16:13,109 - INFO - Batch #59, last_id=58891
2026-01-14 14:16:13,238 - WARNING - 404 image found | offer_id=59027 | offer_url=https://klin.cian.ru/sale/flat/323473622/
2026-01-14 14:16:13,573 - INFO - checked=29500, 404=5, deleted=0, deactivated=0, speed=599.1/s
2026-01-14 14:16:13,574 - INFO - Batch #60, last_id=59399
2026-01-14 14:16:14,109 - INFO - checked=30000, 404=5, deleted=0, deactivated=0, speed=602.7/s
2026-01-14 14:16:14,109 - INFO - Batch #61, last_id=59901
2026-01-14 14:16:14,608 - INFO - checked=30500, 404=5, deleted=0, deactivated=0, speed=606.7/s
2026-01-14 14:16:14,608 - INFO - Batch #62, last_id=60404
2026-01-14 14:16:15,140 - INFO - checked=31000, 404=5, deleted=0, deactivated=0, speed=610.2/s
2026-01-14 14:16:15,143 - INFO - Batch #63, last_id=60904
2026-01-14 14:16:15,580 - INFO - checked=31500, 404=5, deleted=0, deactivated=0, speed=614.7/s
2026-01-14 14:16:15,580 - INFO - Batch #64, last_id=61426
2026-01-14 14:16:15,991 - INFO - checked=32000, 404=5, deleted=0, deactivated=0, speed=619.5/s
2026-01-14 14:16:15,991 - INFO - Batch #65, last_id=61952
2026-01-14 14:16:16,403 - INFO - checked=32500, 404=5, deleted=0, deactivated=0, speed=624.2/s
2026-01-14 14:16:16,403 - INFO - Batch #66, last_id=62470
2026-01-14 14:16:17,087 - INFO - checked=33000, 404=5, deleted=0, deactivated=0, speed=625.6/s
2026-01-14 14:16:17,087 - INFO - Batch #67, last_id=62990
2026-01-14 14:16:17,740 - INFO - checked=33500, 404=5, deleted=0, deactivated=0, speed=627.3/s
2026-01-14 14:16:17,740 - INFO - Batch #68, last_id=63501
2026-01-14 14:16:18,254 - INFO - checked=34000, 404=5, deleted=0, deactivated=0, speed=630.6/s
2026-01-14 14:16:18,255 - INFO - Batch #69, last_id=64011
2026-01-14 14:16:19,485 - INFO - checked=34500, 404=5, deleted=0, deactivated=0, speed=625.6/s
2026-01-14 14:16:19,486 - INFO - Batch #70, last_id=64530
2026-01-14 14:16:19,862 - WARNING - 404 image found | offer_id=64927 | offer_url=https://www.cian.ru/sale/flat/318474612/
2026-01-14 14:16:20,015 - INFO - checked=35000, 404=6, deleted=0, deactivated=0, speed=628.6/s
2026-01-14 14:16:20,015 - INFO - Batch #71, last_id=65053
2026-01-14 14:16:25,059 - INFO - checked=35500, 404=6, deleted=0, deactivated=0, speed=584.6/s
2026-01-14 14:16:25,059 - INFO - Batch #72, last_id=65570
2026-01-14 14:16:26,080 - INFO - checked=36000, 404=6, deleted=0, deactivated=0, speed=583.1/s
2026-01-14 14:16:26,080 - INFO - Batch #73, last_id=66083
2026-01-14 14:16:26,754 - INFO - checked=36500, 404=6, deleted=0, deactivated=0, speed=584.8/s
2026-01-14 14:16:26,755 - INFO - Batch #74, last_id=66597
2026-01-14 14:16:27,553 - INFO - checked=37000, 404=6, deleted=0, deactivated=0, speed=585.3/s
2026-01-14 14:16:27,553 - INFO - Batch #75, last_id=67111
2026-01-14 14:16:28,958 - INFO - checked=37500, 404=6, deleted=0, deactivated=0, speed=580.3/s
2026-01-14 14:16:28,958 - INFO - Batch #76, last_id=67621
2026-01-14 14:16:29,563 - INFO - checked=38000, 404=6, deleted=0, deactivated=0, speed=582.6/s
2026-01-14 14:16:29,563 - INFO - Batch #77, last_id=68142
2026-01-14 14:16:30,018 - INFO - checked=38500, 404=6, deleted=0, deactivated=0, speed=586.2/s
2026-01-14 14:16:30,018 - INFO - Batch #78, last_id=68668
2026-01-14 14:16:30,702 - INFO - checked=39000, 404=6, deleted=0, deactivated=0, speed=587.6/s
2026-01-14 14:16:30,702 - INFO - Batch #79, last_id=69182
2026-01-14 14:16:31,261 - INFO - checked=39500, 404=6, deleted=0, deactivated=0, speed=590.2/s
2026-01-14 14:16:31,262 - INFO - Batch #80, last_id=69703
2026-01-14 14:16:32,786 - INFO - checked=40000, 404=6, deleted=0, deactivated=0, speed=584.4/s
2026-01-14 14:16:32,787 - INFO - Batch #81, last_id=70215
2026-01-14 14:16:33,306 - INFO - checked=40500, 404=6, deleted=0, deactivated=0, speed=587.2/s
2026-01-14 14:16:33,306 - INFO - Batch #82, last_id=70734
2026-01-14 14:16:33,773 - INFO - checked=41000, 404=6, deleted=0, deactivated=0, speed=590.5/s
2026-01-14 14:16:33,773 - INFO - Batch #83, last_id=71257
2026-01-14 14:16:34,196 - INFO - checked=41500, 404=6, deleted=0, deactivated=0, speed=594.0/s
2026-01-14 14:16:34,197 - INFO - Batch #84, last_id=71772
2026-01-14 14:16:35,435 - INFO - checked=42000, 404=6, deleted=0, deactivated=0, speed=590.7/s
2026-01-14 14:16:35,436 - INFO - Batch #85, last_id=72294
2026-01-14 14:16:35,931 - INFO - checked=42500, 404=6, deleted=0, deactivated=0, speed=593.6/s
2026-01-14 14:16:35,931 - INFO - Batch #86, last_id=72803
2026-01-14 14:16:36,522 - INFO - checked=43000, 404=6, deleted=0, deactivated=0, speed=595.7/s
2026-01-14 14:16:36,522 - INFO - Batch #87, last_id=73315
2026-01-14 14:16:38,583 - INFO - checked=43500, 404=6, deleted=0, deactivated=0, speed=585.9/s
2026-01-14 14:16:38,584 - INFO - Batch #88, last_id=73832
2026-01-14 14:16:39,034 - INFO - checked=44000, 404=6, deleted=0, deactivated=0, speed=589.0/s
2026-01-14 14:16:39,035 - INFO - Batch #89, last_id=74336
2026-01-14 14:16:39,481 - INFO - checked=44500, 404=6, deleted=0, deactivated=0, speed=592.2/s
2026-01-14 14:16:39,481 - INFO - Batch #90, last_id=74852
2026-01-14 14:16:40,251 - INFO - checked=45000, 404=6, deleted=0, deactivated=0, speed=592.8/s
2026-01-14 14:16:40,251 - INFO - Batch #91, last_id=75356
2026-01-14 14:16:40,633 - INFO - checked=45500, 404=6, deleted=0, deactivated=0, speed=596.4/s
2026-01-14 14:16:40,633 - INFO - Batch #92, last_id=75866
2026-01-14 14:16:41,016 - INFO - checked=46000, 404=6, deleted=0, deactivated=0, speed=599.9/s
2026-01-14 14:16:41,017 - INFO - Batch #93, last_id=76372
2026-01-14 14:16:41,389 - INFO - checked=46500, 404=6, deleted=0, deactivated=0, speed=603.5/s
2026-01-14 14:16:41,389 - INFO - Batch #94, last_id=76882
2026-01-14 14:16:41,789 - INFO - checked=47000, 404=6, deleted=0, deactivated=0, speed=606.8/s
2026-01-14 14:16:41,789 - INFO - Batch #95, last_id=77391
2026-01-14 14:16:42,365 - INFO - checked=47500, 404=6, deleted=0, deactivated=0, speed=608.8/s
2026-01-14 14:16:42,365 - INFO - Batch #96, last_id=77907
2026-01-14 14:16:42,824 - INFO - checked=48000, 404=6, deleted=0, deactivated=0, speed=611.6/s
2026-01-14 14:16:42,825 - INFO - Batch #97, last_id=78416
2026-01-14 14:16:43,298 - INFO - checked=48500, 404=6, deleted=0, deactivated=0, speed=614.2/s
2026-01-14 14:16:43,298 - INFO - Batch #98, last_id=78928
2026-01-14 14:16:43,724 - INFO - checked=49000, 404=6, deleted=0, deactivated=0, speed=617.2/s
2026-01-14 14:16:43,724 - INFO - Batch #99, last_id=79446
2026-01-14 14:16:47,127 - INFO - checked=49500, 404=6, deleted=0, deactivated=0, speed=597.9/s
2026-01-14 14:16:47,128 - INFO - Batch #100, last_id=79957
2026-01-14 14:16:48,592 - INFO - checked=50000, 404=6, deleted=0, deactivated=0, speed=593.4/s
2026-01-14 14:16:48,592 - INFO - Batch #101, last_id=80468
2026-01-14 14:16:49,005 - INFO - checked=50500, 404=6, deleted=0, deactivated=0, speed=596.4/s
2026-01-14 14:16:49,005 - INFO - Batch #102, last_id=80974
2026-01-14 14:16:49,367 - INFO - checked=51000, 404=6, deleted=0, deactivated=0, speed=599.8/s
2026-01-14 14:16:49,367 - INFO - Batch #103, last_id=81480
2026-01-14 14:16:49,767 - INFO - checked=51500, 404=6, deleted=0, deactivated=0, speed=602.8/s
2026-01-14 14:16:49,767 - INFO - Batch #104, last_id=81997
2026-01-14 14:16:50,265 - INFO - checked=52000, 404=6, deleted=0, deactivated=0, speed=605.2/s
2026-01-14 14:16:50,265 - INFO - Batch #105, last_id=82507
2026-01-14 14:16:50,807 - INFO - checked=52500, 404=6, deleted=0, deactivated=0, speed=607.1/s
2026-01-14 14:16:50,807 - INFO - Batch #106, last_id=83017
