2026-01-14 12:05:30,344 - INFO - Processing batch #1, last_id=0
2026-01-14 12:05:30,599 - INFO - Fetched 1000 rows from database
2026-01-14 12:05:31,252 - WARNING - 404 found: https://bryansk.cian.ru/sale/flat/319010357/
2026-01-14 12:05:32,305 - INFO - Batch #1 completed: checked=1000, 404_found=1, exceptions=0, total_checked=1000, total_404=1, avg_speed=509.7 records/sec
2026-01-14 12:05:32,305 - INFO - Processing batch #2, last_id=29663
2026-01-14 12:05:32,314 - INFO - Fetched 1000 rows from database
2026-01-14 12:05:32,403 - WARNING - 404 found: https://bryansk.cian.ru/sale/flat/323410055/
2026-01-14 12:05:33,803 - INFO - Batch #2 completed: checked=1000, 404_found=1, exceptions=0, total_checked=2000, total_404=2, avg_speed=578.1 records/sec
2026-01-14 12:05:33,804 - INFO - Processing batch #3, last_id=30674
2026-01-14 12:05:33,811 - INFO - Fetched 1000 rows from database
2026-01-14 12:05:33,835 - WARNING - 404 found: https://bryansk.cian.ru/sale/flat/321710445/
2026-01-14 12:05:34,033 - WARNING - 404 found: https://bryansk.cian.ru/sale/flat/322768014/
2026-01-14 12:05:34,056 - WARNING - 404 found: https://bryansk.cian.ru/sale/flat/323006096/
2026-01-14 12:05:34,136 - WARNING - 404 found: https://bryansk.cian.ru/sale/flat/320766961/
2026-01-14 12:05:34,156 - WARNING - 404 found: https://bryansk.cian.ru/sale/flat/312088008/
2026-01-14 12:05:34,157 - WARNING - 404 found: https://bryansk.cian.ru/sale/flat/312087865/
2026-01-14 12:05:34,369 - WARNING - 404 found: https://bryansk.cian.ru/sale/flat/316924052/
2026-01-14 12:05:34,976 - INFO - Batch #3 completed: checked=1000, 404_found=7, exceptions=0, total_checked=3000, total_404=9, avg_speed=647.6 records/sec
2026-01-14 12:05:34,976 - INFO - Processing batch #4, last_id=31678
2026-01-14 12:05:34,983 - INFO - Fetched 1000 rows from database
2026-01-14 12:05:35,024 - WARNING - 404 found: https://bryansk.cian.ru/sale/flat/320734767/
2026-01-14 12:05:35,025 - WARNING - 404 found: https://bryansk.cian.ru/sale/flat/316269771/
2026-01-14 12:05:35,029 - WARNING - 404 found: https://bryansk.cian.ru/sale/flat/312086917/
2026-01-14 12:05:35,051 - WARNING - 404 found: https://bryansk.cian.ru/sale/flat/293691034/
2026-01-14 12:05:35,064 - WARNING - 404 found: https://bryansk.cian.ru/sale/flat/312087200/
2026-01-14 12:05:35,086 - WARNING - 404 found: https://bryansk.cian.ru/sale/flat/320777515/
2026-01-14 12:05:35,089 - WARNING - 404 found: https://bryansk.cian.ru/sale/flat/312086937/
2026-01-14 12:05:35,116 - WARNING - 404 found: https://bryansk.cian.ru/sale/flat/319193567/
2026-01-14 12:05:35,128 - WARNING - 404 found: https://bryansk.cian.ru/sale/flat/322849919/
2026-01-14 12:05:35,147 - WARNING - 404 found: https://bryansk.cian.ru/sale/flat/316924102/
2026-01-14 12:05:35,191 - WARNING - 404 found: https://bryansk.cian.ru/sale/flat/317916039/
2026-01-14 12:05:35,216 - WARNING - 404 found: https://bryansk.cian.ru/sale/flat/322849917/
2026-01-14 12:05:35,447 - WARNING - 404 found: https://bryansk.cian.ru/sale/flat/313226572/
2026-01-14 12:05:35,626 - INFO - Batch #4 completed: checked=1000, 404_found=13, exceptions=0, total_checked=4000, total_404=22, avg_speed=757.1 records/sec
2026-01-14 12:05:35,626 - INFO - Processing batch #5, last_id=32678
2026-01-14 12:05:35,633 - INFO - Fetched 1000 rows from database
2026-01-14 12:05:36,105 - WARNING - 404 found: https://www.cian.ru/sale/flat/323118919/
2026-01-14 12:05:36,202 - INFO - Batch #5 completed: checked=1000, 404_found=1, exceptions=0, total_checked=5000, total_404=23, avg_speed=853.4 records/sec
2026-01-14 12:05:36,202 - INFO - Processing batch #6, last_id=33694
2026-01-14 12:05:36,210 - INFO - Fetched 1000 rows from database
2026-01-14 12:05:36,231 - WARNING - 404 found: https://www.cian.ru/sale/flat/322570286/
2026-01-14 12:05:36,274 - WARNING - 404 found: https://www.cian.ru/sale/flat/321853704/
2026-01-14 12:05:36,276 - WARNING - 404 found: https://www.cian.ru/sale/flat/321774752/
2026-01-14 12:05:36,289 - WARNING - 404 found: https://www.cian.ru/sale/flat/320549682/
2026-01-14 12:05:36,300 - WARNING - 404 found: https://www.cian.ru/sale/flat/320019143/
2026-01-14 12:05:36,387 - WARNING - 404 found: https://www.cian.ru/sale/flat/323416538/
2026-01-14 12:05:36,406 - WARNING - 404 found: https://www.cian.ru/sale/flat/323311781/
2026-01-14 12:05:36,464 - WARNING - 404 found: https://www.cian.ru/sale/flat/323018326/
2026-01-14 12:05:36,482 - WARNING - 404 found: https://www.cian.ru/sale/flat/323391123/
2026-01-14 12:05:36,637 - WARNING - 404 found: https://www.cian.ru/sale/flat/321885254/
2026-01-14 12:05:36,646 - WARNING - 404 found: https://www.cian.ru/sale/flat/322140412/
2026-01-14 12:05:36,672 - WARNING - 404 found: https://www.cian.ru/sale/flat/320631216/
2026-01-14 12:05:36,673 - WARNING - 404 found: https://www.cian.ru/sale/flat/320779776/
2026-01-14 12:05:36,730 - INFO - Batch #6 completed: checked=1000, 404_found=13, exceptions=0, total_checked=6000, total_404=36, avg_speed=939.5 records/sec
2026-01-14 12:05:36,730 - INFO - Processing batch #7, last_id=34748
2026-01-14 12:05:36,738 - INFO - Fetched 1000 rows from database
2026-01-14 12:05:36,754 - WARNING - 404 found: https://www.cian.ru/sale/flat/320261805/
2026-01-14 12:05:36,774 - WARNING - 404 found: https://www.cian.ru/sale/flat/319392918/
2026-01-14 12:05:36,813 - WARNING - 404 found: https://www.cian.ru/sale/flat/315414861/
2026-01-14 12:05:36,818 - WARNING - 404 found: https://www.cian.ru/sale/flat/317212907/
2026-01-14 12:05:36,820 - WARNING - 404 found: https://www.cian.ru/sale/flat/314798951/
2026-01-14 12:05:36,826 - WARNING - 404 found: https://www.cian.ru/sale/flat/316647908/
2026-01-14 12:05:36,830 - WARNING - 404 found: https://www.cian.ru/sale/flat/312255321/
2026-01-14 12:05:36,849 - WARNING - 404 found: https://www.cian.ru/sale/flat/313599231/
2026-01-14 12:05:36,929 - WARNING - 404 found: https://www.cian.ru/sale/flat/323203512/
2026-01-14 12:05:36,933 - WARNING - 404 found: https://www.cian.ru/sale/flat/323167904/
2026-01-14 12:05:36,988 - WARNING - 404 found: https://www.cian.ru/sale/flat/322842366/
2026-01-14 12:05:37,007 - WARNING - 404 found: https://www.cian.ru/sale/flat/322704958/
2026-01-14 12:05:37,018 - WARNING - 404 found: https://www.cian.ru/sale/flat/322727415/
2026-01-14 12:05:37,036 - WARNING - 404 found: https://www.cian.ru/sale/flat/322554559/
2026-01-14 12:05:37,069 - WARNING - 404 found: https://www.cian.ru/sale/flat/322090527/
2026-01-14 12:05:37,072 - WARNING - 404 found: https://www.cian.ru/sale/flat/322791416/
2026-01-14 12:05:37,076 - WARNING - 404 found: https://www.cian.ru/sale/flat/322040718/
2026-01-14 12:05:37,109 - WARNING - 404 found: https://www.cian.ru/sale/flat/321387098/
2026-01-14 12:05:37,130 - WARNING - 404 found: https://www.cian.ru/sale/flat/320623004/
2026-01-14 12:05:37,165 - WARNING - 404 found: https://www.cian.ru/sale/flat/318570280/
2026-01-14 12:05:37,183 - WARNING - 404 found: https://www.cian.ru/sale/flat/318557253/
2026-01-14 12:05:37,283 - INFO - Batch #7 completed: checked=1000, 404_found=21, exceptions=0, total_checked=7000, total_404=57, avg_speed=1008.7 records/sec
2026-01-14 12:05:37,283 - INFO - Processing batch #8, last_id=35794
2026-01-14 12:05:37,291 - INFO - Fetched 1000 rows from database
2026-01-14 12:05:37,345 - WARNING - 404 found: https://www.cian.ru/sale/flat/323244466/
2026-01-14 12:05:37,392 - WARNING - 404 found: https://www.cian.ru/sale/flat/322860008/
2026-01-14 12:05:37,446 - WARNING - 404 found: https://www.cian.ru/sale/flat/322164302/
2026-01-14 12:05:37,452 - WARNING - 404 found: https://www.cian.ru/sale/flat/322409485/
2026-01-14 12:05:37,457 - WARNING - 404 found: https://www.cian.ru/sale/flat/322068201/
2026-01-14 12:05:37,467 - WARNING - 404 found: https://www.cian.ru/sale/flat/321951854/
2026-01-14 12:05:37,481 - WARNING - 404 found: https://www.cian.ru/sale/flat/321749677/
2026-01-14 12:05:37,489 - WARNING - 404 found: https://www.cian.ru/sale/flat/321581170/
2026-01-14 12:05:37,559 - WARNING - 404 found: https://www.cian.ru/sale/flat/318184180/
2026-01-14 12:05:37,602 - WARNING - 404 found: https://www.cian.ru/sale/flat/323577816/
2026-01-14 12:05:37,636 - WARNING - 404 found: https://www.cian.ru/sale/flat/323364921/
2026-01-14 12:05:37,639 - WARNING - 404 found: https://www.cian.ru/sale/flat/297089589/
2026-01-14 12:05:37,666 - WARNING - 404 found: https://www.cian.ru/sale/flat/323255837/
2026-01-14 12:05:37,838 - INFO - Batch #8 completed: checked=1000, 404_found=13, exceptions=0, total_checked=8000, total_404=70, avg_speed=1067.4 records/sec
2026-01-14 12:05:37,838 - INFO - Processing batch #9, last_id=36828
2026-01-14 12:05:37,846 - INFO - Fetched 1000 rows from database
2026-01-14 12:05:37,865 - WARNING - 404 found: https://www.cian.ru/sale/flat/322394770/
2026-01-14 12:05:37,913 - WARNING - 404 found: https://www.cian.ru/sale/flat/321612490/
2026-01-14 12:05:37,973 - WARNING - 404 found: https://www.cian.ru/sale/flat/319122130/
2026-01-14 12:05:37,981 - WARNING - 404 found: https://www.cian.ru/sale/flat/315415983/
2026-01-14 12:05:38,035 - WARNING - 404 found: https://www.cian.ru/sale/flat/323380903/
2026-01-14 12:05:38,038 - WARNING - 404 found: https://www.cian.ru/sale/flat/323364915/
2026-01-14 12:05:38,058 - WARNING - 404 found: https://www.cian.ru/sale/flat/323196664/
2026-01-14 12:05:38,072 - WARNING - 404 found: https://www.cian.ru/sale/flat/323177692/
2026-01-14 12:05:38,127 - WARNING - 404 found: https://www.cian.ru/sale/flat/322130839/
2026-01-14 12:05:38,152 - WARNING - 404 found: https://www.cian.ru/sale/flat/321374670/
2026-01-14 12:05:38,162 - WARNING - 404 found: https://www.cian.ru/sale/flat/320912862/
2026-01-14 12:05:38,164 - WARNING - 404 found: https://www.cian.ru/sale/flat/321685526/
2026-01-14 12:05:38,192 - WARNING - 404 found: https://www.cian.ru/sale/flat/320388904/
2026-01-14 12:05:38,241 - WARNING - 404 found: https://www.cian.ru/sale/flat/311492123/
2026-01-14 12:05:38,248 - WARNING - 404 found: https://www.cian.ru/sale/flat/323572705/
2026-01-14 12:05:38,259 - WARNING - 404 found: https://www.cian.ru/sale/flat/323462367/
2026-01-14 12:05:38,501 - INFO - Batch #9 completed: checked=1000, 404_found=16, exceptions=0, total_checked=9000, total_404=86, avg_speed=1103.2 records/sec
2026-01-14 12:05:38,502 - INFO - Processing batch #10, last_id=37865
2026-01-14 12:05:38,510 - INFO - Fetched 1000 rows from database
2026-01-14 12:05:38,551 - WARNING - 404 found: https://www.cian.ru/sale/flat/322626037/
2026-01-14 12:05:38,593 - WARNING - 404 found: https://www.cian.ru/sale/flat/321185858/
2026-01-14 12:05:38,653 - WARNING - 404 found: https://www.cian.ru/sale/flat/307628224/
2026-01-14 12:05:38,695 - WARNING - 404 found: https://www.cian.ru/sale/flat/323364907/
2026-01-14 12:05:38,785 - WARNING - 404 found: https://www.cian.ru/sale/flat/322346668/
2026-01-14 12:05:38,822 - WARNING - 404 found: https://www.cian.ru/sale/flat/321791810/
2026-01-14 12:05:38,828 - WARNING - 404 found: https://www.cian.ru/sale/flat/320948932/
2026-01-14 12:05:38,837 - WARNING - 404 found: https://www.cian.ru/sale/flat/320560450/
2026-01-14 12:05:38,842 - WARNING - 404 found: https://www.cian.ru/sale/flat/320159740/
2026-01-14 12:05:38,958 - WARNING - 404 found: https://www.cian.ru/sale/flat/323282695/
2026-01-14 12:05:39,089 - INFO - Batch #10 completed: checked=1000, 404_found=10, exceptions=0, total_checked=10000, total_404=96, avg_speed=1143.3 records/sec
2026-01-14 12:05:39,090 - INFO - Processing batch #11, last_id=38905
2026-01-14 12:05:39,097 - INFO - Fetched 1000 rows from database
2026-01-14 12:05:39,113 - WARNING - 404 found: https://www.cian.ru/sale/flat/322928130/
2026-01-14 12:05:39,122 - WARNING - 404 found: https://www.cian.ru/sale/flat/322794801/
2026-01-14 12:05:39,146 - WARNING - 404 found: https://www.cian.ru/sale/flat/322648229/
2026-01-14 12:05:39,180 - WARNING - 404 found: https://www.cian.ru/sale/flat/321474366/
2026-01-14 12:05:39,196 - WARNING - 404 found: https://www.cian.ru/sale/flat/321107480/
2026-01-14 12:05:39,253 - WARNING - 404 found: https://www.cian.ru/sale/flat/305931249/
2026-01-14 12:05:39,268 - WARNING - 404 found: https://www.cian.ru/sale/flat/323481399/
2026-01-14 12:05:39,290 - WARNING - 404 found: https://www.cian.ru/sale/flat/323230010/
2026-01-14 12:05:39,290 - WARNING - 404 found: https://www.cian.ru/sale/flat/323237125/
2026-01-14 12:05:39,310 - WARNING - 404 found: https://www.cian.ru/sale/flat/323026689/
2026-01-14 12:05:39,343 - WARNING - 404 found: https://www.cian.ru/sale/flat/322276382/
2026-01-14 12:05:39,347 - WARNING - 404 found: https://www.cian.ru/sale/flat/321855455/
2026-01-14 12:05:39,355 - WARNING - 404 found: https://www.cian.ru/sale/flat/321950275/
2026-01-14 12:05:39,413 - WARNING - 404 found: https://www.cian.ru/sale/flat/323514009/
2026-01-14 12:05:39,420 - WARNING - 404 found: https://www.cian.ru/sale/flat/323481425/
2026-01-14 12:05:39,515 - WARNING - 404 found: https://www.cian.ru/sale/flat/320984824/
2026-01-14 12:05:39,527 - WARNING - 404 found: https://www.cian.ru/sale/flat/320595292/
2026-01-14 12:05:39,537 - WARNING - 404 found: https://www.cian.ru/sale/flat/319124829/
2026-01-14 12:05:39,645 - INFO - Batch #11 completed: checked=1000, 404_found=18, exceptions=0, total_checked=11000, total_404=114, avg_speed=1182.5 records/sec
2026-01-14 12:05:39,646 - INFO - Processing batch #12, last_id=39941
2026-01-14 12:05:39,655 - INFO - Fetched 1000 rows from database
2026-01-14 12:05:39,688 - WARNING - 404 found: https://www.cian.ru/sale/flat/323481439/
2026-01-14 12:05:39,705 - WARNING - 404 found: https://www.cian.ru/sale/flat/323326824/
2026-01-14 12:05:39,738 - WARNING - 404 found: https://www.cian.ru/sale/flat/323229070/
2026-01-14 12:05:39,740 - WARNING - 404 found: https://www.cian.ru/sale/flat/322614937/
2026-01-14 12:05:39,746 - WARNING - 404 found: https://www.cian.ru/sale/flat/322538723/
2026-01-14 12:05:39,906 - WARNING - 404 found: https://www.cian.ru/sale/flat/323307094/
2026-01-14 12:05:40,017 - WARNING - 404 found: https://www.cian.ru/sale/flat/321669716/
2026-01-14 12:05:40,068 - WARNING - 404 found: https://www.cian.ru/sale/flat/323656712/
2026-01-14 12:05:40,083 - WARNING - 404 found: https://www.cian.ru/sale/flat/323138872/
2026-01-14 12:05:40,088 - WARNING - 404 found: https://www.cian.ru/sale/flat/322934715/
2026-01-14 12:05:40,098 - WARNING - 404 found: https://www.cian.ru/sale/flat/322558349/
2026-01-14 12:05:40,396 - INFO - Batch #12 completed: checked=1000, 404_found=11, exceptions=0, total_checked=12000, total_404=125, avg_speed=1193.7 records/sec
2026-01-14 12:05:40,396 - INFO - Processing batch #13, last_id=40979
2026-01-14 12:05:40,405 - INFO - Fetched 1000 rows from database
2026-01-14 12:05:40,437 - WARNING - 404 found: https://www.cian.ru/sale/flat/323430270/
2026-01-14 12:05:40,455 - WARNING - 404 found: https://www.cian.ru/sale/flat/322860012/
2026-01-14 12:05:40,494 - WARNING - 404 found: https://www.cian.ru/sale/flat/319448128/
2026-01-14 12:05:40,515 - WARNING - 404 found: https://www.cian.ru/sale/flat/323439463/
2026-01-14 12:05:40,549 - WARNING - 404 found: https://www.cian.ru/sale/flat/322148579/
2026-01-14 12:05:40,561 - WARNING - 404 found: https://www.cian.ru/sale/flat/322045037/
2026-01-14 12:05:40,584 - WARNING - 404 found: https://www.cian.ru/sale/flat/323055598/
2026-01-14 12:05:40,586 - WARNING - 404 found: https://www.cian.ru/sale/flat/322854542/
2026-01-14 12:05:40,595 - WARNING - 404 found: https://www.cian.ru/sale/flat/323354881/
2026-01-14 12:05:40,602 - WARNING - 404 found: https://www.cian.ru/sale/flat/322269211/
2026-01-14 12:05:40,759 - WARNING - 404 found: https://www.cian.ru/sale/flat/323460013/
2026-01-14 12:05:40,828 - WARNING - 404 found: https://www.cian.ru/sale/flat/315099761/
2026-01-14 12:05:40,979 - INFO - Batch #13 completed: checked=1000, 404_found=12, exceptions=0, total_checked=13000, total_404=137, avg_speed=1222.2 records/sec
2026-01-14 12:05:40,980 - INFO - Processing batch #14, last_id=42040
2026-01-14 12:05:40,990 - INFO - Fetched 1000 rows from database
2026-01-14 12:05:41,109 - WARNING - 404 found: https://www.cian.ru/sale/flat/323464418/
2026-01-14 12:05:41,147 - WARNING - 404 found: https://www.cian.ru/sale/flat/323255850/
2026-01-14 12:05:41,210 - WARNING - 404 found: https://www.cian.ru/sale/flat/322733448/
2026-01-14 12:05:41,223 - WARNING - 404 found: https://www.cian.ru/sale/flat/322617848/
2026-01-14 12:05:41,252 - WARNING - 404 found: https://www.cian.ru/sale/flat/322208537/
2026-01-14 12:05:41,257 - WARNING - 404 found: https://www.cian.ru/sale/flat/322248355/
2026-01-14 12:05:41,304 - WARNING - 404 found: https://www.cian.ru/sale/flat/321026019/
2026-01-14 12:05:41,338 - WARNING - 404 found: https://www.cian.ru/sale/flat/319669926/
2026-01-14 12:05:41,372 - WARNING - 404 found: https://www.cian.ru/sale/flat/318684322/
2026-01-14 12:05:41,384 - WARNING - 404 found: https://www.cian.ru/sale/flat/313919669/
2026-01-14 12:05:41,402 - WARNING - 404 found: https://www.cian.ru/sale/flat/308425560/
2026-01-14 12:05:41,405 - WARNING - 404 found: https://www.cian.ru/sale/flat/313751978/
2026-01-14 12:05:41,456 - INFO - Batch #14 completed: checked=1000, 404_found=12, exceptions=0, total_checked=14000, total_404=149, avg_speed=1259.8 records/sec
2026-01-14 12:05:41,456 - INFO - Processing batch #15, last_id=43101
2026-01-14 12:05:41,463 - INFO - Fetched 1000 rows from database
2026-01-14 12:05:41,516 - WARNING - 404 found: https://www.cian.ru/sale/flat/323521230/
2026-01-14 12:05:41,541 - WARNING - 404 found: https://www.cian.ru/sale/flat/323433999/
2026-01-14 12:05:41,542 - WARNING - 404 found: https://www.cian.ru/sale/flat/323639793/
2026-01-14 12:05:41,566 - WARNING - 404 found: https://www.cian.ru/sale/flat/323326830/
2026-01-14 12:05:41,570 - WARNING - 404 found: https://www.cian.ru/sale/flat/323326853/
2026-01-14 12:05:41,603 - WARNING - 404 found: https://www.cian.ru/sale/flat/323201642/
2026-01-14 12:05:41,624 - WARNING - 404 found: https://www.cian.ru/sale/flat/323133506/
2026-01-14 12:05:41,625 - WARNING - 404 found: https://www.cian.ru/sale/flat/323186023/
2026-01-14 12:05:41,630 - WARNING - 404 found: https://www.cian.ru/sale/flat/323123467/
2026-01-14 12:05:41,631 - WARNING - 404 found: https://www.cian.ru/sale/flat/323169728/
2026-01-14 12:05:41,636 - WARNING - 404 found: https://www.cian.ru/sale/flat/323121816/
2026-01-14 12:05:41,641 - WARNING - 404 found: https://www.cian.ru/sale/flat/323083017/
2026-01-14 12:05:41,667 - WARNING - 404 found: https://www.cian.ru/sale/flat/323036803/
2026-01-14 12:05:41,705 - WARNING - 404 found: https://www.cian.ru/sale/flat/322787562/
2026-01-14 12:05:41,728 - WARNING - 404 found: https://www.cian.ru/sale/flat/322837845/
2026-01-14 12:05:41,739 - WARNING - 404 found: https://www.cian.ru/sale/flat/322680441/
2026-01-14 12:05:41,746 - WARNING - 404 found: https://www.cian.ru/sale/flat/322734030/
2026-01-14 12:05:41,752 - WARNING - 404 found: https://www.cian.ru/sale/flat/322602034/
2026-01-14 12:05:41,785 - WARNING - 404 found: https://www.cian.ru/sale/flat/322417510/
2026-01-14 12:05:41,791 - WARNING - 404 found: https://www.cian.ru/sale/flat/322537064/
2026-01-14 12:05:41,837 - WARNING - 404 found: https://www.cian.ru/sale/flat/321743198/
2026-01-14 12:05:41,878 - WARNING - 404 found: https://www.cian.ru/sale/flat/321418150/
2026-01-14 12:05:41,897 - WARNING - 404 found: https://www.cian.ru/sale/flat/321054654/
2026-01-14 12:05:41,952 - INFO - Batch #15 completed: checked=1000, 404_found=23, exceptions=0, total_checked=15000, total_404=172, avg_speed=1292.1 records/sec
2026-01-14 12:05:41,952 - INFO - Processing batch #16, last_id=44150
2026-01-14 12:05:41,961 - INFO - Fetched 1000 rows from database
2026-01-14 12:05:41,991 - WARNING - 404 found: https://mytishchi.cian.ru/sale/flat/323551357/
2026-01-14 12:05:41,995 - WARNING - 404 found: https://chekhov.cian.ru/sale/flat/323540030/
2026-01-14 12:05:42,010 - WARNING - 404 found: https://korolev.cian.ru/sale/flat/323577417/
2026-01-14 12:05:42,040 - WARNING - 404 found: https://klin.cian.ru/sale/flat/323281522/
2026-01-14 12:05:42,048 - WARNING - 404 found: https://ramenskoye.cian.ru/sale/flat/323277172/
2026-01-14 12:05:42,089 - WARNING - 404 found: https://voskresensk.cian.ru/sale/flat/323148595/
2026-01-14 12:05:42,094 - WARNING - 404 found: https://www.cian.ru/sale/flat/323011663/
2026-01-14 12:05:42,112 - WARNING - 404 found: https://klin.cian.ru/sale/flat/322895442/
2026-01-14 12:05:42,123 - WARNING - 404 found: https://odintsovo.cian.ru/sale/flat/322853994/
2026-01-14 12:05:42,144 - WARNING - 404 found: https://krasnogorsk.cian.ru/sale/flat/322755657/
2026-01-14 12:05:42,145 - WARNING - 404 found: https://www.cian.ru/sale/flat/322730511/
2026-01-14 12:05:42,190 - WARNING - 404 found: https://krasnogorsk.cian.ru/sale/flat/322351870/
2026-01-14 12:05:42,227 - WARNING - 404 found: https://ozery.cian.ru/sale/flat/321968978/
2026-01-14 12:05:42,229 - WARNING - 404 found: https://odintsovo.cian.ru/sale/flat/321924802/
2026-01-14 12:05:42,245 - WARNING - 404 found: https://sergiyev-posad.cian.ru/sale/flat/321810128/
2026-01-14 12:05:42,270 - WARNING - 404 found: https://korolev.cian.ru/sale/flat/321669521/
2026-01-14 12:05:42,387 - WARNING - 404 found: https://odintsovo.cian.ru/sale/flat/319684669/
2026-01-14 12:05:42,391 - WARNING - 404 found: https://korolev.cian.ru/sale/flat/319367245/
2026-01-14 12:05:42,394 - WARNING - 404 found: https://pushkino.cian.ru/sale/flat/318584786/
2026-01-14 12:05:42,465 - INFO - Batch #16 completed: checked=1000, 404_found=19, exceptions=0, total_checked=16000, total_404=191, avg_speed=1319.9 records/sec
2026-01-14 12:05:42,465 - INFO - Processing batch #17, last_id=45188
2026-01-14 12:05:42,474 - INFO - Fetched 1000 rows from database
2026-01-14 12:05:42,506 - WARNING - 404 found: https://vidnoye.cian.ru/sale/flat/313850032/
2026-01-14 12:05:42,585 - WARNING - 404 found: https://vidnoye.cian.ru/sale/flat/323682561/
2026-01-14 12:05:42,614 - WARNING - 404 found: https://orekhovo-zuyevo.cian.ru/sale/flat/323540612/
2026-01-14 12:05:42,615 - WARNING - 404 found: https://klin.cian.ru/sale/flat/323556728/
2026-01-14 12:05:42,622 - WARNING - 404 found: https://klin.cian.ru/sale/flat/323473630/
2026-01-14 12:05:42,630 - WARNING - 404 found: https://mytishchi.cian.ru/sale/flat/323476968/
2026-01-14 12:05:42,639 - WARNING - 404 found: https://klin.cian.ru/sale/flat/323388319/
2026-01-14 12:05:42,650 - WARNING - 404 found: https://balashikha.cian.ru/sale/flat/323379922/
2026-01-14 12:05:42,709 - WARNING - 404 found: https://odintsovo.cian.ru/sale/flat/323014221/
2026-01-14 12:05:42,719 - WARNING - 404 found: https://ramenskoye.cian.ru/sale/flat/322932385/
2026-01-14 12:05:42,768 - WARNING - 404 found: https://vidnoye.cian.ru/sale/flat/322735004/
2026-01-14 12:05:42,775 - WARNING - 404 found: https://ramenskoye.cian.ru/sale/flat/322574914/
2026-01-14 12:05:43,056 - INFO - Batch #17 completed: checked=1000, 404_found=12, exceptions=0, total_checked=17000, total_404=203, avg_speed=1337.3 records/sec
2026-01-14 12:05:43,056 - INFO - Processing batch #18, last_id=46217
2026-01-14 12:05:43,065 - INFO - Fetched 1000 rows from database
2026-01-14 12:05:43,079 - WARNING - 404 found: https://fryazino.cian.ru/sale/flat/320867435/
2026-01-14 12:05:43,112 - WARNING - 404 found: https://balashikha.cian.ru/sale/flat/320426043/
2026-01-14 12:05:43,166 - WARNING - 404 found: https://ivanteyevka.cian.ru/sale/flat/318797695/
2026-01-14 12:05:43,213 - WARNING - 404 found: https://pavlovsky-posad.cian.ru/sale/flat/315688885/
2026-01-14 12:05:43,253 - WARNING - 404 found: https://yegoryevsk.cian.ru/sale/flat/313179440/
2026-01-14 12:05:43,291 - WARNING - 404 found: https://zvenigorod.cian.ru/sale/flat/315765740/
2026-01-14 12:05:43,329 - WARNING - 404 found: https://vidnoye.cian.ru/sale/flat/323653721/
2026-01-14 12:05:43,332 - WARNING - 404 found: https://shchyolkovo.cian.ru/sale/flat/323616620/
2026-01-14 12:05:43,343 - WARNING - 404 found: https://balashikha.cian.ru/sale/flat/323656458/
2026-01-14 12:05:43,375 - WARNING - 404 found: https://klin.cian.ru/sale/flat/323388321/
2026-01-14 12:05:43,383 - WARNING - 404 found: https://golitsyno.cian.ru/sale/flat/323391335/
2026-01-14 12:05:43,477 - WARNING - 404 found: https://mytishchi.cian.ru/sale/flat/322804802/
2026-01-14 12:05:43,478 - WARNING - 404 found: https://lyubertsy.cian.ru/sale/flat/322748019/
2026-01-14 12:05:43,558 - INFO - Batch #18 completed: checked=1000, 404_found=13, exceptions=0, total_checked=18000, total_404=216, avg_speed=1362.1 records/sec
2026-01-14 12:05:43,558 - INFO - Processing batch #19, last_id=47239
2026-01-14 12:05:43,623 - INFO - Fetched 1000 rows from database
2026-01-14 12:05:43,644 - WARNING - 404 found: https://zvenigorod.cian.ru/sale/flat/322636357/
2026-01-14 12:05:43,656 - WARNING - 404 found: https://korolev.cian.ru/sale/flat/322352197/
2026-01-14 12:05:43,670 - WARNING - 404 found: https://vidnoye.cian.ru/sale/flat/322411208/
2026-01-14 12:05:43,727 - WARNING - 404 found: https://sergiyev-posad.cian.ru/sale/flat/321837186/
2026-01-14 12:05:43,729 - WARNING - 404 found: https://noginsk.cian.ru/sale/flat/321469489/
2026-01-14 12:05:43,836 - WARNING - 404 found: https://vidnoye.cian.ru/sale/flat/318438900/
2026-01-14 12:05:43,846 - WARNING - 404 found: https://dmitrov.cian.ru/sale/flat/317473484/
2026-01-14 12:05:43,866 - WARNING - 404 found: https://www.cian.ru/sale/flat/315854078/
2026-01-14 12:05:43,881 - WARNING - 404 found: https://sergiyev-posad.cian.ru/sale/flat/317859667/
2026-01-14 12:05:43,939 - WARNING - 404 found: https://balashikha.cian.ru/sale/flat/305217594/
2026-01-14 12:05:43,943 - WARNING - 404 found: https://shchyolkovo.cian.ru/sale/flat/304424157/
2026-01-14 12:05:44,016 - WARNING - 404 found: https://vidnoye.cian.ru/sale/flat/323505241/
2026-01-14 12:05:44,018 - WARNING - 404 found: https://ramenskoye.cian.ru/sale/flat/323505871/
2026-01-14 12:05:44,042 - WARNING - 404 found: https://khimki.cian.ru/sale/flat/323311371/
2026-01-14 12:05:44,101 - INFO - Batch #19 completed: checked=1000, 404_found=14, exceptions=0, total_checked=19000, total_404=230, avg_speed=1381.0 records/sec
2026-01-14 12:05:44,101 - INFO - Processing batch #20, last_id=48264
2026-01-14 12:05:44,151 - INFO - Fetched 1000 rows from database
2026-01-14 12:05:44,196 - WARNING - 404 found: https://vidnoye.cian.ru/sale/flat/323119194/
2026-01-14 12:05:44,197 - WARNING - 404 found: https://odintsovo.cian.ru/sale/flat/323050605/
2026-01-14 12:05:44,243 - WARNING - 404 found: https://vidnoye.cian.ru/sale/flat/322691268/
2026-01-14 12:05:44,269 - WARNING - 404 found: https://zvenigorod.cian.ru/sale/flat/322476755/
2026-01-14 12:05:44,318 - WARNING - 404 found: https://voskresensk.cian.ru/sale/flat/322037139/
2026-01-14 12:05:44,341 - WARNING - 404 found: https://odintsovo.cian.ru/sale/flat/321560218/
2026-01-14 12:05:44,405 - WARNING - 404 found: https://bronnicy.cian.ru/sale/flat/320691979/
2026-01-14 12:05:44,567 - WARNING - 404 found: https://ramenskoye.cian.ru/sale/flat/323693537/
2026-01-14 12:05:44,812 - INFO - Batch #20 completed: checked=1000, 404_found=8, exceptions=0, total_checked=20000, total_404=238, avg_speed=1382.2 records/sec
2026-01-14 12:05:44,813 - INFO - Processing batch #21, last_id=49293
2026-01-14 12:05:44,877 - INFO - Fetched 1000 rows from database
2026-01-14 12:05:44,938 - WARNING - 404 found: https://vidnoye.cian.ru/sale/flat/323379815/
2026-01-14 12:05:44,941 - WARNING - 404 found: https://korolev.cian.ru/sale/flat/323252343/
2026-01-14 12:05:44,965 - WARNING - 404 found: https://vidnoye.cian.ru/sale/flat/323128460/
2026-01-14 12:05:44,966 - WARNING - 404 found: https://balashikha.cian.ru/sale/flat/323159342/
2026-01-14 12:05:44,997 - WARNING - 404 found: https://www.cian.ru/sale/flat/322856230/
2026-01-14 12:05:45,067 - WARNING - 404 found: https://www.cian.ru/sale/flat/322113343/
2026-01-14 12:05:45,131 - WARNING - 404 found: https://khimki.cian.ru/sale/flat/321280542/
2026-01-14 12:05:46,232 - WARNING - 404 found: https://khimki.cian.ru/sale/flat/321955264/
2026-01-14 12:05:50,000 - INFO - Batch #21 completed: checked=1000, 404_found=8, exceptions=0, total_checked=21000, total_404=246, avg_speed=1068.4 records/sec
2026-01-14 12:05:50,000 - INFO - Processing batch #22, last_id=50307
2026-01-14 12:05:50,044 - INFO - Fetched 1000 rows from database
2026-01-14 12:05:50,257 - WARNING - 404 found: https://bryansk.cian.ru/sale/suburban/322878865/
2026-01-14 12:05:50,385 - WARNING - 404 found: https://bryansk.cian.ru/sale/suburban/319787923/
2026-01-14 12:05:50,467 - WARNING - 404 found: https://bryansk.cian.ru/sale/suburban/318001478/
2026-01-14 12:05:50,634 - INFO - Batch #22 completed: checked=1000, 404_found=3, exceptions=0, total_checked=22000, total_404=249, avg_speed=1084.2 records/sec
2026-01-14 12:05:50,634 - INFO - Processing batch #23, last_id=51309
2026-01-14 12:05:50,675 - INFO - Fetched 1000 rows from database
2026-01-14 12:05:50,942 - WARNING - 404 found: https://podolsk.cian.ru/sale/flat/316748936/
2026-01-14 12:05:50,948 - WARNING - 404 found: https://vidnoye.cian.ru/sale/flat/316016857/
2026-01-14 12:05:50,986 - WARNING - 404 found: https://krasnogorsk.cian.ru/sale/flat/312666933/
2026-01-14 12:05:51,068 - WARNING - 404 found: https://kotelniki.cian.ru/sale/flat/316025616/
2026-01-14 12:05:51,124 - WARNING - 404 found: https://krasnogorsk.cian.ru/sale/flat/322789817/
2026-01-14 12:05:52,052 - INFO - Batch #23 completed: checked=1000, 404_found=5, exceptions=0, total_checked=23000, total_404=254, avg_speed=1059.5 records/sec
2026-01-14 12:05:52,052 - INFO - Processing batch #24, last_id=52323
2026-01-14 12:05:52,104 - INFO - Fetched 1000 rows from database
2026-01-14 12:05:52,305 - WARNING - 404 found: https://vidnoye.cian.ru/sale/flat/323314650/
2026-01-14 12:05:52,345 - WARNING - 404 found: https://ivanteyevka.cian.ru/sale/flat/322874141/
2026-01-14 12:05:52,460 - WARNING - 404 found: https://odintsovo.cian.ru/sale/flat/316217101/
2026-01-14 12:05:52,655 - INFO - Batch #24 completed: checked=1000, 404_found=3, exceptions=0, total_checked=24000, total_404=257, avg_speed=1075.7 records/sec
2026-01-14 12:05:52,655 - INFO - Processing batch #25, last_id=53352
2026-01-14 12:05:52,702 - INFO - Fetched 1000 rows from database
2026-01-14 12:05:52,725 - WARNING - 404 found: https://lyubertsy.cian.ru/sale/flat/322896885/
2026-01-14 12:05:52,793 - WARNING - 404 found: https://krasnogorsk.cian.ru/sale/flat/322142798/
2026-01-14 12:05:52,868 - WARNING - 404 found: https://ivanteyevka.cian.ru/sale/flat/315355148/
2026-01-14 12:05:52,909 - WARNING - 404 found: https://domodedovo.cian.ru/sale/flat/323620048/
2026-01-14 12:05:52,923 - WARNING - 404 found: https://istra.cian.ru/sale/flat/315879696/
2026-01-14 12:05:52,962 - WARNING - 404 found: https://podolsk.cian.ru/sale/flat/323341194/
2026-01-14 12:05:52,999 - WARNING - 404 found: https://ramenskoye.cian.ru/sale/flat/323079191/
2026-01-14 12:05:53,036 - WARNING - 404 found: https://vidnoye.cian.ru/sale/flat/322601151/
2026-01-14 12:05:53,041 - WARNING - 404 found: https://istra.cian.ru/sale/flat/321791814/
2026-01-14 12:05:53,106 - WARNING - 404 found: https://ramenskoye.cian.ru/sale/flat/318882010/
2026-01-14 12:05:53,145 - WARNING - 404 found: https://mytishchi.cian.ru/sale/flat/323469952/
2026-01-14 12:05:53,147 - WARNING - 404 found: https://vidnoye.cian.ru/sale/flat/323543563/
2026-01-14 12:05:53,148 - WARNING - 404 found: https://vidnoye.cian.ru/sale/flat/323612752/
2026-01-14 12:05:53,226 - INFO - Batch #25 completed: checked=1000, 404_found=13, exceptions=0, total_checked=25000, total_404=270, avg_speed=1092.5 records/sec
2026-01-14 12:05:53,226 - INFO - Processing batch #26, last_id=54375
2026-01-14 12:05:53,270 - INFO - Fetched 1000 rows from database
2026-01-14 12:05:53,381 - WARNING - 404 found: https://vidnoye.cian.ru/sale/flat/318498754/
2026-01-14 12:05:53,465 - WARNING - 404 found: https://vidnoye.cian.ru/sale/flat/323378725/
2026-01-14 12:05:53,472 - WARNING - 404 found: https://balashikha.cian.ru/sale/flat/323169892/
2026-01-14 12:05:53,473 - WARNING - 404 found: https://balashikha.cian.ru/sale/flat/323078615/
2026-01-14 12:05:53,520 - WARNING - 404 found: https://khimki.cian.ru/sale/flat/322795170/
2026-01-14 12:05:53,665 - WARNING - 404 found: https://vidnoye.cian.ru/sale/flat/323668502/
2026-01-14 12:05:53,676 - WARNING - 404 found: https://balashikha.cian.ru/sale/flat/323607379/
2026-01-14 12:05:53,698 - WARNING - 404 found: https://reutov.cian.ru/sale/flat/323253238/
2026-01-14 12:05:53,699 - WARNING - 404 found: https://vidnoye.cian.ru/sale/flat/323224046/
2026-01-14 12:05:53,729 - WARNING - 404 found: https://balashikha.cian.ru/sale/flat/322505061/
2026-01-14 12:05:53,732 - WARNING - 404 found: https://vidnoye.cian.ru/sale/flat/322444712/
2026-01-14 12:05:53,777 - WARNING - 404 found: https://balashikha.cian.ru/sale/flat/320734547/
2026-01-14 12:05:53,794 - WARNING - 404 found: https://mytishchi.cian.ru/sale/flat/319592467/
2026-01-14 12:05:53,871 - INFO - Batch #26 completed: checked=1000, 404_found=13, exceptions=0, total_checked=26000, total_404=283, avg_speed=1105.1 records/sec
2026-01-14 12:05:53,872 - INFO - Processing batch #27, last_id=55396
2026-01-14 12:05:53,934 - INFO - Fetched 1000 rows from database
2026-01-14 12:05:53,992 - WARNING - 404 found: https://vidnoye.cian.ru/sale/flat/322934833/
2026-01-14 12:05:54,051 - WARNING - 404 found: https://vidnoye.cian.ru/sale/flat/322022773/
2026-01-14 12:05:54,066 - WARNING - 404 found: https://domodedovo.cian.ru/sale/flat/320388805/
2026-01-14 12:05:54,132 - WARNING - 404 found: https://zhukovsky.cian.ru/sale/flat/323505874/
2026-01-14 12:05:54,178 - WARNING - 404 found: https://odintsovo.cian.ru/sale/flat/321764973/
2026-01-14 12:05:54,183 - WARNING - 404 found: https://balashikha.cian.ru/sale/flat/321633598/
2026-01-14 12:05:54,193 - WARNING - 404 found: https://krasnogorsk.cian.ru/sale/flat/321265553/
2026-01-14 12:05:54,209 - WARNING - 404 found: https://balashikha.cian.ru/sale/flat/318951181/
2026-01-14 12:05:54,222 - WARNING - 404 found: https://balashikha.cian.ru/sale/flat/314481153/
2026-01-14 12:05:54,263 - WARNING - 404 found: https://vidnoye.cian.ru/sale/flat/323553885/
2026-01-14 12:05:54,293 - WARNING - 404 found: https://balashikha.cian.ru/sale/flat/323076907/
2026-01-14 12:05:54,316 - WARNING - 404 found: https://vidnoye.cian.ru/sale/flat/323070609/
2026-01-14 12:05:54,429 - WARNING - 404 found: https://lyubertsy.cian.ru/sale/flat/323164173/
2026-01-14 12:05:54,434 - WARNING - 404 found: https://kotelniki.cian.ru/sale/flat/323083704/
2026-01-14 12:05:54,448 - WARNING - 404 found: https://dolgoprudny.cian.ru/sale/flat/322888129/
2026-01-14 12:05:54,456 - WARNING - 404 found: https://balashikha.cian.ru/sale/flat/322615777/
2026-01-14 12:05:54,461 - WARNING - 404 found: https://shchyolkovo.cian.ru/sale/flat/322420520/
2026-01-14 12:05:54,491 - INFO - Batch #27 completed: checked=1000, 404_found=17, exceptions=0, total_checked=27000, total_404=300, avg_speed=1118.1 records/sec
2026-01-14 12:05:54,491 - INFO - Processing batch #28, last_id=56424
2026-01-14 12:05:54,528 - INFO - Fetched 1000 rows from database
2026-01-14 12:05:54,631 - WARNING - 404 found: https://ramenskoye.cian.ru/sale/flat/323260991/
2026-01-14 12:05:54,691 - WARNING - 404 found: https://krasnogorsk.cian.ru/sale/flat/319822818/
2026-01-14 12:05:54,698 - WARNING - 404 found: https://lobnya.cian.ru/sale/flat/319976776/
2026-01-14 12:05:54,703 - WARNING - 404 found: https://vidnoye.cian.ru/sale/flat/319148511/
2026-01-14 12:05:54,732 - WARNING - 404 found: https://balashikha.cian.ru/sale/flat/323240610/
2026-01-14 12:05:54,751 - WARNING - 404 found: https://podolsk.cian.ru/sale/flat/321276335/
2026-01-14 12:05:54,776 - WARNING - 404 found: https://krasnogorsk.cian.ru/sale/flat/323598124/
2026-01-14 12:05:54,788 - WARNING - 404 found: https://odintsovo.cian.ru/sale/flat/323202980/
2026-01-14 12:05:54,841 - WARNING - 404 found: https://krasnogorsk.cian.ru/sale/flat/321636344/
2026-01-14 12:05:54,888 - WARNING - 404 found: https://odintsovo.cian.ru/sale/flat/322813290/
2026-01-14 12:05:54,932 - WARNING - 404 found: https://krasnogorsk.cian.ru/sale/flat/322305619/
2026-01-14 12:05:55,168 - INFO - Batch #28 completed: checked=1000, 404_found=11, exceptions=0, total_checked=28000, total_404=311, avg_speed=1127.9 records/sec
2026-01-14 12:05:55,168 - INFO - Processing batch #29, last_id=57449
2026-01-14 12:05:55,210 - INFO - Fetched 1000 rows from database
2026-01-14 12:05:55,277 - WARNING - 404 found: https://ozery.cian.ru/sale/flat/323388411/
2026-01-14 12:05:55,310 - WARNING - 404 found: https://ramenskoye.cian.ru/sale/flat/323236729/
2026-01-14 12:05:55,320 - WARNING - 404 found: https://www.cian.ru/sale/flat/323195913/
2026-01-14 12:05:55,327 - WARNING - 404 found: https://balashikha.cian.ru/sale/flat/323159795/
2026-01-14 12:05:55,330 - WARNING - 404 found: https://lyubertsy.cian.ru/sale/flat/323162608/
2026-01-14 12:05:55,404 - WARNING - 404 found: https://khotkovo.cian.ru/sale/flat/322769060/
2026-01-14 12:05:55,415 - WARNING - 404 found: https://ramenskoye.cian.ru/sale/flat/322681292/
2026-01-14 12:05:55,447 - WARNING - 404 found: https://www.cian.ru/sale/flat/322384863/
2026-01-14 12:05:55,449 - WARNING - 404 found: https://krasnogorsk.cian.ru/sale/flat/322596544/
2026-01-14 12:05:55,449 - WARNING - 404 found: https://krasnozavodsk.cian.ru/sale/flat/322366778/
2026-01-14 12:05:55,472 - WARNING - 404 found: https://voskresensk.cian.ru/sale/flat/322223684/
2026-01-14 12:05:55,541 - WARNING - 404 found: https://dolgoprudny.cian.ru/sale/flat/321730832/
2026-01-14 12:05:55,665 - INFO - Batch #29 completed: checked=1000, 404_found=12, exceptions=0, total_checked=29000, total_404=323, avg_speed=1145.2 records/sec
2026-01-14 12:05:55,665 - INFO - Processing batch #30, last_id=58480
2026-01-14 12:05:55,692 - INFO - Fetched 1000 rows from database
2026-01-14 12:05:55,777 - WARNING - 404 found: https://klin.cian.ru/sale/flat/318017578/
2026-01-14 12:05:55,790 - WARNING - 404 found: https://www.cian.ru/sale/flat/317416696/
2026-01-14 12:05:55,793 - WARNING - 404 found: https://pushkino.cian.ru/sale/flat/316712537/
2026-01-14 12:05:55,828 - WARNING - 404 found: https://golitsyno.cian.ru/sale/flat/315027307/
2026-01-14 12:05:55,843 - WARNING - 404 found: https://mytishchi.cian.ru/sale/flat/314832052/
2026-01-14 12:05:55,918 - WARNING - 404 found: https://khimki.cian.ru/sale/flat/323461491/
2026-01-14 12:05:56,195 - INFO - Batch #30 completed: checked=1000, 404_found=6, exceptions=0, total_checked=30000, total_404=329, avg_speed=1160.4 records/sec
2026-01-14 12:05:56,195 - INFO - Processing batch #31, last_id=59498
2026-01-14 12:05:56,216 - INFO - Fetched 1000 rows from database
2026-01-14 12:05:56,413 - WARNING - 404 found: https://bryansk.cian.ru/sale/flat/318180246/
2026-01-14 12:05:56,564 - WARNING - 404 found: https://bryansk.cian.ru/sale/flat/312087861/
2026-01-14 12:05:56,807 - INFO - Batch #31 completed: checked=1000, 404_found=2, exceptions=0, total_checked=31000, total_404=331, avg_speed=1171.4 records/sec
2026-01-14 12:05:56,807 - INFO - Processing batch #32, last_id=60501
2026-01-14 12:05:56,834 - INFO - Fetched 1000 rows from database
2026-01-14 12:05:57,153 - WARNING - 404 found: https://kolomna.cian.ru/sale/flat/323294858/
2026-01-14 12:05:57,176 - WARNING - 404 found: https://khimki.cian.ru/sale/flat/323123778/
2026-01-14 12:05:57,183 - WARNING - 404 found: https://orekhovo-zuyevo.cian.ru/sale/flat/323090424/
2026-01-14 12:05:57,203 - WARNING - 404 found: https://www.cian.ru/sale/flat/322969334/
2026-01-14 12:05:57,261 - WARNING - 404 found: https://www.cian.ru/sale/flat/322581971/
2026-01-14 12:05:57,273 - WARNING - 404 found: https://krasnogorsk.cian.ru/sale/flat/322481441/
2026-01-14 12:05:58,266 - INFO - Batch #32 completed: checked=1000, 404_found=6, exceptions=0, total_checked=32000, total_404=337, avg_speed=1146.0 records/sec
2026-01-14 12:05:58,266 - INFO - Processing batch #33, last_id=61522
2026-01-14 12:05:58,305 - INFO - Fetched 1000 rows from database
2026-01-14 12:05:58,322 - WARNING - 404 found: https://dmitrov.cian.ru/sale/flat/322208369/
2026-01-14 12:05:58,323 - WARNING - 404 found: https://kotelniki.cian.ru/sale/flat/322197631/
2026-01-14 12:05:58,345 - WARNING - 404 found: https://krasnogorsk.cian.ru/sale/flat/322032921/
2026-01-14 12:05:58,489 - WARNING - 404 found: https://www.cian.ru/sale/flat/320901368/
2026-01-14 12:05:58,625 - WARNING - 404 found: https://serpukhov.cian.ru/sale/flat/317397060/
2026-01-14 12:05:58,698 - WARNING - 404 found: https://podolsk.cian.ru/sale/flat/323553685/
2026-01-14 12:05:58,713 - WARNING - 404 found: https://klin.cian.ru/sale/flat/323473620/
2026-01-14 12:05:58,724 - WARNING - 404 found: https://vidnoye.cian.ru/sale/flat/323474610/
2026-01-14 12:05:58,726 - WARNING - 404 found: https://balashikha.cian.ru/sale/flat/323664021/
2026-01-14 12:05:58,857 - INFO - Batch #33 completed: checked=1000, 404_found=9, exceptions=0, total_checked=33000, total_404=346, avg_speed=1157.3 records/sec
2026-01-14 12:05:58,858 - INFO - Processing batch #34, last_id=62551
2026-01-14 12:05:58,893 - INFO - Fetched 1000 rows from database
2026-01-14 12:05:58,918 - WARNING - 404 found: https://ramenskoye.cian.ru/sale/flat/323385169/
2026-01-14 12:05:59,063 - WARNING - 404 found: https://dzerzhinsky.cian.ru/sale/flat/322621132/
2026-01-14 12:05:59,089 - WARNING - 404 found: https://sergiyev-posad.cian.ru/sale/flat/322278026/
2026-01-14 12:05:59,277 - WARNING - 404 found: https://www.cian.ru/sale/flat/319928176/
2026-01-14 12:05:59,359 - INFO - Batch #34 completed: checked=1000, 404_found=4, exceptions=0, total_checked=34000, total_404=350, avg_speed=1171.8 records/sec
2026-01-14 12:05:59,359 - INFO - Processing batch #35, last_id=63570
2026-01-14 12:05:59,390 - INFO - Fetched 1000 rows from database
2026-01-14 12:05:59,460 - WARNING - 404 found: https://zhukovsky.cian.ru/sale/flat/313271958/
2026-01-14 12:05:59,544 - WARNING - 404 found: https://krasnogorsk.cian.ru/sale/flat/323572668/
2026-01-14 12:05:59,585 - WARNING - 404 found: https://ramenskoye.cian.ru/sale/flat/323491365/
2026-01-14 12:05:59,588 - WARNING - 404 found: https://klin.cian.ru/sale/flat/323473627/
2026-01-14 12:05:59,804 - WARNING - 404 found: https://dolgoprudny.cian.ru/sale/flat/321687273/
2026-01-14 12:05:59,839 - WARNING - 404 found: https://korolev.cian.ru/sale/flat/322197042/
2026-01-14 12:05:59,928 - INFO - Batch #35 completed: checked=1000, 404_found=6, exceptions=0, total_checked=35000, total_404=356, avg_speed=1183.0 records/sec
2026-01-14 12:05:59,929 - INFO - Processing batch #36, last_id=64593
2026-01-14 12:05:59,954 - INFO - Fetched 1000 rows from database
2026-01-14 12:06:00,102 - WARNING - 404 found: https://istra.cian.ru/sale/flat/318297558/
2026-01-14 12:06:00,109 - WARNING - 404 found: https://lyubertsy.cian.ru/sale/flat/318164616/
2026-01-14 12:06:00,159 - WARNING - 404 found: https://voskresensk.cian.ru/sale/flat/316067407/
2026-01-14 12:06:00,321 - WARNING - 404 found: https://klin.cian.ru/sale/flat/323473612/
2026-01-14 12:06:00,404 - INFO - Batch #36 completed: checked=1000, 404_found=4, exceptions=0, total_checked=36000, total_404=360, avg_speed=1197.6 records/sec
2026-01-14 12:06:00,404 - INFO - Processing batch #37, last_id=65627
2026-01-14 12:06:00,433 - INFO - Fetched 1000 rows from database
2026-01-14 12:06:00,452 - WARNING - 404 found: https://kolomna.cian.ru/sale/flat/323163873/
2026-01-14 12:06:00,464 - WARNING - 404 found: https://ramenskoye.cian.ru/sale/flat/323095949/
2026-01-14 12:06:00,495 - WARNING - 404 found: https://lobnya.cian.ru/sale/flat/322927903/
2026-01-14 12:06:00,614 - WARNING - 404 found: https://dolgoprudny.cian.ru/sale/flat/321649330/
2026-01-14 12:06:00,693 - WARNING - 404 found: https://lytkarino.cian.ru/sale/flat/320016673/
2026-01-14 12:06:00,741 - WARNING - 404 found: https://lobnya.cian.ru/sale/flat/318676837/
2026-01-14 12:06:00,800 - WARNING - 404 found: https://khimki.cian.ru/sale/flat/315718587/
2026-01-14 12:06:02,577 - INFO - Batch #37 completed: checked=1000, 404_found=7, exceptions=0, total_checked=37000, total_404=367, avg_speed=1147.9 records/sec
2026-01-14 12:06:02,577 - INFO - Processing batch #38, last_id=66646
2026-01-14 12:06:02,604 - INFO - Fetched 1000 rows from database
2026-01-14 12:06:02,704 - WARNING - 404 found: https://vidnoye.cian.ru/sale/flat/323612029/
2026-01-14 12:06:02,726 - WARNING - 404 found: https://khimki.cian.ru/sale/flat/323390773/
2026-01-14 12:06:02,754 - WARNING - 404 found: https://shchyolkovo.cian.ru/sale/flat/322916249/
2026-01-14 12:06:02,771 - WARNING - 404 found: https://krasnogorsk.cian.ru/sale/flat/322438438/
2026-01-14 12:06:02,811 - WARNING - 404 found: https://odintsovo.cian.ru/sale/flat/321455069/
2026-01-14 12:06:02,856 - WARNING - 404 found: https://balashikha.cian.ru/sale/flat/319090323/
2026-01-14 12:06:02,892 - WARNING - 404 found: https://balashikha.cian.ru/sale/flat/321494065/
2026-01-14 12:06:03,673 - INFO - Batch #38 completed: checked=1000, 404_found=7, exceptions=0, total_checked=38000, total_404=374, avg_speed=1140.1 records/sec
2026-01-14 12:06:03,673 - INFO - Processing batch #39, last_id=67661
2026-01-14 12:06:03,703 - INFO - Fetched 1000 rows from database
2026-01-14 12:06:03,720 - WARNING - 404 found: https://krasnogorsk.cian.ru/sale/flat/321428159/
2026-01-14 12:06:03,757 - WARNING - 404 found: https://khimki.cian.ru/sale/flat/319639703/
2026-01-14 12:06:03,759 - WARNING - 404 found: https://vidnoye.cian.ru/sale/flat/319766156/
2026-01-14 12:06:03,790 - WARNING - 404 found: https://vidnoye.cian.ru/sale/flat/316326078/
2026-01-14 12:06:03,888 - WARNING - 404 found: https://khimki.cian.ru/sale/flat/311258793/
2026-01-14 12:06:03,956 - WARNING - 404 found: https://odintsovo.cian.ru/sale/flat/322395779/
2026-01-14 12:06:04,019 - WARNING - 404 found: https://podolsk.cian.ru/sale/flat/320920490/
2026-01-14 12:06:04,079 - WARNING - 404 found: https://odintsovo.cian.ru/sale/flat/320061926/
2026-01-14 12:06:04,081 - WARNING - 404 found: https://korolev.cian.ru/sale/flat/314387683/
2026-01-14 12:06:04,220 - WARNING - 404 found: https://khimki.cian.ru/sale/flat/323264008/
2026-01-14 12:06:05,062 - INFO - Batch #39 completed: checked=1000, 404_found=10, exceptions=0, total_checked=39000, total_404=384, avg_speed=1123.3 records/sec
2026-01-14 12:06:05,062 - INFO - Processing batch #40, last_id=68693
2026-01-14 12:06:05,084 - INFO - Fetched 1000 rows from database
2026-01-14 12:06:05,100 - WARNING - 404 found: https://ramenskoye.cian.ru/sale/flat/322509686/
2026-01-14 12:06:05,104 - WARNING - 404 found: https://vidnoye.cian.ru/sale/flat/322408948/
2026-01-14 12:06:05,172 - WARNING - 404 found: https://www.cian.ru/sale/flat/317783347/
2026-01-14 12:06:05,272 - WARNING - 404 found: https://vidnoye.cian.ru/sale/flat/323587425/
2026-01-14 12:06:05,279 - WARNING - 404 found: https://krasnogorsk.cian.ru/sale/flat/322949242/
2026-01-14 12:06:05,313 - WARNING - 404 found: https://balashikha.cian.ru/sale/flat/323236498/
2026-01-14 12:06:05,324 - WARNING - 404 found: https://vidnoye.cian.ru/sale/flat/321489533/
2026-01-14 12:06:05,377 - WARNING - 404 found: https://balashikha.cian.ru/sale/flat/315845320/
2026-01-14 12:06:05,425 - WARNING - 404 found: https://lyubertsy.cian.ru/sale/flat/323539506/
2026-01-14 12:06:05,526 - WARNING - 404 found: https://balashikha.cian.ru/sale/flat/318569345/
2026-01-14 12:06:08,338 - INFO - Batch #40 completed: checked=1000, 404_found=10, exceptions=0, total_checked=40000, total_404=394, avg_speed=1052.8 records/sec
2026-01-14 12:06:08,338 - INFO - Processing batch #41, last_id=69716
2026-01-14 12:06:08,358 - INFO - Fetched 1000 rows from database
2026-01-14 12:06:08,457 - WARNING - 404 found: https://lyubertsy.cian.ru/sale/flat/321387300/
2026-01-14 12:06:08,556 - WARNING - 404 found: https://vidnoye.cian.ru/sale/flat/323304397/
2026-01-14 12:06:08,576 - WARNING - 404 found: https://balashikha.cian.ru/sale/flat/322020455/
2026-01-14 12:06:08,670 - WARNING - 404 found: https://khimki.cian.ru/sale/flat/323461792/
2026-01-14 12:06:08,704 - WARNING - 404 found: https://vidnoye.cian.ru/sale/flat/322126937/
2026-01-14 12:06:08,745 - WARNING - 404 found: https://sergiyev-posad.cian.ru/sale/flat/318646436/
2026-01-14 12:06:09,525 - INFO - Batch #41 completed: checked=1000, 404_found=6, exceptions=0, total_checked=41000, total_404=400, avg_speed=1046.4 records/sec
2026-01-14 12:06:09,525 - INFO - Processing batch #42, last_id=70737
2026-01-14 12:06:09,548 - INFO - Fetched 1000 rows from database
2026-01-14 12:06:09,597 - WARNING - 404 found: https://podolsk.cian.ru/sale/flat/322657861/
2026-01-14 12:06:09,607 - WARNING - 404 found: https://dmitrov.cian.ru/sale/flat/322729301/
2026-01-14 12:06:09,719 - WARNING - 404 found: https://stupino.cian.ru/sale/flat/323107617/
2026-01-14 12:06:09,723 - WARNING - 404 found: https://kotelniki.cian.ru/sale/flat/323013410/
2026-01-14 12:06:09,800 - WARNING - 404 found: https://lyubertsy.cian.ru/sale/flat/307140596/
2026-01-14 12:06:09,827 - WARNING - 404 found: https://vidnoye.cian.ru/sale/flat/323312834/
2026-01-14 12:06:09,835 - WARNING - 404 found: https://lyubertsy.cian.ru/sale/flat/322545244/
2026-01-14 12:06:09,960 - WARNING - 404 found: https://krasnogorsk.cian.ru/sale/flat/323521729/
2026-01-14 12:06:10,712 - INFO - Batch #42 completed: checked=1000, 404_found=8, exceptions=0, total_checked=42000, total_404=408, avg_speed=1040.4 records/sec
2026-01-14 12:06:10,712 - INFO - Processing batch #43, last_id=71764
2026-01-14 12:06:10,740 - INFO - Fetched 1000 rows from database
2026-01-14 12:06:10,758 - WARNING - 404 found: https://korolev.cian.ru/sale/flat/323017662/
2026-01-14 12:06:10,827 - WARNING - 404 found: https://lyubertsy.cian.ru/sale/flat/323091000/
2026-01-14 12:06:10,833 - WARNING - 404 found: https://balashikha.cian.ru/sale/flat/320152552/
2026-01-14 12:06:10,923 - WARNING - 404 found: https://vidnoye.cian.ru/sale/flat/323679586/
2026-01-14 12:06:11,289 - INFO - Batch #43 completed: checked=1000, 404_found=4, exceptions=0, total_checked=43000, total_404=412, avg_speed=1050.2 records/sec
2026-01-14 12:06:11,289 - INFO - Processing batch #44, last_id=72790
2026-01-14 12:06:11,319 - INFO - Fetched 1000 rows from database
2026-01-14 12:06:11,356 - WARNING - 404 found: https://domodedovo.cian.ru/sale/flat/315505907/
2026-01-14 12:06:11,367 - WARNING - 404 found: https://mytishchi.cian.ru/sale/flat/314599130/
2026-01-14 12:06:11,388 - WARNING - 404 found: https://voskresensk.cian.ru/sale/flat/312235765/
2026-01-14 12:06:11,602 - WARNING - 404 found: https://mytishchi.cian.ru/sale/flat/322607654/
2026-01-14 12:06:11,611 - WARNING - 404 found: https://lyubertsy.cian.ru/sale/flat/322443322/
2026-01-14 12:06:11,611 - WARNING - 404 found: https://krasnogorsk.cian.ru/sale/flat/323049866/
2026-01-14 12:06:11,636 - WARNING - 404 found: https://lyubertsy.cian.ru/sale/flat/322283616/
2026-01-14 12:06:11,658 - WARNING - 404 found: https://zhukovsky.cian.ru/sale/flat/321731227/
2026-01-14 12:06:11,714 - WARNING - 404 found: https://khimki.cian.ru/sale/flat/320492626/
2026-01-14 12:06:11,775 - INFO - Batch #44 completed: checked=1000, 404_found=9, exceptions=0, total_checked=44000, total_404=421, avg_speed=1062.0 records/sec
2026-01-14 12:06:11,776 - INFO - Processing batch #45, last_id=73806
2026-01-14 12:06:11,820 - INFO - Fetched 1000 rows from database
2026-01-14 12:06:12,206 - WARNING - 404 found: https://serpukhov.cian.ru/sale/flat/321412819/
2026-01-14 12:06:12,239 - INFO - Batch #45 completed: checked=1000, 404_found=1, exceptions=0, total_checked=45000, total_404=422, avg_speed=1074.1 records/sec
2026-01-14 12:06:12,239 - INFO - Processing batch #46, last_id=74823
2026-01-14 12:06:12,265 - INFO - Fetched 1000 rows from database
2026-01-14 12:06:12,283 - WARNING - 404 found: https://mytishchi.cian.ru/sale/flat/320154696/
2026-01-14 12:06:12,429 - WARNING - 404 found: https://lyubertsy.cian.ru/sale/flat/323945619/
2026-01-14 12:06:12,611 - WARNING - 404 found: https://orekhovo-zuyevo.cian.ru/sale/flat/322399913/
2026-01-14 12:06:12,788 - INFO - Batch #46 completed: checked=1000, 404_found=3, exceptions=0, total_checked=46000, total_404=425, avg_speed=1083.8 records/sec
2026-01-14 12:06:12,788 - INFO - Processing batch #47, last_id=75830
2026-01-14 12:06:12,815 - INFO - Fetched 1000 rows from database
2026-01-14 12:06:12,847 - WARNING - 404 found: https://ivanteyevka.cian.ru/sale/flat/316795768/
2026-01-14 12:06:13,025 - WARNING - 404 found: https://vidnoye.cian.ru/sale/flat/323515369/
2026-01-14 12:06:13,035 - WARNING - 404 found: https://vidnoye.cian.ru/sale/flat/323319713/
2026-01-14 12:06:13,090 - WARNING - 404 found: https://ramenskoye.cian.ru/sale/flat/322283385/
2026-01-14 12:06:13,199 - WARNING - 404 found: https://domodedovo.cian.ru/sale/flat/316280253/
2026-01-14 12:06:16,199 - INFO - Batch #47 completed: checked=1000, 404_found=5, exceptions=0, total_checked=47000, total_404=430, avg_speed=1025.0 records/sec
2026-01-14 12:06:16,200 - INFO - Processing batch #48, last_id=76841
2026-01-14 12:06:16,233 - INFO - Fetched 1000 rows from database
2026-01-14 12:06:16,386 - WARNING - 404 found: https://zhukovsky.cian.ru/sale/flat/322517994/
2026-01-14 12:06:16,453 - WARNING - 404 found: https://khimki.cian.ru/sale/flat/316936212/
2026-01-14 12:06:16,468 - WARNING - 404 found: https://solnechnogorsk.cian.ru/sale/flat/308362694/
2026-01-14 12:06:16,500 - WARNING - 404 found: https://dzerzhinsky.cian.ru/sale/flat/323794263/
2026-01-14 12:06:16,502 - WARNING - 404 found: https://vidnoye.cian.ru/sale/flat/323808418/
2026-01-14 12:06:16,535 - WARNING - 404 found: https://dubna.cian.ru/sale/flat/323181938/
2026-01-14 12:06:16,547 - WARNING - 404 found: https://balashikha.cian.ru/sale/flat/322842662/
2026-01-14 12:06:16,643 - WARNING - 404 found: https://khimki.cian.ru/sale/flat/316274364/
2026-01-14 12:06:16,653 - WARNING - 404 found: https://ivanteyevka.cian.ru/sale/flat/323748331/
2026-01-14 12:06:16,677 - INFO - Batch #48 completed: checked=1000, 404_found=9, exceptions=0, total_checked=48000, total_404=439, avg_speed=1036.0 records/sec
2026-01-14 12:06:16,677 - INFO - Processing batch #49, last_id=77855
2026-01-14 12:06:16,711 - INFO - Fetched 1000 rows from database
2026-01-14 12:06:17,091 - WARNING - 404 found: https://pavlovsky-posad.cian.ru/sale/flat/322872993/
2026-01-14 12:06:17,117 - WARNING - 404 found: https://khimki.cian.ru/sale/flat/321067918/
2026-01-14 12:06:17,128 - WARNING - 404 found: https://balashikha.cian.ru/sale/flat/320807472/
2026-01-14 12:06:17,152 - WARNING - 404 found: https://www.cian.ru/sale/flat/318475037/
2026-01-14 12:06:17,854 - INFO - Batch #49 completed: checked=1000, 404_found=4, exceptions=0, total_checked=49000, total_404=443, avg_speed=1031.3 records/sec
2026-01-14 12:06:17,854 - INFO - Processing batch #50, last_id=78871
2026-01-14 12:06:17,884 - INFO - Fetched 1000 rows from database
2026-01-14 12:06:18,097 - WARNING - 404 found: https://odintsovo.cian.ru/sale/flat/321693824/
2026-01-14 12:06:18,268 - WARNING - 404 found: https://lyubertsy.cian.ru/sale/flat/323593558/
2026-01-14 12:06:18,294 - INFO - Batch #50 completed: checked=1000, 404_found=2, exceptions=0, total_checked=50000, total_404=445, avg_speed=1042.7 records/sec
2026-01-14 12:06:18,295 - INFO - Processing batch #51, last_id=79895
2026-01-14 12:06:18,324 - INFO - Fetched 1000 rows from database
2026-01-14 12:06:18,404 - WARNING - 404 found: https://kotelniki.cian.ru/sale/flat/314741744/
2026-01-14 12:06:18,427 - WARNING - 404 found: https://solnechnogorsk.cian.ru/sale/flat/319027786/
2026-01-14 12:06:18,445 - WARNING - 404 found: https://lyubertsy.cian.ru/sale/flat/319120325/
2026-01-14 12:06:18,526 - WARNING - 404 found: https://khimki.cian.ru/sale/flat/322451056/
2026-01-14 12:06:18,693 - WARNING - 404 found: https://dmitrov.cian.ru/sale/flat/308399457/
2026-01-14 12:06:19,620 - INFO - Batch #51 completed: checked=1000, 404_found=5, exceptions=0, total_checked=51000, total_404=450, avg_speed=1035.0 records/sec
2026-01-14 12:06:19,621 - INFO - Processing batch #52, last_id=80903
2026-01-14 12:06:19,651 - INFO - Fetched 1000 rows from database
2026-01-14 12:06:19,753 - WARNING - 404 found: https://lyubertsy.cian.ru/sale/flat/300567560/
2026-01-14 12:06:19,779 - WARNING - 404 found: https://solnechnogorsk.cian.ru/sale/flat/308362698/
2026-01-14 12:06:19,880 - WARNING - 404 found: https://khimki.cian.ru/sale/flat/322697827/
2026-01-14 12:06:19,894 - WARNING - 404 found: https://reutov.cian.ru/sale/flat/321131162/
2026-01-14 12:06:19,959 - WARNING - 404 found: https://khimki.cian.ru/sale/flat/324141431/
2026-01-14 12:06:19,964 - WARNING - 404 found: https://odintsovo.cian.ru/sale/flat/324141427/
2026-01-14 12:06:19,966 - WARNING - 404 found: https://khimki.cian.ru/sale/flat/323983611/
2026-01-14 12:06:19,998 - WARNING - 404 found: https://lyubertsy.cian.ru/sale/flat/323269973/
2026-01-14 12:06:20,170 - INFO - Batch #52 completed: checked=1000, 404_found=8, exceptions=0, total_checked=52000, total_404=458, avg_speed=1043.6 records/sec
2026-01-14 12:06:20,170 - INFO - Processing batch #53, last_id=81916
2026-01-14 12:06:20,192 - INFO - Fetched 1000 rows from database
2026-01-14 12:06:20,388 - WARNING - 404 found: https://klin.cian.ru/sale/flat/323908760/
2026-01-14 12:06:20,487 - WARNING - 404 found: https://vidnoye.cian.ru/sale/flat/323664653/
2026-01-14 12:06:20,726 - INFO - Batch #53 completed: checked=1000, 404_found=2, exceptions=0, total_checked=53000, total_404=460, avg_speed=1051.9 records/sec
2026-01-14 12:06:20,727 - INFO - Processing batch #54, last_id=82932
2026-01-14 12:06:20,753 - INFO - Fetched 1000 rows from database
2026-01-14 12:06:20,827 - WARNING - 404 found: https://ramenskoye.cian.ru/sale/flat/322451057/
2026-01-14 12:06:20,843 - WARNING - 404 found: https://vidnoye.cian.ru/sale/flat/322292043/
2026-01-14 12:06:20,857 - WARNING - 404 found: https://krasnogorsk.cian.ru/sale/flat/322186850/
2026-01-14 12:06:20,885 - WARNING - 404 found: https://zvenigorod.cian.ru/sale/flat/322231060/
2026-01-14 12:06:20,903 - WARNING - 404 found: https://losino-petrovskiy.cian.ru/sale/flat/321767127/
2026-01-14 12:06:21,018 - WARNING - 404 found: https://vidnoye.cian.ru/sale/flat/319748419/
2026-01-14 12:06:21,072 - WARNING - 404 found: https://krasnogorsk.cian.ru/sale/flat/300437251/
2026-01-14 12:06:21,080 - WARNING - 404 found: https://odintsovo.cian.ru/sale/flat/294225718/
2026-01-14 12:06:21,136 - WARNING - 404 found: https://vidnoye.cian.ru/sale/flat/323818762/
2026-01-14 12:06:21,170 - WARNING - 404 found: https://sergiyev-posad.cian.ru/sale/flat/321899001/
2026-01-14 12:06:21,184 - WARNING - 404 found: https://sergiyev-posad.cian.ru/sale/flat/321899036/
2026-01-14 12:06:21,194 - WARNING - 404 found: https://sergiyev-posad.cian.ru/sale/flat/322464331/
2026-01-14 12:06:21,501 - INFO - Batch #54 completed: checked=1000, 404_found=12, exceptions=0, total_checked=54000, total_404=472, avg_speed=1055.6 records/sec
2026-01-14 12:06:21,501 - INFO - Processing batch #55, last_id=83947
2026-01-14 12:06:21,528 - INFO - Fetched 1000 rows from database
2026-01-14 12:06:21,823 - WARNING - 404 found: https://www.cian.ru/sale/flat/316424155/
2026-01-14 12:06:22,022 - INFO - Batch #55 completed: checked=1000, 404_found=1, exceptions=0, total_checked=55000, total_404=473, avg_speed=1064.3 records/sec
2026-01-14 12:06:22,023 - INFO - Processing batch #56, last_id=84958
2026-01-14 12:06:22,044 - INFO - Fetched 1000 rows from database
2026-01-14 12:06:22,627 - INFO - Batch #56 completed: checked=1000, 404_found=0, exceptions=0, total_checked=56000, total_404=473, avg_speed=1071.1 records/sec
2026-01-14 12:06:22,628 - INFO - Processing batch #57, last_id=85967
2026-01-14 12:06:22,654 - INFO - Fetched 1000 rows from database
2026-01-14 12:06:22,762 - WARNING - 404 found: https://mytishchi.cian.ru/sale/flat/321207958/
2026-01-14 12:06:22,796 - WARNING - 404 found: https://krasnogorsk.cian.ru/sale/flat/322267692/
2026-01-14 12:06:22,807 - WARNING - 404 found: https://podolsk.cian.ru/sale/flat/315228932/
2026-01-14 12:06:22,829 - WARNING - 404 found: https://odintsovo.cian.ru/sale/flat/310684091/
2026-01-14 12:06:22,949 - WARNING - 404 found: https://balashikha.cian.ru/sale/flat/323700193/
2026-01-14 12:06:23,221 - INFO - Batch #57 completed: checked=1000, 404_found=5, exceptions=0, total_checked=57000, total_404=478, avg_speed=1078.0 records/sec
2026-01-14 12:06:23,221 - INFO - Processing batch #58, last_id=86978
2026-01-14 12:06:23,240 - INFO - Fetched 1000 rows from database
2026-01-14 12:06:23,695 - WARNING - 404 found: https://domodedovo.cian.ru/sale/flat/320538906/
2026-01-14 12:06:24,571 - INFO - Batch #58 completed: checked=1000, 404_found=1, exceptions=0, total_checked=58000, total_404=479, avg_speed=1069.6 records/sec
2026-01-14 12:06:24,572 - INFO - Processing batch #59, last_id=87981
2026-01-14 12:06:24,586 - INFO - Fetched 1000 rows from database
2026-01-14 12:06:24,825 - WARNING - 404 found: https://shchyolkovo.cian.ru/sale/flat/319628760/
2026-01-14 12:06:25,837 - INFO - Batch #59 completed: checked=1000, 404_found=1, exceptions=0, total_checked=59000, total_404=480, avg_speed=1063.2 records/sec
2026-01-14 12:06:25,837 - INFO - Processing batch #60, last_id=88986
2026-01-14 12:06:25,849 - INFO - Fetched 1000 rows from database
2026-01-14 12:06:25,895 - WARNING - 404 found: https://balashikha.cian.ru/sale/flat/317177505/
2026-01-14 12:06:26,037 - WARNING - 404 found: https://vidnoye.cian.ru/sale/flat/323508265/
2026-01-14 12:06:26,190 - WARNING - 404 found: https://vidnoye.cian.ru/sale/flat/324099890/
2026-01-14 12:06:26,209 - WARNING - 404 found: https://vidnoye.cian.ru/sale/flat/322579306/
2026-01-14 12:06:26,514 - INFO - Batch #60 completed: checked=1000, 404_found=4, exceptions=0, total_checked=60000, total_404=484, avg_speed=1068.2 records/sec
2026-01-14 12:06:26,514 - INFO - Processing batch #61, last_id=89990
2026-01-14 12:06:26,533 - INFO - Fetched 1000 rows from database
2026-01-14 12:06:26,594 - WARNING - 404 found: https://mytishchi.cian.ru/sale/flat/322340426/
2026-01-14 12:06:26,706 - WARNING - 404 found: https://reutov.cian.ru/sale/flat/321131159/
2026-01-14 12:06:26,709 - WARNING - 404 found: https://kotelniki.cian.ru/sale/flat/316147998/
2026-01-14 12:06:26,730 - WARNING - 404 found: https://mytishchi.cian.ru/sale/flat/324109449/
2026-01-14 12:06:26,773 - WARNING - 404 found: https://mytishchi.cian.ru/sale/flat/324134000/
2026-01-14 12:06:26,890 - WARNING - 404 found: https://khimki.cian.ru/sale/flat/322782425/
2026-01-14 12:06:27,216 - INFO - Batch #61 completed: checked=1000, 404_found=6, exceptions=0, total_checked=61000, total_404=490, avg_speed=1072.6 records/sec
2026-01-14 12:06:27,216 - INFO - Processing batch #62, last_id=91000
2026-01-14 12:06:27,228 - INFO - Fetched 1000 rows from database
2026-01-14 12:06:27,247 - WARNING - 404 found: https://khimki.cian.ru/sale/flat/321055729/
2026-01-14 12:06:27,283 - WARNING - 404 found: https://odintsovo.cian.ru/sale/flat/309687003/
2026-01-14 12:06:27,436 - WARNING - 404 found: https://solnechnogorsk.cian.ru/sale/flat/324114966/
2026-01-14 12:06:27,573 - WARNING - 404 found: https://domodedovo.cian.ru/sale/flat/324265185/
2026-01-14 12:06:27,601 - WARNING - 404 found: https://khimki.cian.ru/sale/flat/323544762/
2026-01-14 12:06:27,607 - WARNING - 404 found: https://odintsovo.cian.ru/sale/flat/323662554/
2026-01-14 12:06:27,616 - WARNING - 404 found: https://khimki.cian.ru/sale/flat/322982872/
2026-01-14 12:06:27,685 - WARNING - 404 found: https://lyubertsy.cian.ru/sale/flat/316491444/
2026-01-14 12:06:32,287 - INFO - Batch #62 completed: checked=1000, 404_found=8, exceptions=0, total_checked=62000, total_404=498, avg_speed=1000.9 records/sec
2026-01-14 12:06:32,288 - INFO - Processing batch #63, last_id=92012
2026-01-14 12:06:32,310 - INFO - Fetched 1000 rows from database
2026-01-14 12:06:32,366 - WARNING - 404 found: https://khimki.cian.ru/sale/flat/323213031/
2026-01-14 12:06:32,526 - WARNING - 404 found: https://kotelniki.cian.ru/sale/flat/323737769/
2026-01-14 12:06:32,683 - WARNING - 404 found: https://mytishchi.cian.ru/sale/flat/321235521/
2026-01-14 12:06:32,814 - WARNING - 404 found: https://krasnogorsk.cian.ru/sale/flat/321061038/
2026-01-14 12:06:33,769 - INFO - Batch #63 completed: checked=1000, 404_found=4, exceptions=0, total_checked=63000, total_404=502, avg_speed=993.3 records/sec
2026-01-14 12:06:33,769 - INFO - Processing batch #64, last_id=93016
2026-01-14 12:06:33,838 - INFO - Fetched 1000 rows from database
2026-01-14 12:06:34,303 - WARNING - 404 found: https://balashikha.cian.ru/sale/flat/315839085/
2026-01-14 12:06:35,100 - INFO - Batch #64 completed: checked=1000, 404_found=1, exceptions=0, total_checked=64000, total_404=503, avg_speed=988.3 records/sec
2026-01-14 12:06:35,100 - INFO - Processing batch #65, last_id=94023
2026-01-14 12:06:35,122 - INFO - Fetched 1000 rows from database
2026-01-14 12:06:35,178 - WARNING - 404 found: https://reutov.cian.ru/sale/flat/324232708/
2026-01-14 12:06:35,335 - WARNING - 404 found: https://mytishchi.cian.ru/sale/flat/323893916/
2026-01-14 12:06:37,221 - INFO - Batch #65 completed: checked=1000, 404_found=2, exceptions=0, total_checked=65000, total_404=505, avg_speed=971.9 records/sec
2026-01-14 12:06:37,222 - INFO - Processing batch #66, last_id=95028
2026-01-14 12:06:37,234 - INFO - Fetched 1000 rows from database
2026-01-14 12:06:37,308 - WARNING - 404 found: https://odintsovo.cian.ru/sale/flat/323097740/
2026-01-14 12:06:37,354 - WARNING - 404 found: https://vidnoye.cian.ru/sale/flat/322652509/
2026-01-14 12:06:37,366 - WARNING - 404 found: https://kotelniki.cian.ru/sale/flat/314913511/
2026-01-14 12:06:37,505 - WARNING - 404 found: https://krasnogorsk.cian.ru/sale/flat/324172691/
2026-01-14 12:06:37,527 - WARNING - 404 found: https://krasnogorsk.cian.ru/sale/flat/324263812/
2026-01-14 12:06:37,579 - WARNING - 404 found: https://odintsovo.cian.ru/sale/flat/290836764/
2026-01-14 12:06:37,593 - WARNING - 404 found: https://naro-fominsk.cian.ru/sale/flat/323957976/
2026-01-14 12:06:37,606 - WARNING - 404 found: https://krasnogorsk.cian.ru/sale/flat/322192443/
2026-01-14 12:06:37,682 - WARNING - 404 found: https://naro-fominsk.cian.ru/sale/flat/323957960/
2026-01-14 12:06:39,461 - INFO - Batch #66 completed: checked=1000, 404_found=9, exceptions=0, total_checked=66000, total_404=514, avg_speed=954.9 records/sec
2026-01-14 12:06:39,461 - INFO - Processing batch #67, last_id=96042
2026-01-14 12:06:39,473 - INFO - Fetched 1000 rows from database
2026-01-14 12:06:39,494 - WARNING - 404 found: https://kotelniki.cian.ru/sale/flat/322828803/
2026-01-14 12:06:39,606 - WARNING - 404 found: https://naro-fominsk.cian.ru/sale/flat/324318402/
2026-01-14 12:06:39,680 - WARNING - 404 found: https://naro-fominsk.cian.ru/sale/flat/324318418/
2026-01-14 12:06:39,687 - WARNING - 404 found: https://naro-fominsk.cian.ru/sale/flat/323957974/
2026-01-14 12:06:39,690 - WARNING - 404 found: https://naro-fominsk.cian.ru/sale/flat/324318421/
2026-01-14 12:06:39,690 - WARNING - 404 found: https://naro-fominsk.cian.ru/sale/flat/323957978/
2026-01-14 12:06:39,768 - WARNING - 404 found: https://naro-fominsk.cian.ru/sale/flat/323957983/
2026-01-14 12:06:39,778 - WARNING - 404 found: https://naro-fominsk.cian.ru/sale/flat/323957982/
2026-01-14 12:06:39,838 - WARNING - 404 found: https://krasnogorsk.cian.ru/sale/flat/321061064/
2026-01-14 12:06:40,845 - INFO - Batch #67 completed: checked=1000, 404_found=9, exceptions=0, total_checked=67000, total_404=523, avg_speed=950.3 records/sec
2026-01-14 12:06:40,845 - INFO - Processing batch #68, last_id=97058
2026-01-14 12:06:40,856 - INFO - Fetched 1000 rows from database
2026-01-14 12:06:40,958 - WARNING - 404 found: https://korolev.cian.ru/sale/flat/322547803/
2026-01-14 12:06:41,055 - WARNING - 404 found: https://odintsovo.cian.ru/sale/flat/321751466/
2026-01-14 12:06:41,186 - WARNING - 404 found: https://reutov.cian.ru/sale/flat/322376896/
2026-01-14 12:06:42,271 - INFO - Batch #68 completed: checked=1000, 404_found=3, exceptions=0, total_checked=68000, total_404=526, avg_speed=945.4 records/sec
2026-01-14 12:06:42,272 - INFO - Processing batch #69, last_id=98066
2026-01-14 12:06:42,281 - INFO - Fetched 1000 rows from database
2026-01-14 12:06:42,461 - WARNING - 404 found: https://krasnogorsk.cian.ru/sale/flat/321060524/
2026-01-14 12:06:42,474 - WARNING - 404 found: https://krasnogorsk.cian.ru/sale/flat/324406539/
2026-01-14 12:06:42,488 - WARNING - 404 found: https://mytishchi.cian.ru/sale/flat/324379924/
2026-01-14 12:06:42,528 - WARNING - 404 found: https://korolev.cian.ru/sale/flat/323506158/
2026-01-14 12:06:42,564 - WARNING - 404 found: https://vidnoye.cian.ru/sale/flat/322234894/
2026-01-14 12:06:42,741 - WARNING - 404 found: https://reutov.cian.ru/sale/flat/323822873/
2026-01-14 12:06:42,829 - INFO - Batch #69 completed: checked=1000, 404_found=6, exceptions=0, total_checked=69000, total_404=532, avg_speed=951.9 records/sec
2026-01-14 12:06:42,829 - INFO - Processing batch #70, last_id=99078
2026-01-14 12:06:42,848 - INFO - Fetched 1000 rows from database
2026-01-14 12:06:42,907 - WARNING - 404 found: https://podolsk.cian.ru/sale/flat/315228889/
2026-01-14 12:06:42,987 - WARNING - 404 found: https://odintsovo.cian.ru/sale/suburban/321953738/
2026-01-14 12:06:43,015 - WARNING - 404 found: https://odintsovo.cian.ru/sale/suburban/316308279/
2026-01-14 12:06:43,015 - WARNING - 404 found: https://serpukhov.cian.ru/sale/suburban/324399241/
2026-01-14 12:06:43,053 - WARNING - 404 found: https://krasnogorsk.cian.ru/sale/suburban/321685133/
2026-01-14 12:06:43,065 - WARNING - 404 found: https://www.cian.ru/sale/suburban/318617068/
2026-01-14 12:06:43,066 - WARNING - 404 found: https://mytishchi.cian.ru/sale/suburban/295768625/
2026-01-14 12:06:43,080 - WARNING - 404 found: https://www.cian.ru/sale/suburban/323024378/
2026-01-14 12:06:43,105 - WARNING - 404 found: https://www.cian.ru/sale/suburban/321656827/
2026-01-14 12:06:43,116 - WARNING - 404 found: https://mytishchi.cian.ru/sale/suburban/310100138/
2026-01-14 12:06:43,188 - WARNING - 404 found: https://www.cian.ru/sale/suburban/319826591/
2026-01-14 12:06:43,216 - WARNING - 404 found: https://krasnogorsk.cian.ru/sale/suburban/316894244/
2026-01-14 12:06:43,229 - WARNING - 404 found: https://odintsovo.cian.ru/sale/suburban/322462486/
2026-01-14 12:06:43,243 - WARNING - 404 found: https://mytishchi.cian.ru/sale/suburban/324473040/
2026-01-14 12:06:43,250 - WARNING - 404 found: https://odintsovo.cian.ru/sale/suburban/293807851/
2026-01-14 12:06:43,301 - INFO - Batch #70 completed: checked=1000, 404_found=15, exceptions=0, total_checked=70000, total_404=547, avg_speed=959.5 records/sec
2026-01-14 12:06:43,302 - INFO - Processing batch #71, last_id=100089
2026-01-14 12:06:43,322 - INFO - Fetched 1000 rows from database
2026-01-14 12:06:43,414 - WARNING - 404 found: https://www.cian.ru/sale/suburban/312736870/
2026-01-14 12:06:43,442 - WARNING - 404 found: https://mytishchi.cian.ru/sale/suburban/303756885/
2026-01-14 12:06:43,593 - WARNING - 404 found: https://www.cian.ru/sale/suburban/324224517/
2026-01-14 12:06:43,596 - WARNING - 404 found: https://khimki.cian.ru/sale/suburban/317761020/
2026-01-14 12:06:43,652 - WARNING - 404 found: https://www.cian.ru/sale/suburban/322878870/
2026-01-14 12:06:43,718 - INFO - Batch #71 completed: checked=1000, 404_found=5, exceptions=0, total_checked=71000, total_404=552, avg_speed=967.6 records/sec
2026-01-14 12:06:43,718 - INFO - Processing batch #72, last_id=101102
2026-01-14 12:06:43,734 - INFO - Fetched 1000 rows from database
2026-01-14 12:06:43,808 - WARNING - 404 found: https://www.cian.ru/sale/flat/323754249/
2026-01-14 12:06:43,853 - WARNING - 404 found: https://odintsovo.cian.ru/sale/suburban/322230746/
2026-01-14 12:06:44,130 - INFO - Batch #72 completed: checked=1000, 404_found=2, exceptions=0, total_checked=72000, total_404=554, avg_speed=975.8 records/sec
2026-01-14 12:06:44,130 - INFO - Processing batch #73, last_id=102114
2026-01-14 12:06:44,150 - INFO - Fetched 1000 rows from database
2026-01-14 12:06:44,290 - WARNING - 404 found: https://khimki.cian.ru/sale/suburban/324257473/
2026-01-14 12:06:44,345 - WARNING - 404 found: https://odintsovo.cian.ru/sale/suburban/311104450/
2026-01-14 12:06:45,274 - INFO - Batch #73 completed: checked=1000, 404_found=2, exceptions=0, total_checked=73000, total_404=556, avg_speed=974.2 records/sec
2026-01-14 12:06:45,274 - INFO - Processing batch #74, last_id=103121
2026-01-14 12:06:45,291 - INFO - Fetched 1000 rows from database
2026-01-14 12:06:45,324 - WARNING - 404 found: https://www.cian.ru/sale/suburban/320166564/
2026-01-14 12:06:45,357 - WARNING - 404 found: https://www.cian.ru/sale/suburban/324554225/
2026-01-14 12:06:45,360 - WARNING - 404 found: https://korolev.cian.ru/sale/suburban/322444506/
2026-01-14 12:06:45,421 - WARNING - 404 found: https://www.cian.ru/sale/suburban/324466457/
2026-01-14 12:06:45,616 - WARNING - 404 found: https://www.cian.ru/sale/suburban/323069087/
2026-01-14 12:06:45,631 - WARNING - 404 found: https://www.cian.ru/sale/suburban/321216730/
2026-01-14 12:06:47,385 - INFO - Batch #74 completed: checked=1000, 404_found=6, exceptions=0, total_checked=74000, total_404=562, avg_speed=960.5 records/sec
2026-01-14 12:06:47,385 - INFO - Processing batch #75, last_id=104133
2026-01-14 12:06:47,402 - INFO - Fetched 1000 rows from database
2026-01-14 12:06:47,582 - WARNING - 404 found: https://odintsovo.cian.ru/sale/suburban/323948371/
2026-01-14 12:06:47,695 - WARNING - 404 found: https://www.cian.ru/sale/suburban/323816763/
2026-01-14 12:06:47,705 - WARNING - 404 found: https://balashikha.cian.ru/sale/suburban/322906818/
2026-01-14 12:06:47,765 - WARNING - 404 found: https://www.cian.ru/sale/suburban/311695597/
2026-01-14 12:06:47,787 - WARNING - 404 found: https://www.cian.ru/sale/suburban/295032334/
2026-01-14 12:06:47,879 - INFO - Batch #75 completed: checked=1000, 404_found=5, exceptions=0, total_checked=75000, total_404=567, avg_speed=967.3 records/sec
2026-01-14 12:06:47,881 - INFO - Processing batch #76, last_id=105138
2026-01-14 12:06:47,893 - INFO - Fetched 1000 rows from database
2026-01-14 12:06:47,911 - WARNING - 404 found: https://pushkino.cian.ru/sale/suburban/316691854/
2026-01-14 12:06:47,955 - WARNING - 404 found: https://www.cian.ru/sale/suburban/324356457/
2026-01-14 12:06:48,022 - WARNING - 404 found: https://ivanteyevka.cian.ru/sale/suburban/320721880/
2026-01-14 12:06:48,074 - WARNING - 404 found: https://balashikha.cian.ru/sale/suburban/323847751/
2026-01-14 12:06:48,077 - WARNING - 404 found: https://balashikha.cian.ru/sale/suburban/323843424/
2026-01-14 12:06:48,079 - WARNING - 404 found: https://balashikha.cian.ru/sale/suburban/320738099/
2026-01-14 12:06:48,082 - WARNING - 404 found: https://balashikha.cian.ru/sale/suburban/322113517/
2026-01-14 12:06:48,084 - WARNING - 404 found: https://balashikha.cian.ru/sale/suburban/324346199/
2026-01-14 12:06:48,087 - WARNING - 404 found: https://balashikha.cian.ru/sale/suburban/322030341/
2026-01-14 12:06:48,088 - WARNING - 404 found: https://balashikha.cian.ru/sale/suburban/323339744/
2026-01-14 12:06:48,089 - WARNING - 404 found: https://balashikha.cian.ru/sale/suburban/324159643/
2026-01-14 12:06:48,092 - WARNING - 404 found: https://balashikha.cian.ru/sale/suburban/323338769/
2026-01-14 12:06:48,159 - WARNING - 404 found: https://mytishchi.cian.ru/sale/suburban/303785152/
2026-01-14 12:06:48,205 - WARNING - 404 found: https://mytishchi.cian.ru/sale/suburban/313824831/
2026-01-14 12:06:48,296 - WARNING - 404 found: https://balashikha.cian.ru/sale/suburban/322101882/
2026-01-14 12:06:48,302 - WARNING - 404 found: https://balashikha.cian.ru/sale/suburban/324127641/
2026-01-14 12:06:48,381 - INFO - Batch #76 completed: checked=1000, 404_found=16, exceptions=0, total_checked=76000, total_404=583, avg_speed=973.9 records/sec
2026-01-14 12:06:48,381 - INFO - Processing batch #77, last_id=106143
2026-01-14 12:06:48,394 - INFO - Fetched 1000 rows from database
2026-01-14 12:06:48,485 - WARNING - 404 found: https://shchyolkovo.cian.ru/sale/suburban/324064659/
2026-01-14 12:06:48,487 - WARNING - 404 found: https://shchyolkovo.cian.ru/sale/suburban/324064245/
2026-01-14 12:06:48,645 - WARNING - 404 found: https://mytishchi.cian.ru/sale/suburban/311060792/
2026-01-14 12:06:48,683 - WARNING - 404 found: https://www.cian.ru/sale/suburban/324068411/
2026-01-14 12:06:48,704 - WARNING - 404 found: https://mytishchi.cian.ru/sale/suburban/287861447/
2026-01-14 12:06:48,725 - WARNING - 404 found: https://www.cian.ru/sale/suburban/319141816/
2026-01-14 12:06:48,938 - INFO - Batch #77 completed: checked=1000, 404_found=6, exceptions=0, total_checked=77000, total_404=589, avg_speed=979.7 records/sec
2026-01-14 12:06:48,938 - INFO - Processing batch #78, last_id=107152
2026-01-14 12:06:48,948 - INFO - Fetched 1000 rows from database
2026-01-14 12:06:49,127 - WARNING - 404 found: https://www.cian.ru/sale/suburban/321352602/
2026-01-14 12:06:49,136 - WARNING - 404 found: https://mytishchi.cian.ru/sale/suburban/320844782/
2026-01-14 12:06:49,144 - WARNING - 404 found: https://www.cian.ru/sale/suburban/310211009/
2026-01-14 12:06:49,185 - WARNING - 404 found: https://mytishchi.cian.ru/sale/suburban/321273027/
2026-01-14 12:06:49,254 - WARNING - 404 found: https://mytishchi.cian.ru/sale/suburban/317806605/
2026-01-14 12:06:49,306 - WARNING - 404 found: https://pushkino.cian.ru/sale/suburban/324378700/
2026-01-14 12:06:49,331 - WARNING - 404 found: https://mytishchi.cian.ru/sale/suburban/324163905/
2026-01-14 12:06:49,388 - WARNING - 404 found: https://www.cian.ru/sale/suburban/318419275/
2026-01-14 12:06:50,484 - INFO - Batch #78 completed: checked=1000, 404_found=8, exceptions=0, total_checked=78000, total_404=597, avg_speed=973.3 records/sec
2026-01-14 12:06:50,484 - INFO - Processing batch #79, last_id=108163
2026-01-14 12:06:50,493 - INFO - Fetched 1000 rows from database
2026-01-14 12:06:50,701 - WARNING - 404 found: https://korolev.cian.ru/sale/suburban/317001925/
2026-01-14 12:06:50,706 - WARNING - 404 found: https://www.cian.ru/sale/suburban/321471582/
2026-01-14 12:06:50,733 - WARNING - 404 found: https://www.cian.ru/sale/suburban/324513790/
2026-01-14 12:06:50,868 - WARNING - 404 found: https://www.cian.ru/sale/suburban/316122931/
2026-01-14 12:06:50,959 - INFO - Batch #79 completed: checked=1000, 404_found=4, exceptions=0, total_checked=79000, total_404=601, avg_speed=980.0 records/sec
2026-01-14 12:06:50,960 - INFO - Processing batch #80, last_id=109184
2026-01-14 12:06:50,970 - INFO - Fetched 1000 rows from database
2026-01-14 12:06:51,044 - WARNING - 404 found: https://www.cian.ru/sale/suburban/321140384/
2026-01-14 12:06:51,064 - WARNING - 404 found: https://mytishchi.cian.ru/sale/suburban/321347416/
2026-01-14 12:06:51,099 - WARNING - 404 found: https://www.cian.ru/sale/suburban/307150684/
2026-01-14 12:06:51,156 - WARNING - 404 found: https://www.cian.ru/sale/suburban/318749129/
2026-01-14 12:06:51,190 - WARNING - 404 found: https://domodedovo.cian.ru/sale/suburban/320147848/
2026-01-14 12:06:51,283 - WARNING - 404 found: https://odintsovo.cian.ru/sale/suburban/322687996/
2026-01-14 12:06:51,317 - WARNING - 404 found: https://odintsovo.cian.ru/sale/suburban/323466787/
2026-01-14 12:06:51,324 - WARNING - 404 found: https://odintsovo.cian.ru/sale/suburban/324567011/
2026-01-14 12:06:51,359 - WARNING - 404 found: https://odintsovo.cian.ru/sale/suburban/319267790/
2026-01-14 12:06:51,372 - WARNING - 404 found: https://www.cian.ru/sale/suburban/323850792/
2026-01-14 12:06:51,419 - INFO - Batch #80 completed: checked=1000, 404_found=10, exceptions=0, total_checked=80000, total_404=611, avg_speed=986.7 records/sec
2026-01-14 12:06:51,419 - INFO - Processing batch #81, last_id=110197
2026-01-14 12:06:51,429 - INFO - Fetched 1000 rows from database
2026-01-14 12:06:51,448 - WARNING - 404 found: https://ivanteyevka.cian.ru/sale/suburban/324614110/
2026-01-14 12:06:51,574 - WARNING - 404 found: https://solnechnogorsk.cian.ru/sale/suburban/323145035/
2026-01-14 12:06:51,641 - WARNING - 404 found: https://www.cian.ru/sale/suburban/311002150/
2026-01-14 12:06:51,673 - WARNING - 404 found: https://www.cian.ru/sale/suburban/323611193/
2026-01-14 12:06:51,674 - WARNING - 404 found: https://www.cian.ru/sale/suburban/324518706/
2026-01-14 12:06:51,707 - WARNING - 404 found: https://www.cian.ru/sale/suburban/315415595/
2026-01-14 12:06:51,709 - WARNING - 404 found: https://www.cian.ru/sale/suburban/312236634/
2026-01-14 12:06:51,810 - WARNING - 404 found: https://www.cian.ru/sale/suburban/320550481/
2026-01-14 12:06:56,616 - INFO - Batch #81 completed: checked=1000, 404_found=8, exceptions=0, total_checked=81000, total_404=619, avg_speed=938.9 records/sec
2026-01-14 12:06:56,616 - INFO - Processing batch #82, last_id=111204
2026-01-14 12:06:56,628 - INFO - Fetched 1000 rows from database
2026-01-14 12:06:56,684 - WARNING - 404 found: https://www.cian.ru/sale/suburban/323423890/
2026-01-14 12:06:56,693 - WARNING - 404 found: https://www.cian.ru/sale/suburban/320264113/
2026-01-14 12:06:56,709 - WARNING - 404 found: https://www.cian.ru/sale/suburban/324492395/
2026-01-14 12:06:56,800 - WARNING - 404 found: https://www.cian.ru/sale/suburban/323515165/
2026-01-14 12:06:57,008 - WARNING - 404 found: https://www.cian.ru/sale/suburban/323149311/
2026-01-14 12:06:57,752 - INFO - Batch #82 completed: checked=1000, 404_found=5, exceptions=0, total_checked=82000, total_404=624, avg_speed=938.1 records/sec
2026-01-14 12:06:57,752 - INFO - Processing batch #83, last_id=112209
2026-01-14 12:06:57,763 - INFO - Fetched 1000 rows from database
2026-01-14 12:06:57,793 - WARNING - 404 found: https://noginsk.cian.ru/sale/suburban/323871266/
2026-01-14 12:06:57,831 - WARNING - 404 found: https://naro-fominsk.cian.ru/sale/suburban/323689008/
2026-01-14 12:06:58,195 - INFO - Batch #83 completed: checked=1000, 404_found=2, exceptions=0, total_checked=83000, total_404=626, avg_speed=944.8 records/sec
2026-01-14 12:06:58,195 - INFO - Processing batch #84, last_id=113213
2026-01-14 12:06:58,205 - INFO - Fetched 1000 rows from database
2026-01-14 12:06:58,261 - WARNING - 404 found: https://domodedovo.cian.ru/sale/suburban/319889244/
2026-01-14 12:06:58,288 - WARNING - 404 found: https://naro-fominsk.cian.ru/sale/suburban/305786292/
2026-01-14 12:06:58,430 - WARNING - 404 found: https://zvenigorod.cian.ru/sale/suburban/321906656/
2026-01-14 12:06:58,430 - WARNING - 404 found: https://noginsk.cian.ru/sale/suburban/323522812/
2026-01-14 12:06:58,438 - WARNING - 404 found: https://naro-fominsk.cian.ru/sale/suburban/318801518/
2026-01-14 12:06:58,662 - INFO - Batch #84 completed: checked=1000, 404_found=5, exceptions=0, total_checked=84000, total_404=631, avg_speed=951.1 records/sec
2026-01-14 12:06:58,662 - INFO - Processing batch #85, last_id=114219
2026-01-14 12:06:58,673 - INFO - Fetched 1000 rows from database
2026-01-14 12:06:58,733 - WARNING - 404 found: https://www.cian.ru/sale/suburban/322172745/
2026-01-14 12:06:59,820 - INFO - Batch #85 completed: checked=1000, 404_found=1, exceptions=0, total_checked=85000, total_404=632, avg_speed=950.0 records/sec
2026-01-14 12:06:59,820 - INFO - Processing batch #86, last_id=115224
2026-01-14 12:06:59,830 - INFO - Fetched 1000 rows from database
2026-01-14 12:06:59,846 - WARNING - 404 found: https://odintsovo.cian.ru/sale/suburban/324475922/
2026-01-14 12:07:00,423 - INFO - Batch #86 completed: checked=1000, 404_found=1, exceptions=0, total_checked=86000, total_404=633, avg_speed=954.7 records/sec
2026-01-14 12:07:00,424 - INFO - Processing batch #87, last_id=116228
2026-01-14 12:07:00,433 - INFO - Fetched 1000 rows from database
2026-01-14 12:07:00,457 - WARNING - 404 found: https://www.cian.ru/sale/suburban/323998482/
2026-01-14 12:07:00,468 - WARNING - 404 found: https://www.cian.ru/sale/suburban/323801177/
2026-01-14 12:07:00,706 - WARNING - 404 found: https://www.cian.ru/sale/suburban/320850604/
2026-01-14 12:07:00,856 - INFO - Batch #87 completed: checked=1000, 404_found=3, exceptions=0, total_checked=87000, total_404=636, avg_speed=961.2 records/sec
2026-01-14 12:07:00,856 - INFO - Processing batch #88, last_id=117237
2026-01-14 12:07:00,865 - INFO - Fetched 1000 rows from database
2026-01-14 12:07:01,286 - INFO - Batch #88 completed: checked=1000, 404_found=0, exceptions=0, total_checked=88000, total_404=636, avg_speed=967.6 records/sec
2026-01-14 12:07:01,286 - INFO - Processing batch #89, last_id=118242
2026-01-14 12:07:01,299 - INFO - Fetched 1000 rows from database
2026-01-14 12:07:01,541 - WARNING - 404 found: https://www.cian.ru/sale/suburban/324208821/
2026-01-14 12:07:01,565 - WARNING - 404 found: https://www.cian.ru/sale/suburban/303280798/
2026-01-14 12:07:01,783 - INFO - Batch #89 completed: checked=1000, 404_found=2, exceptions=0, total_checked=89000, total_404=638, avg_speed=973.3 records/sec
2026-01-14 12:07:01,783 - INFO - Processing batch #90, last_id=119251
2026-01-14 12:07:01,794 - INFO - Fetched 1000 rows from database
2026-01-14 12:07:02,034 - WARNING - 404 found: https://www.cian.ru/sale/suburban/320369258/
2026-01-14 12:07:02,404 - INFO - Batch #90 completed: checked=1000, 404_found=1, exceptions=0, total_checked=90000, total_404=639, avg_speed=977.6 records/sec
2026-01-14 12:07:02,404 - INFO - Processing batch #91, last_id=120259
2026-01-14 12:07:02,433 - INFO - Fetched 1000 rows from database
2026-01-14 12:07:02,553 - WARNING - 404 found: https://www.cian.ru/sale/suburban/306911007/
2026-01-14 12:07:02,777 - WARNING - 404 found: https://naro-fominsk.cian.ru/sale/suburban/319139054/
2026-01-14 12:07:07,754 - INFO - Batch #91 completed: checked=1000, 404_found=2, exceptions=0, total_checked=91000, total_404=641, avg_speed=934.2 records/sec
2026-01-14 12:07:07,754 - INFO - Processing batch #92, last_id=121260
2026-01-14 12:07:07,768 - INFO - Fetched 1000 rows from database
2026-01-14 12:07:07,790 - WARNING - 404 found: https://www.cian.ru/sale/suburban/322436026/
2026-01-14 12:07:07,919 - WARNING - 404 found: https://www.cian.ru/sale/suburban/319777985/
2026-01-14 12:07:07,955 - WARNING - 404 found: https://www.cian.ru/sale/suburban/321820377/
2026-01-14 12:07:07,986 - WARNING - 404 found: https://solnechnogorsk.cian.ru/sale/suburban/323563859/
2026-01-14 12:07:08,070 - WARNING - 404 found: https://www.cian.ru/sale/suburban/318787239/
2026-01-14 12:07:08,254 - INFO - Batch #92 completed: checked=1000, 404_found=5, exceptions=0, total_checked=92000, total_404=646, avg_speed=939.6 records/sec
2026-01-14 12:07:08,254 - INFO - Processing batch #93, last_id=122267
2026-01-14 12:07:08,264 - INFO - Fetched 1000 rows from database
2026-01-14 12:07:08,380 - WARNING - 404 found: https://www.cian.ru/sale/suburban/321694031/
2026-01-14 12:07:08,506 - WARNING - 404 found: https://solnechnogorsk.cian.ru/sale/suburban/316460022/
2026-01-14 12:07:08,655 - WARNING - 404 found: https://www.cian.ru/sale/suburban/323903013/
2026-01-14 12:07:08,657 - WARNING - 404 found: https://ivanteyevka.cian.ru/sale/suburban/297552233/
2026-01-14 12:07:08,777 - INFO - Batch #93 completed: checked=1000, 404_found=4, exceptions=0, total_checked=93000, total_404=650, avg_speed=944.8 records/sec
2026-01-14 12:07:08,777 - INFO - Processing batch #94, last_id=123269
2026-01-14 12:07:08,786 - INFO - Fetched 1000 rows from database
2026-01-14 12:07:08,830 - WARNING - 404 found: https://www.cian.ru/sale/suburban/320369254/
2026-01-14 12:07:08,836 - WARNING - 404 found: https://www.cian.ru/sale/suburban/320369245/
2026-01-14 12:07:08,836 - WARNING - 404 found: https://www.cian.ru/sale/suburban/320369250/
2026-01-14 12:07:08,839 - WARNING - 404 found: https://www.cian.ru/sale/suburban/320369324/
2026-01-14 12:07:08,851 - WARNING - 404 found: https://www.cian.ru/sale/suburban/320369266/
2026-01-14 12:07:09,025 - WARNING - 404 found: https://www.cian.ru/sale/suburban/318787615/
2026-01-14 12:07:09,048 - WARNING - 404 found: https://www.cian.ru/sale/suburban/320369263/
2026-01-14 12:07:11,883 - INFO - Batch #94 completed: checked=1000, 404_found=7, exceptions=0, total_checked=94000, total_404=657, avg_speed=925.7 records/sec
2026-01-14 12:07:11,883 - INFO - Processing batch #95, last_id=124277
2026-01-14 12:07:11,893 - INFO - Fetched 1000 rows from database
2026-01-14 12:07:12,441 - INFO - Batch #95 completed: checked=1000, 404_found=0, exceptions=0, total_checked=95000, total_404=657, avg_speed=930.5 records/sec
2026-01-14 12:07:12,441 - INFO - Processing batch #96, last_id=125280
2026-01-14 12:07:12,451 - INFO - Fetched 1000 rows from database
2026-01-14 12:07:12,606 - WARNING - 404 found: https://www.cian.ru/sale/suburban/324751039/
2026-01-14 12:07:12,610 - WARNING - 404 found: https://www.cian.ru/sale/suburban/323275588/
2026-01-14 12:07:12,729 - WARNING - 404 found: https://www.cian.ru/sale/suburban/323892683/
2026-01-14 12:07:12,741 - WARNING - 404 found: https://www.cian.ru/sale/suburban/324061176/
2026-01-14 12:07:12,817 - WARNING - 404 found: https://www.cian.ru/sale/suburban/318337189/
2026-01-14 12:07:12,978 - INFO - Batch #96 completed: checked=1000, 404_found=5, exceptions=0, total_checked=96000, total_404=662, avg_speed=935.4 records/sec
2026-01-14 12:07:12,978 - INFO - Processing batch #97, last_id=126285
2026-01-14 12:07:12,989 - INFO - Fetched 1000 rows from database
2026-01-14 12:07:13,101 - WARNING - 404 found: https://www.cian.ru/sale/suburban/324396805/
2026-01-14 12:07:13,214 - WARNING - 404 found: https://www.cian.ru/sale/suburban/319787584/
2026-01-14 12:07:13,661 - INFO - Batch #97 completed: checked=1000, 404_found=2, exceptions=0, total_checked=97000, total_404=664, avg_speed=938.9 records/sec
2026-01-14 12:07:13,661 - INFO - Processing batch #98, last_id=127289
2026-01-14 12:07:13,672 - INFO - Fetched 1000 rows from database
2026-01-14 12:07:13,700 - WARNING - 404 found: https://www.cian.ru/sale/suburban/324411231/
2026-01-14 12:07:13,937 - WARNING - 404 found: https://www.cian.ru/sale/suburban/314716716/
2026-01-14 12:07:18,787 - INFO - Batch #98 completed: checked=1000, 404_found=2, exceptions=0, total_checked=98000, total_404=666, avg_speed=903.7 records/sec
2026-01-14 12:07:18,787 - INFO - Processing batch #99, last_id=128296
2026-01-14 12:07:18,795 - INFO - Fetched 1000 rows from database
2026-01-14 12:07:19,043 - WARNING - 404 found: https://www.cian.ru/sale/suburban/323951642/
2026-01-14 12:07:19,209 - INFO - Batch #99 completed: checked=1000, 404_found=1, exceptions=0, total_checked=99000, total_404=667, avg_speed=909.4 records/sec
2026-01-14 12:07:19,209 - INFO - Processing batch #100, last_id=129297
2026-01-14 12:07:19,220 - INFO - Fetched 1000 rows from database
2026-01-14 12:07:19,470 - WARNING - 404 found: https://www.cian.ru/sale/suburban/323570703/
2026-01-14 12:07:19,504 - WARNING - 404 found: https://www.cian.ru/sale/suburban/301128737/
2026-01-14 12:07:19,661 - INFO - Batch #100 completed: checked=1000, 404_found=2, exceptions=0, total_checked=100000, total_404=669, avg_speed=914.8 records/sec
2026-01-14 12:07:19,661 - INFO - Processing batch #101, last_id=130306
2026-01-14 12:07:19,672 - INFO - Fetched 1000 rows from database
2026-01-14 12:07:19,925 - WARNING - 404 found: https://mytishchi.cian.ru/sale/suburban/294517704/
2026-01-14 12:07:19,941 - WARNING - 404 found: https://odintsovo.cian.ru/sale/suburban/322451907/
2026-01-14 12:07:20,021 - WARNING - 404 found: https://www.cian.ru/sale/suburban/314263906/
2026-01-14 12:07:20,024 - WARNING - 404 found: https://mytishchi.cian.ru/sale/suburban/323664598/
2026-01-14 12:07:20,025 - WARNING - 404 found: https://www.cian.ru/sale/suburban/314263909/
2026-01-14 12:07:20,035 - WARNING - 404 found: https://www.cian.ru/sale/suburban/312898511/
2026-01-14 12:07:24,746 - INFO - Batch #101 completed: checked=1000, 404_found=6, exceptions=0, total_checked=101000, total_404=675, avg_speed=882.8 records/sec
2026-01-14 12:07:24,746 - INFO - Processing batch #102, last_id=131315
2026-01-14 12:07:24,755 - INFO - Fetched 1000 rows from database
2026-01-14 12:07:24,790 - WARNING - 404 found: https://www.cian.ru/sale/suburban/314224992/
2026-01-14 12:07:24,959 - WARNING - 404 found: https://www.cian.ru/sale/suburban/322720072/
2026-01-14 12:07:25,195 - WARNING - 404 found: https://www.cian.ru/sale/suburban/322720048/
2026-01-14 12:07:26,899 - INFO - Batch #102 completed: checked=1000, 404_found=3, exceptions=0, total_checked=102000, total_404=678, avg_speed=875.1 records/sec
2026-01-14 12:07:26,899 - INFO - Processing batch #103, last_id=132326
2026-01-14 12:07:26,917 - INFO - Fetched 951 rows from database
2026-01-14 12:07:27,729 - INFO - Batch #103 completed: checked=951, 404_found=0, exceptions=0, total_checked=102951, total_404=678, avg_speed=877.0 records/sec
2026-01-14 12:07:27,730 - INFO - Processing batch #104, last_id=133880
2026-01-14 12:07:27,732 - INFO - No more rows to process
2026-01-14 12:07:27,753 - INFO - ============================================================
2026-01-14 12:07:27,753 - INFO - PROCESSING COMPLETED
2026-01-14 12:07:27,753 - INFO - ============================================================
2026-01-14 12:07:27,754 - INFO - Total batches processed: 104
2026-01-14 12:07:27,754 - INFO - Total records checked: 102951
2026-01-14 12:07:27,754 - INFO - Total 404 images found: 678
2026-01-14 12:07:27,754 - INFO - Total time: 117.41 seconds
2026-01-14 12:07:27,755 - INFO - Average speed: 876.9 records/sec
2026-01-14 12:07:27,755 - INFO - 404 rate: 0.66%
