2026-01-14 14:02:16,822 - INFO - Batch #1, last_id=0
2026-01-14 14:02:17,652 - INFO - checked=500, 404=0, deleted=0, deactivated=0, speed=602.2/s
2026-01-14 14:02:17,652 - INFO - Batch #2, last_id=29156
2026-01-14 14:02:18,092 - INFO - checked=1000, 404=0, deleted=0, deactivated=0, speed=787.0/s
2026-01-14 14:02:18,093 - INFO - Batch #3, last_id=29666
2026-01-14 14:02:18,470 - INFO - checked=1500, 404=0, deleted=0, deactivated=0, speed=909.6/s
2026-01-14 14:02:18,471 - INFO - Batch #4, last_id=30171
2026-01-14 14:02:19,007 - INFO - checked=2000, 404=0, deleted=0, deactivated=0, speed=915.1/s
2026-01-14 14:02:19,009 - INFO - Batch #5, last_id=30679
2026-01-14 14:02:19,406 - INFO - checked=2500, 404=0, deleted=0, deactivated=0, speed=967.3/s
2026-01-14 14:02:19,406 - INFO - Batch #6, last_id=31185
2026-01-14 14:02:19,827 - INFO - checked=3000, 404=0, deleted=0, deactivated=0, speed=998.2/s
2026-01-14 14:02:19,827 - INFO - Batch #7, last_id=31693
2026-01-14 14:02:20,314 - INFO - checked=3500, 404=0, deleted=0, deactivated=0, speed=1002.1/s
2026-01-14 14:02:20,314 - INFO - Batch #8, last_id=32205
2026-01-14 14:02:20,779 - INFO - checked=4000, 404=0, deleted=0, deactivated=0, speed=1010.6/s
2026-01-14 14:02:20,779 - INFO - Batch #9, last_id=32706
2026-01-14 14:02:21,353 - INFO - checked=4500, 404=0, deleted=0, deactivated=0, speed=993.0/s
2026-01-14 14:02:21,353 - INFO - Batch #10, last_id=33209
2026-01-14 14:02:22,687 - INFO - checked=5000, 404=0, deleted=0, deactivated=0, speed=852.5/s
2026-01-14 14:02:22,687 - INFO - Batch #11, last_id=33724
2026-01-14 14:02:23,096 - INFO - checked=5500, 404=0, deleted=0, deactivated=0, speed=876.6/s
2026-01-14 14:02:23,096 - INFO - Batch #12, last_id=34258
2026-01-14 14:02:23,476 - INFO - checked=6000, 404=0, deleted=0, deactivated=0, speed=901.6/s
2026-01-14 14:02:23,477 - INFO - Batch #13, last_id=34795
2026-01-14 14:02:23,884 - INFO - checked=6500, 404=0, deleted=0, deactivated=0, speed=920.3/s
2026-01-14 14:02:23,885 - INFO - Batch #14, last_id=35337
2026-01-14 14:02:26,064 - INFO - checked=7000, 404=0, deleted=0, deactivated=0, speed=757.3/s
2026-01-14 14:02:26,065 - INFO - Batch #15, last_id=35866
2026-01-14 14:02:26,509 - INFO - checked=7500, 404=0, deleted=0, deactivated=0, speed=774.1/s
2026-01-14 14:02:26,510 - INFO - Batch #16, last_id=36402
2026-01-14 14:02:27,051 - INFO - checked=8000, 404=0, deleted=0, deactivated=0, speed=782.0/s
2026-01-14 14:02:27,051 - INFO - Batch #17, last_id=36923
2026-01-14 14:02:29,196 - INFO - checked=8500, 404=0, deleted=0, deactivated=0, speed=686.9/s
2026-01-14 14:02:29,196 - INFO - Batch #18, last_id=37453
2026-01-14 14:02:29,626 - INFO - checked=9000, 404=0, deleted=0, deactivated=0, speed=702.9/s
2026-01-14 14:02:29,626 - INFO - Batch #19, last_id=37982
2026-01-14 14:02:30,041 - INFO - checked=9500, 404=0, deleted=0, deactivated=0, speed=718.6/s
2026-01-14 14:02:30,041 - INFO - Batch #20, last_id=38508
2026-01-14 14:02:30,541 - INFO - checked=10000, 404=0, deleted=0, deactivated=0, speed=728.9/s
2026-01-14 14:02:30,541 - INFO - Batch #21, last_id=39034
2026-01-14 14:02:30,938 - INFO - checked=10500, 404=0, deleted=0, deactivated=0, speed=743.8/s
2026-01-14 14:02:30,938 - INFO - Batch #22, last_id=39565
2026-01-14 14:02:31,249 - WARNING - 404 image found | offer_id=40028 | offer_url=https://www.cian.ru/sale/flat/323326824/
2026-01-14 14:02:36,254 - INFO - checked=11000, 404=1, deleted=0, deactivated=0, speed=566.0/s
2026-01-14 14:02:36,255 - INFO - Batch #23, last_id=40094
2026-01-14 14:02:36,787 - INFO - checked=11500, 404=1, deleted=0, deactivated=0, speed=576.0/s
2026-01-14 14:02:36,788 - INFO - Batch #24, last_id=40611
2026-01-14 14:02:37,444 - INFO - checked=12000, 404=1, deleted=0, deactivated=0, speed=581.9/s
2026-01-14 14:02:37,445 - INFO - Batch #25, last_id=41144
2026-01-14 14:02:37,851 - INFO - checked=12500, 404=1, deleted=0, deactivated=0, speed=594.4/s
2026-01-14 14:02:37,852 - INFO - Batch #26, last_id=41691
2026-01-14 14:02:37,931 - WARNING - 404 image found | offer_id=41800 | offer_url=https://www.cian.ru/sale/flat/323460013/
2026-01-14 14:02:38,256 - INFO - checked=13000, 404=2, deleted=0, deactivated=0, speed=606.5/s
2026-01-14 14:02:38,257 - INFO - Batch #27, last_id=42217
2026-01-14 14:02:38,665 - INFO - checked=13500, 404=2, deleted=0, deactivated=0, speed=618.0/s
2026-01-14 14:02:38,665 - INFO - Batch #28, last_id=42763
2026-01-14 14:02:39,126 - INFO - checked=14000, 404=2, deleted=0, deactivated=0, speed=627.7/s
2026-01-14 14:02:39,126 - INFO - Batch #29, last_id=43300
2026-01-14 14:02:39,554 - INFO - checked=14500, 404=2, deleted=0, deactivated=0, speed=637.8/s
2026-01-14 14:02:39,554 - INFO - Batch #30, last_id=43845
2026-01-14 14:02:40,980 - INFO - checked=15000, 404=2, deleted=0, deactivated=0, speed=620.9/s
2026-01-14 14:02:40,981 - INFO - Batch #31, last_id=44375
2026-01-14 14:02:41,199 - WARNING - 404 image found | offer_id=44728 | offer_url=https://odintsovo.cian.ru/sale/flat/321924802/
2026-01-14 14:02:42,205 - INFO - checked=15500, 404=3, deleted=0, deactivated=0, speed=610.6/s
2026-01-14 14:02:42,205 - INFO - Batch #32, last_id=44914
2026-01-14 14:02:43,523 - INFO - checked=16000, 404=3, deleted=0, deactivated=0, speed=599.2/s
2026-01-14 14:02:43,523 - INFO - Batch #33, last_id=45431
2026-01-14 14:02:43,755 - WARNING - 404 image found | offer_id=45775 | offer_url=https://dmitrov.cian.ru/sale/flat/322909537/
2026-01-14 14:02:43,914 - INFO - checked=16500, 404=4, deleted=0, deactivated=0, speed=609.0/s
2026-01-14 14:02:43,914 - INFO - Batch #34, last_id=45957
2026-01-14 14:02:44,295 - INFO - checked=17000, 404=4, deleted=0, deactivated=0, speed=618.8/s
2026-01-14 14:02:44,296 - INFO - Batch #35, last_id=46475
2026-01-14 14:02:44,769 - INFO - checked=17500, 404=4, deleted=0, deactivated=0, speed=626.2/s
2026-01-14 14:02:44,769 - INFO - Batch #36, last_id=46993
2026-01-14 14:02:46,832 - INFO - checked=18000, 404=4, deleted=0, deactivated=0, speed=599.8/s
2026-01-14 14:02:46,832 - INFO - Batch #37, last_id=47516
2026-01-14 14:02:47,410 - INFO - checked=18500, 404=4, deleted=0, deactivated=0, speed=604.8/s
2026-01-14 14:02:47,410 - INFO - Batch #38, last_id=48033
2026-01-14 14:02:47,625 - WARNING - 404 image found | offer_id=48319 | offer_url=https://dmitrov.cian.ru/sale/flat/323114840/
2026-01-14 14:02:47,909 - INFO - checked=19000, 404=5, deleted=0, deactivated=0, speed=611.2/s
2026-01-14 14:02:47,909 - INFO - Batch #39, last_id=48560
2026-01-14 14:02:48,291 - INFO - checked=19500, 404=5, deleted=0, deactivated=0, speed=619.6/s
2026-01-14 14:02:48,292 - INFO - Batch #40, last_id=49079
2026-01-14 14:02:48,733 - INFO - checked=20000, 404=5, deleted=0, deactivated=0, speed=626.7/s
2026-01-14 14:02:48,733 - INFO - Batch #41, last_id=49590
