2026-01-14 14:18:10,660 - INFO - Batch #1, last_id=0
2026-01-14 14:18:12,192 - INFO - checked=500, 404=0, deleted=0, deactivated=0, speed=326.4/s
2026-01-14 14:18:12,192 - INFO - Batch #2, last_id=29156
2026-01-14 14:18:13,690 - INFO - checked=1000, 404=0, deleted=0, deactivated=0, speed=330.0/s
2026-01-14 14:18:13,691 - INFO - Batch #3, last_id=29666
2026-01-14 14:18:14,398 - INFO - checked=1500, 404=0, deleted=0, deactivated=0, speed=401.2/s
2026-01-14 14:18:14,399 - INFO - Batch #4, last_id=30171
2026-01-14 14:18:14,883 - INFO - checked=2000, 404=0, deleted=0, deactivated=0, speed=473.5/s
2026-01-14 14:18:14,884 - INFO - Batch #5, last_id=30679
2026-01-14 14:18:15,289 - INFO - checked=2500, 404=0, deleted=0, deactivated=0, speed=540.1/s
2026-01-14 14:18:15,289 - INFO - Batch #6, last_id=31185
2026-01-14 14:18:15,818 - INFO - checked=3000, 404=0, deleted=0, deactivated=0, speed=581.6/s
2026-01-14 14:18:15,818 - INFO - Batch #7, last_id=31693
2026-01-14 14:18:16,834 - INFO - checked=3500, 404=0, deleted=0, deactivated=0, speed=566.9/s
2026-01-14 14:18:16,834 - INFO - Batch #8, last_id=32205
2026-01-14 14:18:17,717 - INFO - checked=4000, 404=0, deleted=0, deactivated=0, speed=566.7/s
2026-01-14 14:18:17,718 - INFO - Batch #9, last_id=32706
2026-01-14 14:18:18,287 - INFO - checked=4500, 404=0, deleted=0, deactivated=0, speed=590.0/s
2026-01-14 14:18:18,287 - INFO - Batch #10, last_id=33209
2026-01-14 14:18:20,495 - INFO - checked=5000, 404=0, deleted=0, deactivated=0, speed=508.4/s
2026-01-14 14:18:20,495 - INFO - Batch #11, last_id=33724
2026-01-14 14:18:21,879 - INFO - checked=5500, 404=0, deleted=0, deactivated=0, speed=490.2/s
2026-01-14 14:18:21,880 - INFO - Batch #12, last_id=34258
2026-01-14 14:18:22,496 - INFO - checked=6000, 404=0, deleted=0, deactivated=0, speed=506.9/s
2026-01-14 14:18:22,497 - INFO - Batch #13, last_id=34795
2026-01-14 14:18:22,719 - WARNING - 404 image found | offer_id=35034 | offer_url=https://www.cian.ru/sale/flat/323522614/
2026-01-14 14:18:23,899 - INFO - checked=6500, 404=1, deleted=0, deactivated=0, speed=491.0/s
2026-01-14 14:18:23,899 - INFO - Batch #14, last_id=35337
2026-01-14 14:18:24,298 - INFO - checked=7000, 404=1, deleted=0, deactivated=0, speed=513.3/s
2026-01-14 14:18:24,298 - INFO - Batch #15, last_id=35866
2026-01-14 14:18:24,831 - INFO - checked=7500, 404=1, deleted=0, deactivated=0, speed=529.2/s
2026-01-14 14:18:24,832 - INFO - Batch #16, last_id=36402
2026-01-14 14:18:25,313 - INFO - checked=8000, 404=1, deleted=0, deactivated=0, speed=545.9/s
2026-01-14 14:18:25,314 - INFO - Batch #17, last_id=36923
2026-01-14 14:18:25,404 - WARNING - 404 image found | offer_id=37040 | offer_url=https://www.cian.ru/sale/flat/320256265/
2026-01-14 14:18:25,798 - INFO - checked=8500, 404=2, deleted=0, deactivated=0, speed=561.5/s
2026-01-14 14:18:25,798 - INFO - Batch #18, last_id=37453
2026-01-14 14:18:26,232 - INFO - checked=9000, 404=2, deleted=0, deactivated=0, speed=578.0/s
2026-01-14 14:18:26,232 - INFO - Batch #19, last_id=37982
2026-01-14 14:18:26,787 - INFO - checked=9500, 404=2, deleted=0, deactivated=0, speed=589.0/s
2026-01-14 14:18:26,788 - INFO - Batch #20, last_id=38508
2026-01-14 14:18:27,287 - INFO - checked=10000, 404=2, deleted=0, deactivated=0, speed=601.4/s
2026-01-14 14:18:27,287 - INFO - Batch #21, last_id=39034
2026-01-14 14:18:27,758 - INFO - checked=10500, 404=2, deleted=0, deactivated=0, speed=614.1/s
2026-01-14 14:18:27,758 - INFO - Batch #22, last_id=39565
2026-01-14 14:18:28,216 - INFO - checked=11000, 404=2, deleted=0, deactivated=0, speed=626.6/s
2026-01-14 14:18:28,216 - INFO - Batch #23, last_id=40095
2026-01-14 14:18:29,410 - INFO - checked=11500, 404=2, deleted=0, deactivated=0, speed=613.3/s
2026-01-14 14:18:29,410 - INFO - Batch #24, last_id=40613
2026-01-14 14:18:29,806 - INFO - checked=12000, 404=2, deleted=0, deactivated=0, speed=626.7/s
2026-01-14 14:18:29,806 - INFO - Batch #25, last_id=41145
2026-01-14 14:18:30,224 - INFO - checked=12500, 404=2, deleted=0, deactivated=0, speed=638.9/s
2026-01-14 14:18:30,224 - INFO - Batch #26, last_id=41692
2026-01-14 14:18:31,881 - INFO - checked=13000, 404=2, deleted=0, deactivated=0, speed=612.6/s
2026-01-14 14:18:31,881 - INFO - Batch #27, last_id=42218
2026-01-14 14:18:37,094 - INFO - checked=13500, 404=2, deleted=0, deactivated=0, speed=510.7/s
2026-01-14 14:18:37,094 - INFO - Batch #28, last_id=42765
2026-01-14 14:18:37,624 - INFO - checked=14000, 404=2, deleted=0, deactivated=0, speed=519.2/s
2026-01-14 14:18:37,625 - INFO - Batch #29, last_id=43302
2026-01-14 14:18:37,716 - WARNING - 404 image found | offer_id=43413 | offer_url=https://www.cian.ru/sale/flat/323217958/
2026-01-14 14:18:38,290 - INFO - checked=14500, 404=3, deleted=0, deactivated=0, speed=524.8/s
2026-01-14 14:18:38,291 - INFO - Batch #30, last_id=43848
2026-01-14 14:18:38,972 - INFO - checked=15000, 404=3, deleted=0, deactivated=0, speed=529.8/s
2026-01-14 14:18:38,972 - INFO - Batch #31, last_id=44379
2026-01-14 14:18:39,395 - INFO - checked=15500, 404=3, deleted=0, deactivated=0, speed=539.4/s
2026-01-14 14:18:39,396 - INFO - Batch #32, last_id=44919
2026-01-14 14:18:40,474 - INFO - checked=16000, 404=3, deleted=0, deactivated=0, speed=536.6/s
2026-01-14 14:18:40,475 - INFO - Batch #33, last_id=45435
2026-01-14 14:18:41,793 - INFO - checked=16500, 404=3, deleted=0, deactivated=0, speed=530.0/s
2026-01-14 14:18:41,793 - INFO - Batch #34, last_id=45963
2026-01-14 14:18:42,272 - INFO - checked=17000, 404=3, deleted=0, deactivated=0, speed=537.8/s
2026-01-14 14:18:42,272 - INFO - Batch #35, last_id=46480
2026-01-14 14:18:43,511 - INFO - checked=17500, 404=3, deleted=0, deactivated=0, speed=532.7/s
2026-01-14 14:18:43,512 - INFO - Batch #36, last_id=46998
2026-01-14 14:18:44,091 - INFO - checked=18000, 404=3, deleted=0, deactivated=0, speed=538.4/s
2026-01-14 14:18:44,091 - INFO - Batch #37, last_id=47521
2026-01-14 14:18:44,803 - INFO - checked=18500, 404=3, deleted=0, deactivated=0, speed=541.8/s
2026-01-14 14:18:44,804 - INFO - Batch #38, last_id=48039
2026-01-14 14:18:45,070 - WARNING - 404 image found | offer_id=48319 | offer_url=https://dmitrov.cian.ru/sale/flat/323114840/
2026-01-14 14:18:46,394 - INFO - checked=19000, 404=4, deleted=0, deactivated=0, speed=531.7/s
2026-01-14 14:18:46,394 - INFO - Batch #39, last_id=48566
2026-01-14 14:18:47,083 - INFO - checked=19500, 404=4, deleted=0, deactivated=0, speed=535.4/s
2026-01-14 14:18:47,083 - INFO - Batch #40, last_id=49085
2026-01-14 14:18:52,437 - INFO - checked=20000, 404=4, deleted=0, deactivated=0, speed=478.7/s
2026-01-14 14:18:52,437 - INFO - Batch #41, last_id=49596
2026-01-14 14:18:52,868 - INFO - checked=20500, 404=4, deleted=0, deactivated=0, speed=485.7/s
2026-01-14 14:18:52,868 - INFO - Batch #42, last_id=50108
2026-01-14 14:18:53,269 - INFO - checked=21000, 404=4, deleted=0, deactivated=0, speed=492.9/s
2026-01-14 14:18:53,269 - INFO - Batch #43, last_id=50611
2026-01-14 14:18:53,757 - INFO - checked=21500, 404=4, deleted=0, deactivated=0, speed=498.9/s
2026-01-14 14:18:53,757 - INFO - Batch #44, last_id=51113
2026-01-14 14:18:54,486 - INFO - checked=22000, 404=4, deleted=0, deactivated=0, speed=502.0/s
2026-01-14 14:18:54,486 - INFO - Batch #45, last_id=51618
2026-01-14 14:18:54,933 - INFO - checked=22500, 404=4, deleted=0, deactivated=0, speed=508.2/s
2026-01-14 14:18:54,933 - INFO - Batch #46, last_id=52128
2026-01-14 14:18:56,121 - INFO - checked=23000, 404=4, deleted=0, deactivated=0, speed=505.9/s
2026-01-14 14:18:56,121 - INFO - Batch #47, last_id=52644
2026-01-14 14:18:56,764 - INFO - checked=23500, 404=4, deleted=0, deactivated=0, speed=509.7/s
2026-01-14 14:18:56,764 - INFO - Batch #48, last_id=53163
2026-01-14 14:18:57,222 - INFO - checked=24000, 404=4, deleted=0, deactivated=0, speed=515.4/s
2026-01-14 14:18:57,222 - INFO - Batch #49, last_id=53682
2026-01-14 14:18:57,881 - INFO - checked=24500, 404=4, deleted=0, deactivated=0, speed=518.8/s
2026-01-14 14:18:57,881 - INFO - Batch #50, last_id=54201
2026-01-14 14:18:58,597 - INFO - checked=25000, 404=4, deleted=0, deactivated=0, speed=521.5/s
2026-01-14 14:18:58,597 - INFO - Batch #51, last_id=54719
2026-01-14 14:18:59,929 - INFO - checked=25500, 404=4, deleted=0, deactivated=0, speed=517.6/s
2026-01-14 14:18:59,930 - INFO - Batch #52, last_id=55242
2026-01-14 14:19:00,421 - INFO - checked=26000, 404=4, deleted=0, deactivated=0, speed=522.5/s
2026-01-14 14:19:00,421 - INFO - Batch #53, last_id=55762
2026-01-14 14:19:00,881 - INFO - checked=26500, 404=4, deleted=0, deactivated=0, speed=527.7/s
2026-01-14 14:19:00,881 - INFO - Batch #54, last_id=56287
2026-01-14 14:19:01,332 - INFO - checked=27000, 404=4, deleted=0, deactivated=0, speed=532.8/s
2026-01-14 14:19:01,332 - INFO - Batch #55, last_id=56806
2026-01-14 14:19:02,215 - INFO - checked=27500, 404=4, deleted=0, deactivated=0, speed=533.4/s
2026-01-14 14:19:02,215 - INFO - Batch #56, last_id=57325
2026-01-14 14:19:07,669 - INFO - checked=28000, 404=4, deleted=0, deactivated=0, speed=491.2/s
2026-01-14 14:19:07,669 - INFO - Batch #57, last_id=57850
2026-01-14 14:19:08,117 - INFO - checked=28500, 404=4, deleted=0, deactivated=0, speed=496.0/s
2026-01-14 14:19:08,117 - INFO - Batch #58, last_id=58369
2026-01-14 14:19:08,583 - INFO - checked=29000, 404=4, deleted=0, deactivated=0, speed=500.7/s
2026-01-14 14:19:08,583 - INFO - Batch #59, last_id=58891
2026-01-14 14:19:08,700 - WARNING - 404 image found | offer_id=59027 | offer_url=https://klin.cian.ru/sale/flat/323473622/
2026-01-14 14:19:10,934 - INFO - checked=29500, 404=5, deleted=0, deactivated=0, speed=489.4/s
2026-01-14 14:19:10,935 - INFO - Batch #60, last_id=59399
2026-01-14 14:19:13,184 - INFO - checked=30000, 404=5, deleted=0, deactivated=0, speed=479.8/s
2026-01-14 14:19:13,185 - INFO - Batch #61, last_id=59901
2026-01-14 14:19:13,616 - INFO - checked=30500, 404=5, deleted=0, deactivated=0, speed=484.5/s
2026-01-14 14:19:13,616 - INFO - Batch #62, last_id=60404
2026-01-14 14:19:14,257 - INFO - checked=31000, 404=5, deleted=0, deactivated=0, speed=487.4/s
2026-01-14 14:19:14,257 - INFO - Batch #63, last_id=60904
2026-01-14 14:19:15,069 - INFO - checked=31500, 404=5, deleted=0, deactivated=0, speed=489.1/s
2026-01-14 14:19:15,070 - INFO - Batch #64, last_id=61426
2026-01-14 14:19:15,764 - INFO - checked=32000, 404=5, deleted=0, deactivated=0, speed=491.5/s
2026-01-14 14:19:15,764 - INFO - Batch #65, last_id=61952
2026-01-14 14:19:16,175 - INFO - checked=32500, 404=5, deleted=0, deactivated=0, speed=496.1/s
2026-01-14 14:19:16,175 - INFO - Batch #66, last_id=62470
2026-01-14 14:19:17,425 - INFO - checked=33000, 404=5, deleted=0, deactivated=0, speed=494.3/s
2026-01-14 14:19:17,426 - INFO - Batch #67, last_id=62990
2026-01-14 14:19:17,839 - INFO - checked=33500, 404=5, deleted=0, deactivated=0, speed=498.7/s
2026-01-14 14:19:17,839 - INFO - Batch #68, last_id=63501
2026-01-14 14:19:18,198 - WARNING - 404 image found | offer_id=63972 | offer_url=https://odintsovo.cian.ru/sale/flat/323551747/
2026-01-14 14:19:18,358 - INFO - checked=34000, 404=6, deleted=0, deactivated=0, speed=502.2/s
2026-01-14 14:19:18,359 - INFO - Batch #69, last_id=64011
2026-01-14 14:19:18,886 - INFO - checked=34500, 404=6, deleted=0, deactivated=0, speed=505.7/s
2026-01-14 14:19:18,886 - INFO - Batch #70, last_id=64530
2026-01-14 14:19:19,196 - WARNING - 404 image found | offer_id=64927 | offer_url=https://www.cian.ru/sale/flat/318474612/
2026-01-14 14:19:20,167 - INFO - checked=35000, 404=7, deleted=0, deactivated=0, speed=503.5/s
2026-01-14 14:19:20,167 - INFO - Batch #71, last_id=65053
2026-01-14 14:19:20,599 - INFO - checked=35500, 404=7, deleted=0, deactivated=0, speed=507.6/s
2026-01-14 14:19:20,599 - INFO - Batch #72, last_id=65570
2026-01-14 14:19:21,783 - INFO - checked=36000, 404=7, deleted=0, deactivated=0, speed=506.2/s
2026-01-14 14:19:21,784 - INFO - Batch #73, last_id=66083
2026-01-14 14:19:22,217 - INFO - checked=36500, 404=7, deleted=0, deactivated=0, speed=510.1/s
2026-01-14 14:19:22,218 - INFO - Batch #74, last_id=66597
2026-01-14 14:19:22,666 - INFO - checked=37000, 404=7, deleted=0, deactivated=0, speed=513.8/s
2026-01-14 14:19:22,666 - INFO - Batch #75, last_id=67111
2026-01-14 14:19:23,373 - INFO - checked=37500, 404=7, deleted=0, deactivated=0, speed=515.7/s
2026-01-14 14:19:23,373 - INFO - Batch #76, last_id=67621
2026-01-14 14:19:23,822 - INFO - checked=38000, 404=7, deleted=0, deactivated=0, speed=519.4/s
2026-01-14 14:19:23,822 - INFO - Batch #77, last_id=68142
2026-01-14 14:19:24,263 - INFO - checked=38500, 404=7, deleted=0, deactivated=0, speed=523.1/s
2026-01-14 14:19:24,264 - INFO - Batch #78, last_id=68668
2026-01-14 14:19:29,389 - INFO - checked=39000, 404=7, deleted=0, deactivated=0, speed=495.4/s
2026-01-14 14:19:29,389 - INFO - Batch #79, last_id=69182
2026-01-14 14:19:29,796 - INFO - checked=39500, 404=7, deleted=0, deactivated=0, speed=499.1/s
2026-01-14 14:19:29,796 - INFO - Batch #80, last_id=69703
2026-01-14 14:19:30,200 - INFO - checked=40000, 404=7, deleted=0, deactivated=0, speed=502.9/s
2026-01-14 14:19:30,200 - INFO - Batch #81, last_id=70215
2026-01-14 14:19:30,607 - INFO - checked=40500, 404=7, deleted=0, deactivated=0, speed=506.6/s
2026-01-14 14:19:30,607 - INFO - Batch #82, last_id=70734
2026-01-14 14:19:31,037 - INFO - checked=41000, 404=7, deleted=0, deactivated=0, speed=510.1/s
2026-01-14 14:19:31,037 - INFO - Batch #83, last_id=71257
2026-01-14 14:19:32,492 - INFO - checked=41500, 404=7, deleted=0, deactivated=0, speed=507.1/s
2026-01-14 14:19:32,492 - INFO - Batch #84, last_id=71772
2026-01-14 14:19:32,993 - INFO - checked=42000, 404=7, deleted=0, deactivated=0, speed=510.1/s
2026-01-14 14:19:32,994 - INFO - Batch #85, last_id=72294
2026-01-14 14:19:33,400 - INFO - checked=42500, 404=7, deleted=0, deactivated=0, speed=513.7/s
2026-01-14 14:19:33,400 - INFO - Batch #86, last_id=72803
2026-01-14 14:19:33,833 - INFO - checked=43000, 404=7, deleted=0, deactivated=0, speed=517.0/s
2026-01-14 14:19:33,833 - INFO - Batch #87, last_id=73315
2026-01-14 14:19:34,442 - INFO - checked=43500, 404=7, deleted=0, deactivated=0, speed=519.2/s
2026-01-14 14:19:34,442 - INFO - Batch #88, last_id=73832
2026-01-14 14:19:34,873 - INFO - checked=44000, 404=7, deleted=0, deactivated=0, speed=522.5/s
2026-01-14 14:19:34,873 - INFO - Batch #89, last_id=74336
2026-01-14 14:19:35,334 - INFO - checked=44500, 404=7, deleted=0, deactivated=0, speed=525.5/s
2026-01-14 14:19:35,334 - INFO - Batch #90, last_id=74852
2026-01-14 14:19:36,428 - INFO - checked=45000, 404=7, deleted=0, deactivated=0, speed=524.7/s
2026-01-14 14:19:36,428 - INFO - Batch #91, last_id=75356
2026-01-14 14:19:37,159 - INFO - checked=45500, 404=7, deleted=0, deactivated=0, speed=526.0/s
2026-01-14 14:19:37,159 - INFO - Batch #92, last_id=75866
2026-01-14 14:19:37,607 - INFO - checked=46000, 404=7, deleted=0, deactivated=0, speed=529.1/s
2026-01-14 14:19:37,607 - INFO - Batch #93, last_id=76372
2026-01-14 14:19:38,012 - INFO - checked=46500, 404=7, deleted=0, deactivated=0, speed=532.3/s
2026-01-14 14:19:38,012 - INFO - Batch #94, last_id=76882
2026-01-14 14:19:38,422 - INFO - checked=47000, 404=7, deleted=0, deactivated=0, speed=535.5/s
2026-01-14 14:19:38,422 - INFO - Batch #95, last_id=77391
2026-01-14 14:19:39,042 - INFO - checked=47500, 404=7, deleted=0, deactivated=0, speed=537.4/s
2026-01-14 14:19:39,042 - INFO - Batch #96, last_id=77907
2026-01-14 14:19:40,197 - INFO - checked=48000, 404=7, deleted=0, deactivated=0, speed=536.1/s
2026-01-14 14:19:40,197 - INFO - Batch #97, last_id=78416
2026-01-14 14:19:40,564 - INFO - checked=48500, 404=7, deleted=0, deactivated=0, speed=539.5/s
2026-01-14 14:19:40,564 - INFO - Batch #98, last_id=78928
2026-01-14 14:19:45,888 - INFO - checked=49000, 404=7, deleted=0, deactivated=0, speed=514.5/s
2026-01-14 14:19:45,889 - INFO - Batch #99, last_id=79446
2026-01-14 14:19:46,303 - INFO - checked=49500, 404=7, deleted=0, deactivated=0, speed=517.5/s
2026-01-14 14:19:46,303 - INFO - Batch #100, last_id=79957
2026-01-14 14:19:47,538 - INFO - checked=50000, 404=7, deleted=0, deactivated=0, speed=516.1/s
2026-01-14 14:19:47,538 - INFO - Batch #101, last_id=80468
2026-01-14 14:19:47,987 - INFO - checked=50500, 404=7, deleted=0, deactivated=0, speed=518.9/s
2026-01-14 14:19:47,987 - INFO - Batch #102, last_id=80974
2026-01-14 14:19:48,369 - INFO - checked=51000, 404=7, deleted=0, deactivated=0, speed=522.0/s
2026-01-14 14:19:48,369 - INFO - Batch #103, last_id=81480
2026-01-14 14:19:48,767 - INFO - checked=51500, 404=7, deleted=0, deactivated=0, speed=524.9/s
2026-01-14 14:19:48,768 - INFO - Batch #104, last_id=81997
2026-01-14 14:19:49,838 - INFO - checked=52000, 404=7, deleted=0, deactivated=0, speed=524.3/s
2026-01-14 14:19:49,839 - INFO - Batch #105, last_id=82507
2026-01-14 14:19:50,342 - INFO - checked=52500, 404=7, deleted=0, deactivated=0, speed=526.7/s
2026-01-14 14:19:50,342 - INFO - Batch #106, last_id=83017
2026-01-14 14:19:50,467 - WARNING - 404 image found | offer_id=83195 | offer_url=https://mytishchi.cian.ru/sale/flat/322116834/
2026-01-14 14:19:50,717 - INFO - checked=53000, 404=8, deleted=0, deactivated=0, speed=529.7/s
2026-01-14 14:19:50,717 - INFO - Batch #107, last_id=83531
2026-01-14 14:19:51,141 - INFO - checked=53500, 404=8, deleted=0, deactivated=0, speed=532.4/s
2026-01-14 14:19:51,141 - INFO - Batch #108, last_id=84046
2026-01-14 14:19:51,560 - WARNING - 404 image found | offer_id=84532 | offer_url=https://vidnoye.cian.ru/sale/flat/323718151/
2026-01-14 14:19:51,836 - INFO - checked=54000, 404=9, deleted=0, deactivated=0, speed=533.7/s
2026-01-14 14:19:51,837 - INFO - Batch #109, last_id=84554
2026-01-14 14:19:52,406 - INFO - checked=54500, 404=9, deleted=0, deactivated=0, speed=535.6/s
2026-01-14 14:19:52,406 - INFO - Batch #110, last_id=85058
2026-01-14 14:19:52,910 - INFO - checked=55000, 404=9, deleted=0, deactivated=0, speed=537.9/s
2026-01-14 14:19:52,910 - INFO - Batch #111, last_id=85565
2026-01-14 14:19:58,091 - INFO - checked=55500, 404=9, deleted=0, deactivated=0, speed=516.6/s
2026-01-14 14:19:58,091 - INFO - Batch #112, last_id=86068
2026-01-14 14:20:03,265 - INFO - checked=56000, 404=9, deleted=0, deactivated=0, speed=497.3/s
2026-01-14 14:20:03,265 - INFO - Batch #113, last_id=86581
2026-01-14 14:20:03,807 - INFO - checked=56500, 404=9, deleted=0, deactivated=0, speed=499.3/s
2026-01-14 14:20:03,807 - INFO - Batch #114, last_id=87087
2026-01-14 14:20:04,480 - INFO - checked=57000, 404=9, deleted=0, deactivated=0, speed=500.8/s
2026-01-14 14:20:04,481 - INFO - Batch #115, last_id=87589
2026-01-14 14:20:05,985 - INFO - checked=57500, 404=9, deleted=0, deactivated=0, speed=498.6/s
2026-01-14 14:20:05,985 - INFO - Batch #116, last_id=88091
2026-01-14 14:20:06,526 - INFO - checked=58000, 404=9, deleted=0, deactivated=0, speed=500.6/s
2026-01-14 14:20:06,526 - INFO - Batch #117, last_id=88595
2026-01-14 14:20:07,116 - INFO - checked=58500, 404=9, deleted=0, deactivated=0, speed=502.3/s
2026-01-14 14:20:07,116 - INFO - Batch #118, last_id=89102
2026-01-14 14:20:07,655 - INFO - checked=59000, 404=9, deleted=0, deactivated=0, speed=504.3/s
2026-01-14 14:20:07,655 - INFO - Batch #119, last_id=89603
2026-01-14 14:20:08,162 - INFO - checked=59500, 404=9, deleted=0, deactivated=0, speed=506.4/s
2026-01-14 14:20:08,162 - INFO - Batch #120, last_id=90111
2026-01-14 14:20:09,507 - INFO - checked=60000, 404=9, deleted=0, deactivated=0, speed=504.8/s
2026-01-14 14:20:09,508 - INFO - Batch #121, last_id=90619
2026-01-14 14:20:10,066 - INFO - checked=60500, 404=9, deleted=0, deactivated=0, speed=506.7/s
2026-01-14 14:20:10,066 - INFO - Batch #122, last_id=91133
2026-01-14 14:20:10,635 - INFO - checked=61000, 404=9, deleted=0, deactivated=0, speed=508.4/s
2026-01-14 14:20:10,635 - INFO - Batch #123, last_id=91638
2026-01-14 14:20:11,129 - WARNING - 404 image found | offer_id=92122 | offer_url=https://khimki.cian.ru/sale/flat/323213031/
2026-01-14 14:20:11,232 - INFO - checked=61500, 404=10, deleted=0, deactivated=0, speed=510.1/s
2026-01-14 14:20:11,233 - INFO - Batch #124, last_id=92151
2026-01-14 14:20:12,420 - INFO - checked=62000, 404=10, deleted=0, deactivated=0, speed=509.2/s
2026-01-14 14:20:12,421 - INFO - Batch #125, last_id=92653
2026-01-14 14:20:13,024 - INFO - checked=62500, 404=10, deleted=0, deactivated=0, speed=510.8/s
2026-01-14 14:20:13,025 - INFO - Batch #126, last_id=93158
2026-01-14 14:20:13,640 - INFO - checked=63000, 404=10, deleted=0, deactivated=0, speed=512.3/s
2026-01-14 14:20:13,640 - INFO - Batch #127, last_id=93661
2026-01-14 14:20:14,259 - INFO - checked=63500, 404=10, deleted=0, deactivated=0, speed=513.8/s
2026-01-14 14:20:14,260 - INFO - Batch #128, last_id=94166
2026-01-14 14:20:14,859 - INFO - checked=64000, 404=10, deleted=0, deactivated=0, speed=515.3/s
2026-01-14 14:20:14,859 - INFO - Batch #129, last_id=94669
2026-01-14 14:20:16,189 - INFO - checked=64500, 404=10, deleted=0, deactivated=0, speed=513.8/s
2026-01-14 14:20:16,189 - INFO - Batch #130, last_id=95175
2026-01-14 14:20:17,032 - INFO - checked=65000, 404=10, deleted=0, deactivated=0, speed=514.4/s
2026-01-14 14:20:17,033 - INFO - Batch #131, last_id=95683
2026-01-14 14:20:17,783 - INFO - checked=65500, 404=10, deleted=0, deactivated=0, speed=515.2/s
2026-01-14 14:20:17,783 - INFO - Batch #132, last_id=96201
2026-01-14 14:20:18,274 - INFO - checked=66000, 404=10, deleted=0, deactivated=0, speed=517.2/s
2026-01-14 14:20:18,274 - INFO - Batch #133, last_id=96716
2026-01-14 14:20:18,773 - INFO - checked=66500, 404=10, deleted=0, deactivated=0, speed=519.1/s
2026-01-14 14:20:18,773 - INFO - Batch #134, last_id=97225
2026-01-14 14:20:19,901 - INFO - checked=67000, 404=10, deleted=0, deactivated=0, speed=518.4/s
2026-01-14 14:20:19,901 - INFO - Batch #135, last_id=97731
2026-01-14 14:20:20,572 - INFO - checked=67500, 404=10, deleted=0, deactivated=0, speed=519.6/s
2026-01-14 14:20:20,572 - INFO - Batch #136, last_id=98235
2026-01-14 14:20:21,058 - INFO - checked=68000, 404=10, deleted=0, deactivated=0, speed=521.5/s
2026-01-14 14:20:21,058 - INFO - Batch #137, last_id=98747
2026-01-14 14:20:21,561 - INFO - checked=68500, 404=10, deleted=0, deactivated=0, speed=523.3/s
2026-01-14 14:20:21,561 - INFO - Batch #138, last_id=99255
2026-01-14 14:20:21,929 - INFO - checked=69000, 404=10, deleted=0, deactivated=0, speed=525.6/s
2026-01-14 14:20:21,930 - INFO - Batch #139, last_id=99776
2026-01-14 14:20:22,402 - INFO - checked=69500, 404=10, deleted=0, deactivated=0, speed=527.5/s
2026-01-14 14:20:22,403 - INFO - Batch #140, last_id=100285
2026-01-14 14:20:23,638 - INFO - checked=70000, 404=10, deleted=0, deactivated=0, speed=526.4/s
2026-01-14 14:20:23,638 - INFO - Batch #141, last_id=100793
2026-01-14 14:20:24,130 - INFO - checked=70500, 404=10, deleted=0, deactivated=0, speed=528.2/s
2026-01-14 14:20:24,131 - INFO - Batch #142, last_id=101313
2026-01-14 14:20:24,533 - INFO - checked=71000, 404=10, deleted=0, deactivated=0, speed=530.4/s
2026-01-14 14:20:24,533 - INFO - Batch #143, last_id=101818
2026-01-14 14:20:24,919 - INFO - checked=71500, 404=10, deleted=0, deactivated=0, speed=532.5/s
2026-01-14 14:20:24,919 - INFO - Batch #144, last_id=102321
2026-01-14 14:20:25,884 - INFO - checked=72000, 404=10, deleted=0, deactivated=0, speed=532.4/s
2026-01-14 14:20:25,884 - INFO - Batch #145, last_id=102825
2026-01-14 14:20:26,743 - INFO - checked=72500, 404=10, deleted=0, deactivated=0, speed=532.8/s
2026-01-14 14:20:26,743 - INFO - Batch #146, last_id=103337
2026-01-14 14:20:27,139 - INFO - checked=73000, 404=10, deleted=0, deactivated=0, speed=534.9/s
2026-01-14 14:20:27,139 - INFO - Batch #147, last_id=103842
2026-01-14 14:20:27,542 - INFO - checked=73500, 404=10, deleted=0, deactivated=0, speed=537.0/s
2026-01-14 14:20:27,543 - INFO - Batch #148, last_id=104350
2026-01-14 14:20:27,912 - INFO - checked=74000, 404=10, deleted=0, deactivated=0, speed=539.2/s
2026-01-14 14:20:27,913 - INFO - Batch #149, last_id=104855
2026-01-14 14:20:28,292 - INFO - checked=74500, 404=10, deleted=0, deactivated=0, speed=541.3/s
2026-01-14 14:20:28,292 - INFO - Batch #150, last_id=105363
2026-01-14 14:20:28,685 - INFO - checked=75000, 404=10, deleted=0, deactivated=0, speed=543.4/s
2026-01-14 14:20:28,685 - INFO - Batch #151, last_id=105878
2026-01-14 14:20:29,087 - INFO - checked=75500, 404=10, deleted=0, deactivated=0, speed=545.4/s
2026-01-14 14:20:29,087 - INFO - Batch #152, last_id=106386
2026-01-14 14:20:29,495 - INFO - checked=76000, 404=10, deleted=0, deactivated=0, speed=547.4/s
2026-01-14 14:20:29,495 - INFO - Batch #153, last_id=106894
2026-01-14 14:20:29,880 - INFO - checked=76500, 404=10, deleted=0, deactivated=0, speed=549.5/s
2026-01-14 14:20:29,880 - INFO - Batch #154, last_id=107400
2026-01-14 14:20:30,356 - INFO - checked=77000, 404=10, deleted=0, deactivated=0, speed=551.2/s
2026-01-14 14:20:30,356 - INFO - Batch #155, last_id=107916
2026-01-14 14:20:30,765 - INFO - checked=77500, 404=10, deleted=0, deactivated=0, speed=553.2/s
2026-01-14 14:20:30,765 - INFO - Batch #156, last_id=108432
2026-01-14 14:20:31,196 - INFO - checked=78000, 404=10, deleted=0, deactivated=0, speed=555.0/s
2026-01-14 14:20:31,196 - INFO - Batch #157, last_id=108941
2026-01-14 14:20:31,703 - INFO - checked=78500, 404=10, deleted=0, deactivated=0, speed=556.6/s
2026-01-14 14:20:31,703 - INFO - Batch #158, last_id=109455
2026-01-14 14:20:32,240 - INFO - checked=79000, 404=10, deleted=0, deactivated=0, speed=558.0/s
2026-01-14 14:20:32,241 - INFO - Batch #159, last_id=109967
2026-01-14 14:20:32,646 - INFO - checked=79500, 404=10, deleted=0, deactivated=0, speed=559.9/s
2026-01-14 14:20:32,646 - INFO - Batch #160, last_id=110473
2026-01-14 14:20:33,036 - INFO - checked=80000, 404=10, deleted=0, deactivated=0, speed=561.9/s
2026-01-14 14:20:33,037 - INFO - Batch #161, last_id=110986
2026-01-14 14:20:33,885 - INFO - checked=80500, 404=10, deleted=0, deactivated=0, speed=562.1/s
2026-01-14 14:20:33,885 - INFO - Batch #162, last_id=111493
