2026-01-14 13:31:36,610 - WARNING - Starting in DELETE mode (concurrency=50, batch=1000)
2026-01-14 13:31:42,476 - INFO - Processing batch #1, last_id=0
2026-01-14 13:31:42,615 - INFO - Fetched 1000 rows from database
2026-01-14 13:31:47,612 - WARNING - 404 found: https://bryansk.cian.ru/sale/flat/318647215/
2026-01-14 13:31:48,141 - INFO - Batch #1 completed: checked=1000, 404_found=1, exceptions=0, total_checked=1000, total_404=1, pending_deletes=1, total_deleted=0, total_deactivated=0, avg_speed=176.5 records/sec
2026-01-14 13:31:48,142 - INFO - Processing batch #2, last_id=29665
2026-01-14 13:31:48,151 - INFO - Fetched 1000 rows from database
2026-01-14 13:31:48,747 - INFO - Batch #2 completed: checked=1000, 404_found=0, exceptions=0, total_checked=2000, total_404=1, pending_deletes=1, total_deleted=0, total_deactivated=0, avg_speed=318.9 records/sec
2026-01-14 13:31:48,747 - INFO - Processing batch #3, last_id=30678
2026-01-14 13:31:48,755 - INFO - Fetched 1000 rows from database
2026-01-14 13:31:49,950 - INFO - Batch #3 completed: checked=1000, 404_found=0, exceptions=0, total_checked=3000, total_404=1, pending_deletes=1, total_deleted=0, total_deactivated=0, avg_speed=401.3 records/sec
2026-01-14 13:31:49,952 - INFO - Processing batch #4, last_id=31690
2026-01-14 13:31:49,961 - INFO - Fetched 1000 rows from database
2026-01-14 13:31:50,570 - INFO - Batch #4 completed: checked=1000, 404_found=0, exceptions=0, total_checked=4000, total_404=1, pending_deletes=1, total_deleted=0, total_deactivated=0, avg_speed=494.1 records/sec
2026-01-14 13:31:50,571 - INFO - Processing batch #5, last_id=32703
2026-01-14 13:31:50,577 - INFO - Fetched 1000 rows from database
2026-01-14 13:31:51,126 - INFO - Batch #5 completed: checked=1000, 404_found=0, exceptions=0, total_checked=5000, total_404=1, pending_deletes=1, total_deleted=0, total_deactivated=0, avg_speed=578.0 records/sec
2026-01-14 13:31:51,126 - INFO - Processing batch #6, last_id=33721
2026-01-14 13:31:51,136 - INFO - Fetched 1000 rows from database
2026-01-14 13:31:51,579 - INFO - Batch #6 completed: checked=1000, 404_found=0, exceptions=0, total_checked=6000, total_404=1, pending_deletes=1, total_deleted=0, total_deactivated=0, avg_speed=659.1 records/sec
2026-01-14 13:31:51,579 - INFO - Processing batch #7, last_id=34792
2026-01-14 13:31:51,587 - INFO - Fetched 1000 rows from database
2026-01-14 13:31:51,674 - WARNING - 404 found: https://www.cian.ru/sale/flat/323522614/
2026-01-14 13:31:52,984 - INFO - Batch #7 completed: checked=1000, 404_found=1, exceptions=0, total_checked=7000, total_404=2, pending_deletes=2, total_deleted=0, total_deactivated=0, avg_speed=666.1 records/sec
2026-01-14 13:31:52,984 - INFO - Processing batch #8, last_id=35861
2026-01-14 13:31:52,994 - INFO - Fetched 1000 rows from database
2026-01-14 13:31:53,501 - INFO - Batch #8 completed: checked=1000, 404_found=0, exceptions=0, total_checked=8000, total_404=2, pending_deletes=2, total_deleted=0, total_deactivated=0, avg_speed=725.6 records/sec
2026-01-14 13:31:53,501 - INFO - Processing batch #9, last_id=36917
2026-01-14 13:31:53,510 - INFO - Fetched 1000 rows from database
2026-01-14 13:31:53,930 - INFO - Batch #9 completed: checked=1000, 404_found=0, exceptions=0, total_checked=9000, total_404=2, pending_deletes=2, total_deleted=0, total_deactivated=0, avg_speed=785.7 records/sec
2026-01-14 13:31:53,930 - INFO - Processing batch #10, last_id=37976
2026-01-14 13:31:53,938 - INFO - Fetched 1000 rows from database
2026-01-14 13:31:54,365 - INFO - Batch #10 completed: checked=1000, 404_found=0, exceptions=0, total_checked=10000, total_404=2, pending_deletes=2, total_deleted=0, total_deactivated=0, avg_speed=841.1 records/sec
2026-01-14 13:31:54,365 - INFO - Processing batch #11, last_id=39028
2026-01-14 13:31:54,374 - INFO - Fetched 1000 rows from database
2026-01-14 13:31:54,635 - WARNING - 404 found: https://www.cian.ru/sale/flat/323325034/
2026-01-14 13:31:54,767 - WARNING - 404 found: https://www.cian.ru/sale/flat/323326824/
2026-01-14 13:31:55,445 - INFO - Batch #11 completed: checked=1000, 404_found=2, exceptions=0, total_checked=11000, total_404=4, pending_deletes=4, total_deleted=0, total_deactivated=0, avg_speed=848.1 records/sec
2026-01-14 13:31:55,446 - INFO - Processing batch #12, last_id=40087
2026-01-14 13:31:55,454 - INFO - Fetched 1000 rows from database
2026-01-14 13:31:56,014 - INFO - Batch #12 completed: checked=1000, 404_found=0, exceptions=0, total_checked=12000, total_404=4, pending_deletes=4, total_deleted=0, total_deactivated=0, avg_speed=886.4 records/sec
2026-01-14 13:31:56,015 - INFO - Processing batch #13, last_id=41135
2026-01-14 13:31:56,023 - INFO - Fetched 1000 rows from database
2026-01-14 13:31:56,463 - INFO - Batch #13 completed: checked=1000, 404_found=0, exceptions=0, total_checked=13000, total_404=4, pending_deletes=4, total_deleted=0, total_deactivated=0, avg_speed=929.4 records/sec
2026-01-14 13:31:56,464 - INFO - Processing batch #14, last_id=42209
2026-01-14 13:31:56,473 - INFO - Fetched 1000 rows from database
2026-01-14 13:31:57,778 - INFO - Batch #14 completed: checked=1000, 404_found=0, exceptions=0, total_checked=14000, total_404=4, pending_deletes=4, total_deleted=0, total_deactivated=0, avg_speed=914.9 records/sec
2026-01-14 13:31:57,778 - INFO - Processing batch #15, last_id=43291
2026-01-14 13:31:57,786 - INFO - Fetched 1000 rows from database
2026-01-14 13:31:58,325 - INFO - Batch #15 completed: checked=1000, 404_found=0, exceptions=0, total_checked=15000, total_404=4, pending_deletes=4, total_deleted=0, total_deactivated=0, avg_speed=946.4 records/sec
2026-01-14 13:31:58,325 - INFO - Processing batch #16, last_id=44366
2026-01-14 13:31:58,337 - INFO - Fetched 1000 rows from database
2026-01-14 13:31:58,468 - WARNING - 404 found: https://odintsovo.cian.ru/sale/flat/321924802/
2026-01-14 13:31:59,418 - INFO - Batch #16 completed: checked=1000, 404_found=1, exceptions=0, total_checked=16000, total_404=5, pending_deletes=5, total_deleted=0, total_deactivated=0, avg_speed=944.4 records/sec
2026-01-14 13:31:59,419 - INFO - Processing batch #17, last_id=45421
2026-01-14 13:31:59,428 - INFO - Fetched 1000 rows from database
2026-01-14 13:32:01,711 - INFO - Batch #17 completed: checked=1000, 404_found=0, exceptions=0, total_checked=17000, total_404=5, pending_deletes=5, total_deleted=0, total_deactivated=0, avg_speed=883.8 records/sec
2026-01-14 13:32:01,711 - INFO - Processing batch #18, last_id=46464
2026-01-14 13:32:01,722 - INFO - Fetched 1000 rows from database
2026-01-14 13:32:02,515 - INFO - Batch #18 completed: checked=1000, 404_found=0, exceptions=0, total_checked=18000, total_404=5, pending_deletes=5, total_deleted=0, total_deactivated=0, avg_speed=898.2 records/sec
2026-01-14 13:32:02,516 - INFO - Processing batch #19, last_id=47503
2026-01-14 13:32:02,526 - INFO - Fetched 1000 rows from database
2026-01-14 13:32:02,555 - WARNING - 404 found: https://roshal.cian.ru/sale/flat/320747175/
2026-01-14 13:32:05,955 - INFO - Batch #19 completed: checked=1000, 404_found=1, exceptions=0, total_checked=19000, total_404=6, pending_deletes=6, total_deleted=0, total_deactivated=0, avg_speed=809.2 records/sec
2026-01-14 13:32:05,955 - INFO - Processing batch #20, last_id=48546
2026-01-14 13:32:05,964 - INFO - Fetched 1000 rows from database
2026-01-14 13:32:06,401 - INFO - Batch #20 completed: checked=1000, 404_found=0, exceptions=0, total_checked=20000, total_404=6, pending_deletes=6, total_deleted=0, total_deactivated=0, avg_speed=835.9 records/sec
2026-01-14 13:32:06,401 - INFO - Processing batch #21, last_id=49577
2026-01-14 13:32:06,408 - INFO - Fetched 1000 rows from database
2026-01-14 13:32:06,841 - INFO - Batch #21 completed: checked=1000, 404_found=0, exceptions=0, total_checked=21000, total_404=6, pending_deletes=6, total_deleted=0, total_deactivated=0, avg_speed=861.9 records/sec
2026-01-14 13:32:06,841 - INFO - Processing batch #22, last_id=50591
2026-01-14 13:32:06,850 - INFO - Fetched 1000 rows from database
2026-01-14 13:32:07,374 - INFO - Batch #22 completed: checked=1000, 404_found=0, exceptions=0, total_checked=22000, total_404=6, pending_deletes=6, total_deleted=0, total_deactivated=0, avg_speed=883.6 records/sec
2026-01-14 13:32:07,374 - INFO - Processing batch #23, last_id=51598
2026-01-14 13:32:07,383 - INFO - Fetched 1000 rows from database
2026-01-14 13:32:07,809 - INFO - Batch #23 completed: checked=1000, 404_found=0, exceptions=0, total_checked=23000, total_404=6, pending_deletes=6, total_deleted=0, total_deactivated=0, avg_speed=907.9 records/sec
2026-01-14 13:32:07,809 - INFO - Processing batch #24, last_id=52624
2026-01-14 13:32:07,819 - INFO - Fetched 1000 rows from database
2026-01-14 13:32:09,844 - INFO - Batch #24 completed: checked=1000, 404_found=0, exceptions=0, total_checked=24000, total_404=6, pending_deletes=6, total_deleted=0, total_deactivated=0, avg_speed=876.9 records/sec
2026-01-14 13:32:09,844 - INFO - Processing batch #25, last_id=53661
2026-01-14 13:32:09,853 - INFO - Fetched 1000 rows from database
2026-01-14 13:32:10,378 - INFO - Batch #25 completed: checked=1000, 404_found=0, exceptions=0, total_checked=25000, total_404=6, pending_deletes=6, total_deleted=0, total_deactivated=0, avg_speed=896.0 records/sec
2026-01-14 13:32:10,378 - INFO - Processing batch #26, last_id=54698
2026-01-14 13:32:10,388 - INFO - Fetched 1000 rows from database
2026-01-14 13:32:10,847 - INFO - Batch #26 completed: checked=1000, 404_found=0, exceptions=0, total_checked=26000, total_404=6, pending_deletes=6, total_deleted=0, total_deactivated=0, avg_speed=916.4 records/sec
2026-01-14 13:32:10,847 - INFO - Processing batch #27, last_id=55740
2026-01-14 13:32:10,857 - INFO - Fetched 1000 rows from database
2026-01-14 13:32:16,167 - INFO - Batch #27 completed: checked=1000, 404_found=0, exceptions=0, total_checked=27000, total_404=6, pending_deletes=6, total_deleted=0, total_deactivated=0, avg_speed=801.4 records/sec
2026-01-14 13:32:16,167 - INFO - Processing batch #28, last_id=56782
2026-01-14 13:32:16,177 - INFO - Fetched 1000 rows from database
2026-01-14 13:32:16,616 - INFO - Batch #28 completed: checked=1000, 404_found=0, exceptions=0, total_checked=28000, total_404=6, pending_deletes=6, total_deleted=0, total_deactivated=0, avg_speed=820.1 records/sec
2026-01-14 13:32:16,616 - INFO - Processing batch #29, last_id=57823
2026-01-14 13:32:16,624 - INFO - Fetched 1000 rows from database
2026-01-14 13:32:17,712 - INFO - Batch #29 completed: checked=1000, 404_found=0, exceptions=0, total_checked=29000, total_404=6, pending_deletes=6, total_deleted=0, total_deactivated=0, avg_speed=823.0 records/sec
2026-01-14 13:32:17,712 - INFO - Processing batch #30, last_id=58862
2026-01-14 13:32:17,719 - INFO - Fetched 1000 rows from database
2026-01-14 13:32:19,210 - INFO - Batch #30 completed: checked=1000, 404_found=0, exceptions=0, total_checked=30000, total_404=6, pending_deletes=6, total_deleted=0, total_deactivated=0, avg_speed=816.7 records/sec
2026-01-14 13:32:19,210 - INFO - Processing batch #31, last_id=59874
2026-01-14 13:32:19,220 - INFO - Fetched 1000 rows from database
2026-01-14 13:32:19,665 - INFO - Batch #31 completed: checked=1000, 404_found=0, exceptions=0, total_checked=31000, total_404=6, pending_deletes=6, total_deleted=0, total_deactivated=0, avg_speed=833.6 records/sec
2026-01-14 13:32:19,665 - INFO - Processing batch #32, last_id=60878
2026-01-14 13:32:19,674 - INFO - Fetched 1000 rows from database
2026-01-14 13:32:19,800 - WARNING - 404 found: https://kolomna.cian.ru/sale/flat/323294858/
2026-01-14 13:32:20,161 - INFO - Batch #32 completed: checked=1000, 404_found=1, exceptions=0, total_checked=32000, total_404=7, pending_deletes=7, total_deleted=0, total_deactivated=0, avg_speed=849.1 records/sec
2026-01-14 13:32:20,161 - INFO - Processing batch #33, last_id=61923
2026-01-14 13:32:20,171 - INFO - Fetched 1000 rows from database
2026-01-14 13:32:20,628 - INFO - Batch #33 completed: checked=1000, 404_found=0, exceptions=0, total_checked=33000, total_404=7, pending_deletes=7, total_deleted=0, total_deactivated=0, avg_speed=864.9 records/sec
2026-01-14 13:32:20,629 - INFO - Processing batch #34, last_id=62960
2026-01-14 13:32:20,638 - INFO - Fetched 1000 rows from database
2026-01-14 13:32:21,051 - INFO - Batch #34 completed: checked=1000, 404_found=0, exceptions=0, total_checked=34000, total_404=7, pending_deletes=7, total_deleted=0, total_deactivated=0, avg_speed=881.4 records/sec
2026-01-14 13:32:21,051 - INFO - Processing batch #35, last_id=63979
2026-01-14 13:32:21,059 - INFO - Fetched 1000 rows from database
2026-01-14 13:32:22,270 - INFO - Batch #35 completed: checked=1000, 404_found=0, exceptions=0, total_checked=35000, total_404=7, pending_deletes=7, total_deleted=0, total_deactivated=0, avg_speed=879.5 records/sec
2026-01-14 13:32:22,270 - INFO - Processing batch #36, last_id=65021
2026-01-14 13:32:22,280 - INFO - Fetched 1000 rows from database
2026-01-14 13:32:23,705 - INFO - Batch #36 completed: checked=1000, 404_found=0, exceptions=0, total_checked=36000, total_404=7, pending_deletes=7, total_deleted=0, total_deactivated=0, avg_speed=873.2 records/sec
2026-01-14 13:32:23,706 - INFO - Processing batch #37, last_id=66050
2026-01-14 13:32:23,714 - INFO - Fetched 1000 rows from database
2026-01-14 13:32:24,216 - INFO - Batch #37 completed: checked=1000, 404_found=0, exceptions=0, total_checked=37000, total_404=7, pending_deletes=7, total_deleted=0, total_deactivated=0, avg_speed=886.4 records/sec
2026-01-14 13:32:24,216 - INFO - Processing batch #38, last_id=67078
2026-01-14 13:32:24,225 - INFO - Fetched 1000 rows from database
2026-01-14 13:32:24,667 - INFO - Batch #38 completed: checked=1000, 404_found=0, exceptions=0, total_checked=38000, total_404=7, pending_deletes=7, total_deleted=0, total_deactivated=0, avg_speed=900.7 records/sec
2026-01-14 13:32:24,667 - INFO - Processing batch #39, last_id=68110
2026-01-14 13:32:24,677 - INFO - Fetched 1000 rows from database
2026-01-14 13:32:25,288 - INFO - Batch #39 completed: checked=1000, 404_found=0, exceptions=0, total_checked=39000, total_404=7, pending_deletes=7, total_deleted=0, total_deactivated=0, avg_speed=910.9 records/sec
2026-01-14 13:32:25,288 - INFO - Processing batch #40, last_id=69149
2026-01-14 13:32:25,298 - INFO - Fetched 1000 rows from database
2026-01-14 13:32:25,929 - INFO - Batch #40 completed: checked=1000, 404_found=0, exceptions=0, total_checked=40000, total_404=7, pending_deletes=7, total_deleted=0, total_deactivated=0, avg_speed=920.5 records/sec
2026-01-14 13:32:25,930 - INFO - Processing batch #41, last_id=70179
2026-01-14 13:32:25,940 - INFO - Fetched 1000 rows from database
2026-01-14 13:32:26,567 - INFO - Batch #41 completed: checked=1000, 404_found=0, exceptions=0, total_checked=41000, total_404=7, pending_deletes=7, total_deleted=0, total_deactivated=0, avg_speed=929.9 records/sec
2026-01-14 13:32:26,567 - INFO - Processing batch #42, last_id=71222
2026-01-14 13:32:26,576 - INFO - Fetched 1000 rows from database
2026-01-14 13:32:27,662 - INFO - Batch #42 completed: checked=1000, 404_found=0, exceptions=0, total_checked=42000, total_404=7, pending_deletes=7, total_deleted=0, total_deactivated=0, avg_speed=929.5 records/sec
2026-01-14 13:32:27,662 - INFO - Processing batch #43, last_id=72258
2026-01-14 13:32:27,670 - INFO - Fetched 1000 rows from database
2026-01-14 13:32:29,035 - INFO - Batch #43 completed: checked=1000, 404_found=0, exceptions=0, total_checked=43000, total_404=7, pending_deletes=7, total_deleted=0, total_deactivated=0, avg_speed=923.5 records/sec
2026-01-14 13:32:29,035 - INFO - Processing batch #44, last_id=73277
2026-01-14 13:32:29,045 - INFO - Fetched 1000 rows from database
2026-01-14 13:32:29,255 - WARNING - 404 found: https://lyubertsy.cian.ru/sale/flat/319425132/
2026-01-14 13:32:29,585 - INFO - Batch #44 completed: checked=1000, 404_found=1, exceptions=0, total_checked=44000, total_404=8, pending_deletes=8, total_deleted=0, total_deactivated=0, avg_speed=934.0 records/sec
2026-01-14 13:32:29,585 - INFO - Processing batch #45, last_id=74297
2026-01-14 13:32:29,595 - INFO - Fetched 1000 rows from database
2026-01-14 13:32:30,103 - INFO - Batch #45 completed: checked=1000, 404_found=0, exceptions=0, total_checked=45000, total_404=8, pending_deletes=8, total_deleted=0, total_deactivated=0, avg_speed=944.8 records/sec
2026-01-14 13:32:30,103 - INFO - Processing batch #46, last_id=75315
2026-01-14 13:32:30,112 - INFO - Fetched 1000 rows from database
2026-01-14 13:32:30,199 - WARNING - 404 found: https://vidnoye.cian.ru/sale/flat/322691400/
2026-01-14 13:32:30,719 - INFO - Batch #46 completed: checked=1000, 404_found=1, exceptions=0, total_checked=46000, total_404=9, pending_deletes=9, total_deleted=0, total_deactivated=0, avg_speed=953.5 records/sec
2026-01-14 13:32:30,719 - INFO - Processing batch #47, last_id=76328
2026-01-14 13:32:30,732 - INFO - Fetched 1000 rows from database
2026-01-14 13:32:31,339 - INFO - Batch #47 completed: checked=1000, 404_found=0, exceptions=0, total_checked=47000, total_404=9, pending_deletes=9, total_deleted=0, total_deactivated=0, avg_speed=961.9 records/sec
2026-01-14 13:32:31,339 - INFO - Processing batch #48, last_id=77345
2026-01-14 13:32:31,350 - INFO - Fetched 1000 rows from database
2026-01-14 13:32:32,023 - INFO - Batch #48 completed: checked=1000, 404_found=0, exceptions=0, total_checked=48000, total_404=9, pending_deletes=9, total_deleted=0, total_deactivated=0, avg_speed=968.8 records/sec
2026-01-14 13:32:32,024 - INFO - Processing batch #49, last_id=78372
2026-01-14 13:32:32,037 - INFO - Fetched 1000 rows from database
2026-01-14 13:32:33,380 - INFO - Batch #49 completed: checked=1000, 404_found=0, exceptions=0, total_checked=49000, total_404=9, pending_deletes=9, total_deleted=0, total_deactivated=0, avg_speed=962.6 records/sec
2026-01-14 13:32:33,380 - INFO - Processing batch #50, last_id=79400
2026-01-14 13:32:33,395 - INFO - Fetched 1000 rows from database
2026-01-14 13:32:33,910 - INFO - Batch #50 completed: checked=1000, 404_found=0, exceptions=0, total_checked=50000, total_404=9, pending_deletes=9, total_deleted=0, total_deactivated=0, avg_speed=972.1 records/sec
2026-01-14 13:32:33,910 - INFO - Processing batch #51, last_id=80420
2026-01-14 13:32:33,920 - INFO - Fetched 1000 rows from database
2026-01-14 13:32:35,188 - INFO - Batch #51 completed: checked=1000, 404_found=0, exceptions=0, total_checked=51000, total_404=9, pending_deletes=9, total_deleted=0, total_deactivated=0, avg_speed=967.5 records/sec
2026-01-14 13:32:35,189 - INFO - Processing batch #52, last_id=81431
2026-01-14 13:32:35,201 - INFO - Fetched 1000 rows from database
2026-01-14 13:32:36,616 - INFO - Batch #52 completed: checked=1000, 404_found=0, exceptions=0, total_checked=52000, total_404=9, pending_deletes=9, total_deleted=0, total_deactivated=0, avg_speed=960.5 records/sec
2026-01-14 13:32:36,616 - INFO - Processing batch #53, last_id=82460
2026-01-14 13:32:36,624 - INFO - Fetched 1000 rows from database
2026-01-14 13:32:36,975 - WARNING - 404 found: https://balashikha.cian.ru/sale/flat/321934652/
2026-01-14 13:32:38,072 - INFO - Batch #53 completed: checked=1000, 404_found=1, exceptions=0, total_checked=53000, total_404=10, pending_deletes=10, total_deleted=0, total_deactivated=0, avg_speed=953.3 records/sec
2026-01-14 13:32:38,072 - INFO - Processing batch #54, last_id=83483
2026-01-14 13:32:38,080 - INFO - Fetched 1000 rows from database
2026-01-14 13:32:39,178 - INFO - Batch #54 completed: checked=1000, 404_found=0, exceptions=0, total_checked=54000, total_404=10, pending_deletes=10, total_deleted=0, total_deactivated=0, avg_speed=952.3 records/sec
2026-01-14 13:32:39,178 - INFO - Processing batch #55, last_id=84505
2026-01-14 13:32:39,185 - INFO - Fetched 1000 rows from database
2026-01-14 13:32:40,387 - INFO - Batch #55 completed: checked=1000, 404_found=0, exceptions=0, total_checked=55000, total_404=10, pending_deletes=10, total_deleted=0, total_deactivated=0, avg_speed=949.7 records/sec
2026-01-14 13:32:40,387 - INFO - Processing batch #56, last_id=85516
2026-01-14 13:32:40,396 - INFO - Fetched 1000 rows from database
2026-01-14 13:32:40,871 - INFO - Batch #56 completed: checked=1000, 404_found=0, exceptions=0, total_checked=56000, total_404=10, pending_deletes=10, total_deleted=0, total_deactivated=0, avg_speed=959.0 records/sec
2026-01-14 13:32:40,871 - INFO - Processing batch #57, last_id=86533
2026-01-14 13:32:40,879 - INFO - Fetched 1000 rows from database
2026-01-14 13:32:41,401 - INFO - Batch #57 completed: checked=1000, 404_found=0, exceptions=0, total_checked=57000, total_404=10, pending_deletes=10, total_deleted=0, total_deactivated=0, avg_speed=967.3 records/sec
2026-01-14 13:32:41,401 - INFO - Processing batch #58, last_id=87539
2026-01-14 13:32:41,407 - INFO - Fetched 1000 rows from database
2026-01-14 13:32:41,917 - INFO - Batch #58 completed: checked=1000, 404_found=0, exceptions=0, total_checked=58000, total_404=10, pending_deletes=10, total_deleted=0, total_deactivated=0, avg_speed=975.8 records/sec
2026-01-14 13:32:41,917 - INFO - Processing batch #59, last_id=88546
2026-01-14 13:32:41,924 - INFO - Fetched 1000 rows from database
2026-01-14 13:32:42,514 - INFO - Batch #59 completed: checked=1000, 404_found=0, exceptions=0, total_checked=59000, total_404=10, pending_deletes=10, total_deleted=0, total_deactivated=0, avg_speed=982.7 records/sec
2026-01-14 13:32:42,514 - INFO - Processing batch #60, last_id=89553
2026-01-14 13:32:42,524 - INFO - Fetched 1000 rows from database
2026-01-14 13:32:42,569 - WARNING - 404 found: https://vidnoye.cian.ru/sale/flat/322579306/
2026-01-14 13:32:43,673 - INFO - Batch #60 completed: checked=1000, 404_found=1, exceptions=0, total_checked=60000, total_404=11, pending_deletes=11, total_deleted=0, total_deactivated=0, avg_speed=980.4 records/sec
2026-01-14 13:32:43,674 - INFO - Processing batch #61, last_id=90567
2026-01-14 13:32:43,683 - INFO - Fetched 1000 rows from database
2026-01-14 13:32:44,149 - INFO - Batch #61 completed: checked=1000, 404_found=0, exceptions=0, total_checked=61000, total_404=11, pending_deletes=11, total_deleted=0, total_deactivated=0, avg_speed=989.1 records/sec
2026-01-14 13:32:44,149 - INFO - Processing batch #62, last_id=91585
2026-01-14 13:32:44,169 - INFO - Fetched 1000 rows from database
2026-01-14 13:32:44,387 - WARNING - 404 found: https://khimki.cian.ru/sale/flat/323213031/
2026-01-14 13:32:49,502 - INFO - Batch #62 completed: checked=1000, 404_found=1, exceptions=0, total_checked=62000, total_404=12, pending_deletes=12, total_deleted=0, total_deactivated=0, avg_speed=925.0 records/sec
2026-01-14 13:32:49,502 - INFO - Processing batch #63, last_id=92600
2026-01-14 13:32:49,511 - INFO - Fetched 1000 rows from database
2026-01-14 13:32:50,080 - INFO - Batch #63 completed: checked=1000, 404_found=0, exceptions=0, total_checked=63000, total_404=12, pending_deletes=12, total_deleted=0, total_deactivated=0, avg_speed=931.9 records/sec
2026-01-14 13:32:50,080 - INFO - Processing batch #64, last_id=93608
2026-01-14 13:32:50,089 - INFO - Fetched 1000 rows from database
2026-01-14 13:32:50,710 - INFO - Batch #64 completed: checked=1000, 404_found=0, exceptions=0, total_checked=64000, total_404=12, pending_deletes=12, total_deleted=0, total_deactivated=0, avg_speed=937.9 records/sec
2026-01-14 13:32:50,711 - INFO - Processing batch #65, last_id=94615
2026-01-14 13:32:50,718 - INFO - Fetched 1000 rows from database
2026-01-14 13:32:51,979 - INFO - Batch #65 completed: checked=1000, 404_found=0, exceptions=0, total_checked=65000, total_404=12, pending_deletes=12, total_deleted=0, total_deactivated=0, avg_speed=935.2 records/sec
2026-01-14 13:32:51,979 - INFO - Processing batch #66, last_id=95628
2026-01-14 13:32:51,986 - INFO - Fetched 1000 rows from database
2026-01-14 13:32:52,517 - INFO - Batch #66 completed: checked=1000, 404_found=0, exceptions=0, total_checked=66000, total_404=12, pending_deletes=12, total_deleted=0, total_deactivated=0, avg_speed=942.3 records/sec
2026-01-14 13:32:52,517 - INFO - Processing batch #67, last_id=96660
2026-01-14 13:32:52,526 - INFO - Fetched 1000 rows from database
2026-01-14 13:32:53,032 - INFO - Batch #67 completed: checked=1000, 404_found=0, exceptions=0, total_checked=67000, total_404=12, pending_deletes=12, total_deleted=0, total_deactivated=0, avg_speed=949.6 records/sec
2026-01-14 13:32:53,032 - INFO - Processing batch #68, last_id=97676
2026-01-14 13:32:53,041 - INFO - Fetched 1000 rows from database
2026-01-14 13:32:53,519 - INFO - Batch #68 completed: checked=1000, 404_found=0, exceptions=0, total_checked=68000, total_404=12, pending_deletes=12, total_deleted=0, total_deactivated=0, avg_speed=957.2 records/sec
2026-01-14 13:32:53,519 - INFO - Processing batch #69, last_id=98692
2026-01-14 13:32:53,529 - INFO - Fetched 1000 rows from database
2026-01-14 13:32:53,993 - INFO - Batch #69 completed: checked=1000, 404_found=0, exceptions=0, total_checked=69000, total_404=12, pending_deletes=12, total_deleted=0, total_deactivated=0, avg_speed=964.8 records/sec
2026-01-14 13:32:53,994 - INFO - Processing batch #70, last_id=99721
2026-01-14 13:32:54,006 - INFO - Fetched 1000 rows from database
2026-01-14 13:32:54,382 - INFO - Batch #70 completed: checked=1000, 404_found=0, exceptions=0, total_checked=70000, total_404=12, pending_deletes=12, total_deleted=0, total_deactivated=0, avg_speed=973.5 records/sec
2026-01-14 13:32:54,382 - INFO - Processing batch #71, last_id=100737
2026-01-14 13:32:54,390 - INFO - Fetched 1000 rows from database
2026-01-14 13:32:54,446 - WARNING - 404 found: https://www.cian.ru/sale/suburban/306935628/
2026-01-14 13:32:55,613 - INFO - Batch #71 completed: checked=1000, 404_found=1, exceptions=0, total_checked=71000, total_404=13, pending_deletes=13, total_deleted=0, total_deactivated=0, avg_speed=970.8 records/sec
2026-01-14 13:32:55,613 - INFO - Processing batch #72, last_id=101761
2026-01-14 13:32:55,622 - INFO - Fetched 1000 rows from database
2026-01-14 13:32:56,876 - INFO - Batch #72 completed: checked=1000, 404_found=0, exceptions=0, total_checked=72000, total_404=13, pending_deletes=13, total_deleted=0, total_deactivated=0, avg_speed=967.7 records/sec
2026-01-14 13:32:56,877 - INFO - Processing batch #73, last_id=102768
2026-01-14 13:32:56,888 - INFO - Fetched 1000 rows from database
2026-01-14 13:32:57,564 - INFO - Batch #73 completed: checked=1000, 404_found=0, exceptions=0, total_checked=73000, total_404=13, pending_deletes=13, total_deleted=0, total_deactivated=0, avg_speed=972.2 records/sec
2026-01-14 13:32:57,565 - INFO - Processing batch #74, last_id=103785
2026-01-14 13:32:57,578 - INFO - Fetched 1000 rows from database
2026-01-14 13:32:58,001 - INFO - Batch #74 completed: checked=1000, 404_found=0, exceptions=0, total_checked=74000, total_404=13, pending_deletes=13, total_deleted=0, total_deactivated=0, avg_speed=979.8 records/sec
2026-01-14 13:32:58,001 - INFO - Processing batch #75, last_id=104797
2026-01-14 13:32:58,010 - INFO - Fetched 1000 rows from database
2026-01-14 13:32:58,400 - INFO - Batch #75 completed: checked=1000, 404_found=0, exceptions=0, total_checked=75000, total_404=13, pending_deletes=13, total_deleted=0, total_deactivated=0, avg_speed=987.8 records/sec
2026-01-14 13:32:58,400 - INFO - Processing batch #76, last_id=105820
2026-01-14 13:32:58,410 - INFO - Fetched 1000 rows from database
2026-01-14 13:32:59,570 - INFO - Batch #76 completed: checked=1000, 404_found=0, exceptions=0, total_checked=76000, total_404=13, pending_deletes=13, total_deleted=0, total_deactivated=0, avg_speed=985.8 records/sec
2026-01-14 13:32:59,571 - INFO - Processing batch #77, last_id=106836
2026-01-14 13:32:59,580 - INFO - Fetched 1000 rows from database
2026-01-14 13:32:59,949 - INFO - Batch #77 completed: checked=1000, 404_found=0, exceptions=0, total_checked=77000, total_404=13, pending_deletes=13, total_deleted=0, total_deactivated=0, avg_speed=993.9 records/sec
2026-01-14 13:32:59,950 - INFO - Processing batch #78, last_id=107855
2026-01-14 13:32:59,960 - INFO - Fetched 1000 rows from database
2026-01-14 13:33:00,439 - INFO - Batch #78 completed: checked=1000, 404_found=0, exceptions=0, total_checked=78000, total_404=13, pending_deletes=13, total_deleted=0, total_deactivated=0, avg_speed=1000.5 records/sec
2026-01-14 13:33:00,439 - INFO - Processing batch #79, last_id=108882
2026-01-14 13:33:00,448 - INFO - Fetched 1000 rows from database
2026-01-14 13:33:00,613 - WARNING - 404 found: https://www.cian.ru/sale/suburban/323204243/
2026-01-14 13:33:00,891 - INFO - Batch #79 completed: checked=1000, 404_found=1, exceptions=0, total_checked=79000, total_404=14, pending_deletes=14, total_deleted=0, total_deactivated=0, avg_speed=1007.5 records/sec
2026-01-14 13:33:00,891 - INFO - Processing batch #80, last_id=109905
2026-01-14 13:33:00,902 - INFO - Fetched 1000 rows from database
2026-01-14 13:33:02,263 - INFO - Batch #80 completed: checked=1000, 404_found=0, exceptions=0, total_checked=80000, total_404=14, pending_deletes=14, total_deleted=0, total_deactivated=0, avg_speed=1002.7 records/sec
2026-01-14 13:33:02,263 - INFO - Processing batch #81, last_id=110922
2026-01-14 13:33:02,273 - INFO - Fetched 1000 rows from database
2026-01-14 13:33:02,706 - INFO - Batch #81 completed: checked=1000, 404_found=0, exceptions=0, total_checked=81000, total_404=14, pending_deletes=14, total_deleted=0, total_deactivated=0, avg_speed=1009.6 records/sec
2026-01-14 13:33:02,706 - INFO - Processing batch #82, last_id=111934
2026-01-14 13:33:02,715 - INFO - Fetched 1000 rows from database
2026-01-14 13:33:02,914 - WARNING - 404 found: https://mytishchi.cian.ru/sale/suburban/323224582/
2026-01-14 13:33:03,852 - INFO - Batch #82 completed: checked=1000, 404_found=1, exceptions=0, total_checked=82000, total_404=15, pending_deletes=15, total_deleted=0, total_deactivated=0, avg_speed=1007.7 records/sec
2026-01-14 13:33:03,852 - INFO - Processing batch #83, last_id=112942
2026-01-14 13:33:03,862 - INFO - Fetched 1000 rows from database
2026-01-14 13:33:04,262 - INFO - Batch #83 completed: checked=1000, 404_found=0, exceptions=0, total_checked=83000, total_404=15, pending_deletes=15, total_deleted=0, total_deactivated=0, avg_speed=1014.8 records/sec
2026-01-14 13:33:04,262 - INFO - Processing batch #84, last_id=113950
2026-01-14 13:33:04,272 - INFO - Fetched 1000 rows from database
2026-01-14 13:33:04,788 - INFO - Batch #84 completed: checked=1000, 404_found=0, exceptions=0, total_checked=84000, total_404=15, pending_deletes=15, total_deleted=0, total_deactivated=0, avg_speed=1020.5 records/sec
2026-01-14 13:33:04,788 - INFO - Processing batch #85, last_id=114960
2026-01-14 13:33:04,797 - INFO - Fetched 1000 rows from database
2026-01-14 13:33:05,245 - INFO - Batch #85 completed: checked=1000, 404_found=0, exceptions=0, total_checked=85000, total_404=15, pending_deletes=15, total_deleted=0, total_deactivated=0, avg_speed=1026.9 records/sec
2026-01-14 13:33:05,245 - INFO - Processing batch #86, last_id=115966
2026-01-14 13:33:05,256 - INFO - Fetched 1000 rows from database
2026-01-14 13:33:05,432 - WARNING - 404 found: https://www.cian.ru/sale/suburban/323556565/
2026-01-14 13:33:05,665 - INFO - Batch #86 completed: checked=1000, 404_found=1, exceptions=0, total_checked=86000, total_404=16, pending_deletes=16, total_deleted=0, total_deactivated=0, avg_speed=1033.8 records/sec
2026-01-14 13:33:05,665 - INFO - Processing batch #87, last_id=116977
2026-01-14 13:33:05,674 - INFO - Fetched 1000 rows from database
2026-01-14 13:33:06,052 - INFO - Batch #87 completed: checked=1000, 404_found=0, exceptions=0, total_checked=87000, total_404=16, pending_deletes=16, total_deleted=0, total_deactivated=0, avg_speed=1041.0 records/sec
2026-01-14 13:33:06,053 - INFO - Processing batch #88, last_id=117983
2026-01-14 13:33:06,065 - INFO - Fetched 1000 rows from database
2026-01-14 13:33:06,324 - WARNING - 404 found: https://mytishchi.cian.ru/sale/suburban/309130254/
2026-01-14 13:33:06,475 - INFO - Batch #88 completed: checked=1000, 404_found=1, exceptions=0, total_checked=88000, total_404=17, pending_deletes=17, total_deleted=0, total_deactivated=0, avg_speed=1047.6 records/sec
2026-01-14 13:33:06,475 - INFO - Processing batch #89, last_id=118991
2026-01-14 13:33:06,486 - INFO - Fetched 1000 rows from database
2026-01-14 13:33:06,856 - INFO - Batch #89 completed: checked=1000, 404_found=0, exceptions=0, total_checked=89000, total_404=17, pending_deletes=17, total_deleted=0, total_deactivated=0, avg_speed=1054.7 records/sec
2026-01-14 13:33:06,856 - INFO - Processing batch #90, last_id=120005
2026-01-14 13:33:06,866 - INFO - Fetched 1000 rows from database
2026-01-14 13:33:07,376 - INFO - Batch #90 completed: checked=1000, 404_found=0, exceptions=0, total_checked=90000, total_404=17, pending_deletes=17, total_deleted=0, total_deactivated=0, avg_speed=1060.1 records/sec
2026-01-14 13:33:07,376 - INFO - Processing batch #91, last_id=121008
2026-01-14 13:33:07,387 - INFO - Fetched 1000 rows from database
2026-01-14 13:33:07,821 - INFO - Batch #91 completed: checked=1000, 404_found=0, exceptions=0, total_checked=91000, total_404=17, pending_deletes=17, total_deleted=0, total_deactivated=0, avg_speed=1066.3 records/sec
2026-01-14 13:33:07,822 - INFO - Processing batch #92, last_id=122022
2026-01-14 13:33:07,831 - INFO - Fetched 1000 rows from database
2026-01-14 13:33:08,923 - INFO - Batch #92 completed: checked=1000, 404_found=0, exceptions=0, total_checked=92000, total_404=17, pending_deletes=17, total_deleted=0, total_deactivated=0, avg_speed=1064.2 records/sec
2026-01-14 13:33:08,923 - INFO - Processing batch #93, last_id=123026
2026-01-14 13:33:08,933 - INFO - Fetched 1000 rows from database
2026-01-14 13:33:09,322 - INFO - Batch #93 completed: checked=1000, 404_found=0, exceptions=0, total_checked=93000, total_404=17, pending_deletes=17, total_deleted=0, total_deactivated=0, avg_speed=1070.9 records/sec
2026-01-14 13:33:09,322 - INFO - Processing batch #94, last_id=124041
2026-01-14 13:33:09,333 - INFO - Fetched 1000 rows from database
2026-01-14 13:33:14,450 - INFO - Batch #94 completed: checked=1000, 404_found=0, exceptions=0, total_checked=94000, total_404=17, pending_deletes=17, total_deleted=0, total_deactivated=0, avg_speed=1022.0 records/sec
2026-01-14 13:33:14,450 - INFO - Processing batch #95, last_id=125048
2026-01-14 13:33:14,458 - INFO - Fetched 1000 rows from database
2026-01-14 13:33:14,927 - INFO - Batch #95 completed: checked=1000, 404_found=0, exceptions=0, total_checked=95000, total_404=17, pending_deletes=17, total_deleted=0, total_deactivated=0, avg_speed=1027.6 records/sec
2026-01-14 13:33:14,927 - INFO - Processing batch #96, last_id=126057
2026-01-14 13:33:14,938 - INFO - Fetched 1000 rows from database
2026-01-14 13:33:20,102 - INFO - Batch #96 completed: checked=1000, 404_found=0, exceptions=0, total_checked=96000, total_404=17, pending_deletes=17, total_deleted=0, total_deactivated=0, avg_speed=983.3 records/sec
2026-01-14 13:33:20,102 - INFO - Processing batch #97, last_id=127064
2026-01-14 13:33:20,113 - INFO - Fetched 1000 rows from database
2026-01-14 13:33:20,227 - WARNING - 404 found: https://www.cian.ru/sale/suburban/324403673/
2026-01-14 13:33:20,361 - WARNING - 404 found: https://www.cian.ru/sale/suburban/319888377/
2026-01-14 13:33:20,495 - INFO - Batch #97 completed: checked=1000, 404_found=2, exceptions=0, total_checked=97000, total_404=19, pending_deletes=19, total_deleted=0, total_deactivated=0, avg_speed=989.6 records/sec
2026-01-14 13:33:20,496 - INFO - Processing batch #98, last_id=128072
2026-01-14 13:33:20,503 - INFO - Fetched 1000 rows from database
2026-01-14 13:33:21,011 - INFO - Batch #98 completed: checked=1000, 404_found=0, exceptions=0, total_checked=98000, total_404=19, pending_deletes=19, total_deleted=0, total_deactivated=0, avg_speed=994.6 records/sec
2026-01-14 13:33:21,012 - INFO - Processing batch #99, last_id=129076
2026-01-14 13:33:21,021 - INFO - Fetched 1000 rows from database
2026-01-14 13:33:21,608 - INFO - Batch #99 completed: checked=1000, 404_found=0, exceptions=0, total_checked=99000, total_404=19, pending_deletes=19, total_deleted=0, total_deactivated=0, avg_speed=998.7 records/sec
2026-01-14 13:33:21,609 - INFO - Processing batch #100, last_id=130082
2026-01-14 13:33:21,618 - INFO - Fetched 1000 rows from database
2026-01-14 13:33:21,988 - INFO - Batch #100 completed: checked=1000, 404_found=0, exceptions=0, total_checked=100000, total_404=19, pending_deletes=19, total_deleted=0, total_deactivated=0, avg_speed=1004.9 records/sec
2026-01-14 13:33:21,988 - INFO - Processing batch #101, last_id=131097
2026-01-14 13:33:21,998 - INFO - Fetched 1000 rows from database
2026-01-14 13:33:22,834 - INFO - Batch #101 completed: checked=1000, 404_found=0, exceptions=0, total_checked=101000, total_404=19, pending_deletes=19, total_deleted=0, total_deactivated=0, avg_speed=1006.4 records/sec
2026-01-14 13:33:22,834 - INFO - Processing batch #102, last_id=132117
2026-01-14 13:33:22,847 - INFO - Fetched 1000 rows from database
2026-01-14 13:33:23,897 - INFO - Batch #102 completed: checked=1000, 404_found=0, exceptions=0, total_checked=102000, total_404=19, pending_deletes=19, total_deleted=0, total_deactivated=0, avg_speed=1005.7 records/sec
2026-01-14 13:33:23,897 - INFO - Processing batch #103, last_id=133720
2026-01-14 13:33:23,902 - INFO - Fetched 160 rows from database
2026-01-14 13:33:24,034 - INFO - Batch #103 completed: checked=160, 404_found=0, exceptions=0, total_checked=102160, total_404=19, pending_deletes=19, total_deleted=0, total_deactivated=0, avg_speed=1005.9 records/sec
2026-01-14 13:33:24,035 - INFO - Processing batch #104, last_id=133880
2026-01-14 13:33:24,036 - INFO - No more rows to process
2026-01-14 13:33:24,046 - ERROR - IntegrityError (non-FK): (sqlalchemy.dialects.postgresql.asyncpg.IntegrityError) <class 'asyncpg.exceptions.ForeignKeyViolationError'>: UPDATE или DELETE в таблице "offer" нарушает ограничение внешнего ключа "fk_favorite_offer_id_offer" таблицы "favorite"
DETAIL:  На ключ (id)=(35034) всё ещё есть ссылки в таблице "favorite".
[SQL: DELETE FROM offer WHERE offer.id IN ($1::INTEGER, $2::INTEGER, $3::INTEGER, $4::INTEGER, $5::INTEGER, $6::INTEGER, $7::INTEGER, $8::INTEGER, $9::INTEGER, $10::INTEGER, $11::INTEGER, $12::INTEGER, $13::INTEGER, $14::INTEGER, $15::INTEGER, $16::INTEGER, $17::INTEGER, $18::INTEGER, $19::INTEGER)]
[parameters: (29097, 35034, 39659, 40028, 44728, 47566, 61136, 73861, 75522, 83240, 89644, 92122, 100814, 109269, 112465, 116474, 118719, 127308, 127761)]
(Background on this error at: https://sqlalche.me/e/20/gkpj)
2026-01-14 13:33:24,068 - ERROR - Main loop error occurred: (sqlalchemy.dialects.postgresql.asyncpg.IntegrityError) <class 'asyncpg.exceptions.ForeignKeyViolationError'>: UPDATE или DELETE в таблице "offer" нарушает ограничение внешнего ключа "fk_favorite_offer_id_offer" таблицы "favorite"
DETAIL:  На ключ (id)=(35034) всё ещё есть ссылки в таблице "favorite".
[SQL: DELETE FROM offer WHERE offer.id IN ($1::INTEGER, $2::INTEGER, $3::INTEGER, $4::INTEGER, $5::INTEGER, $6::INTEGER, $7::INTEGER, $8::INTEGER, $9::INTEGER, $10::INTEGER, $11::INTEGER, $12::INTEGER, $13::INTEGER, $14::INTEGER, $15::INTEGER, $16::INTEGER, $17::INTEGER, $18::INTEGER, $19::INTEGER)]
[parameters: (29097, 35034, 39659, 40028, 44728, 47566, 61136, 73861, 75522, 83240, 89644, 92122, 100814, 109269, 112465, 116474, 118719, 127308, 127761)]
(Background on this error at: https://sqlalche.me/e/20/gkpj)
Traceback (most recent call last):
  File "G:\My Programs\ias_diplom1\.venv\Lib\site-packages\sqlalchemy\dialects\postgresql\asyncpg.py", line 550, in _prepare_and_execute
    self._rows = deque(await prepared_stmt.fetch(*parameters))
                       ^^^^^^^^^^^^^^^^^^^^^^^^^^^^^^^^^^^^^^
  File "G:\My Programs\ias_diplom1\.venv\Lib\site-packages\asyncpg\prepared_stmt.py", line 177, in fetch
    data = await self.__bind_execute(args, 0, timeout)
           ^^^^^^^^^^^^^^^^^^^^^^^^^^^^^^^^^^^^^^^^^^^
  File "G:\My Programs\ias_diplom1\.venv\Lib\site-packages\asyncpg\prepared_stmt.py", line 268, in __bind_execute
    data, status, _ = await self.__do_execute(
                      ^^^^^^^^^^^^^^^^^^^^^^^^
        lambda protocol: protocol.bind_execute(
        ^^^^^^^^^^^^^^^^^^^^^^^^^^^^^^^^^^^^^^^
            self._state, args, '', limit, True, timeout))
            ^^^^^^^^^^^^^^^^^^^^^^^^^^^^^^^^^^^^^^^^^^^^^
  File "G:\My Programs\ias_diplom1\.venv\Lib\site-packages\asyncpg\prepared_stmt.py", line 257, in __do_execute
    return await executor(protocol)
           ^^^^^^^^^^^^^^^^^^^^^^^^
  File "asyncpg/protocol/protocol.pyx", line 205, in bind_execute
asyncpg.exceptions.ForeignKeyViolationError: UPDATE или DELETE в таблице "offer" нарушает ограничение внешнего ключа "fk_favorite_offer_id_offer" таблицы "favorite"
DETAIL:  На ключ (id)=(35034) всё ещё есть ссылки в таблице "favorite".

The above exception was the direct cause of the following exception:

Traceback (most recent call last):
  File "G:\My Programs\ias_diplom1\.venv\Lib\site-packages\sqlalchemy\engine\base.py", line 1967, in _exec_single_context
    self.dialect.do_execute(
    ~~~~~~~~~~~~~~~~~~~~~~~^
        cursor, str_statement, effective_parameters, context
        ^^^^^^^^^^^^^^^^^^^^^^^^^^^^^^^^^^^^^^^^^^^^^^^^^^^^
    )
    ^
  File "G:\My Programs\ias_diplom1\.venv\Lib\site-packages\sqlalchemy\engine\default.py", line 952, in do_execute
    cursor.execute(statement, parameters)
    ~~~~~~~~~~~~~~^^^^^^^^^^^^^^^^^^^^^^^
  File "G:\My Programs\ias_diplom1\.venv\Lib\site-packages\sqlalchemy\dialects\postgresql\asyncpg.py", line 585, in execute
    self._adapt_connection.await_(
    ~~~~~~~~~~~~~~~~~~~~~~~~~~~~~^
        self._prepare_and_execute(operation, parameters)
        ^^^^^^^^^^^^^^^^^^^^^^^^^^^^^^^^^^^^^^^^^^^^^^^^
    )
    ^
  File "G:\My Programs\ias_diplom1\.venv\Lib\site-packages\sqlalchemy\util\_concurrency_py3k.py", line 132, in await_only
    return current.parent.switch(awaitable)  # type: ignore[no-any-return,attr-defined] # noqa: E501
           ~~~~~~~~~~~~~~~~~~~~~^^^^^^^^^^^
  File "G:\My Programs\ias_diplom1\.venv\Lib\site-packages\sqlalchemy\util\_concurrency_py3k.py", line 196, in greenlet_spawn
    value = await result
            ^^^^^^^^^^^^
  File "G:\My Programs\ias_diplom1\.venv\Lib\site-packages\sqlalchemy\dialects\postgresql\asyncpg.py", line 563, in _prepare_and_execute
    self._handle_exception(error)
    ~~~~~~~~~~~~~~~~~~~~~~^^^^^^^
  File "G:\My Programs\ias_diplom1\.venv\Lib\site-packages\sqlalchemy\dialects\postgresql\asyncpg.py", line 513, in _handle_exception
    self._adapt_connection._handle_exception(error)
    ~~~~~~~~~~~~~~~~~~~~~~~~~~~~~~~~~~~~~~~~^^^^^^^
  File "G:\My Programs\ias_diplom1\.venv\Lib\site-packages\sqlalchemy\dialects\postgresql\asyncpg.py", line 797, in _handle_exception
    raise translated_error from error
sqlalchemy.dialects.postgresql.asyncpg.AsyncAdapt_asyncpg_dbapi.IntegrityError: <class 'asyncpg.exceptions.ForeignKeyViolationError'>: UPDATE или DELETE в таблице "offer" нарушает ограничение внешнего ключа "fk_favorite_offer_id_offer" таблицы "favorite"
DETAIL:  На ключ (id)=(35034) всё ещё есть ссылки в таблице "favorite".

The above exception was the direct cause of the following exception:

Traceback (most recent call last):
  File "G:\My Programs\ias_diplom1\test_url.py", line 135, in main
    deleted, deactivated = await delete_or_deactivate_offers(ids_to_delete)
                           ^^^^^^^^^^^^^^^^^^^^^^^^^^^^^^^^^^^^^^^^^^^^^^^^
  File "G:\My Programs\ias_diplom1\test_url.py", line 88, in delete_or_deactivate_offers
    result = await db_session.exec(stmt)
             ^^^^^^^^^^^^^^^^^^^^^^^^^^^
  File "G:\My Programs\ias_diplom1\.venv\Lib\site-packages\sqlmodel\ext\asyncio\session.py", line 95, in exec
    result = await greenlet_spawn(
             ^^^^^^^^^^^^^^^^^^^^^
    ...<7 lines>...
    )
    ^
  File "G:\My Programs\ias_diplom1\.venv\Lib\site-packages\sqlalchemy\util\_concurrency_py3k.py", line 201, in greenlet_spawn
    result = context.throw(*sys.exc_info())
  File "G:\My Programs\ias_diplom1\.venv\Lib\site-packages\sqlmodel\orm\session.py", line 81, in exec
    results = super().execute(
        statement,
    ...<4 lines>...
        _add_event=_add_event,
    )
  File "G:\My Programs\ias_diplom1\.venv\Lib\site-packages\sqlalchemy\orm\session.py", line 2351, in execute
    return self._execute_internal(
           ~~~~~~~~~~~~~~~~~~~~~~^
        statement,
        ^^^^^^^^^^
    ...<4 lines>...
        _add_event=_add_event,
        ^^^^^^^^^^^^^^^^^^^^^^
    )
    ^
  File "G:\My Programs\ias_diplom1\.venv\Lib\site-packages\sqlalchemy\orm\session.py", line 2249, in _execute_internal
    result: Result[Any] = compile_state_cls.orm_execute_statement(
                          ~~~~~~~~~~~~~~~~~~~~~~~~~~~~~~~~~~~~~~~^
        self,
        ^^^^^
    ...<4 lines>...
        conn,
        ^^^^^
    )
    ^
  File "G:\My Programs\ias_diplom1\.venv\Lib\site-packages\sqlalchemy\orm\bulk_persistence.py", line 2033, in orm_execute_statement
    return super().orm_execute_statement(
           ~~~~~~~~~~~~~~~~~~~~~~~~~~~~~^
        session, statement, params, execution_options, bind_arguments, conn
        ^^^^^^^^^^^^^^^^^^^^^^^^^^^^^^^^^^^^^^^^^^^^^^^^^^^^^^^^^^^^^^^^^^^
    )
    ^
  File "G:\My Programs\ias_diplom1\.venv\Lib\site-packages\sqlalchemy\orm\context.py", line 306, in orm_execute_statement
    result = conn.execute(
        statement, params or {}, execution_options=execution_options
    )
  File "G:\My Programs\ias_diplom1\.venv\Lib\site-packages\sqlalchemy\engine\base.py", line 1419, in execute
    return meth(
        self,
        distilled_parameters,
        execution_options or NO_OPTIONS,
    )
  File "G:\My Programs\ias_diplom1\.venv\Lib\site-packages\sqlalchemy\sql\elements.py", line 527, in _execute_on_connection
    return connection._execute_clauseelement(
           ~~~~~~~~~~~~~~~~~~~~~~~~~~~~~~~~~^
        self, distilled_params, execution_options
        ^^^^^^^^^^^^^^^^^^^^^^^^^^^^^^^^^^^^^^^^^
    )
    ^
  File "G:\My Programs\ias_diplom1\.venv\Lib\site-packages\sqlalchemy\engine\base.py", line 1641, in _execute_clauseelement
    ret = self._execute_context(
        dialect,
    ...<8 lines>...
        cache_hit=cache_hit,
    )
  File "G:\My Programs\ias_diplom1\.venv\Lib\site-packages\sqlalchemy\engine\base.py", line 1846, in _execute_context
    return self._exec_single_context(
           ~~~~~~~~~~~~~~~~~~~~~~~~~^
        dialect, context, statement, parameters
        ^^^^^^^^^^^^^^^^^^^^^^^^^^^^^^^^^^^^^^^
    )
    ^
  File "G:\My Programs\ias_diplom1\.venv\Lib\site-packages\sqlalchemy\engine\base.py", line 1986, in _exec_single_context
    self._handle_dbapi_exception(
    ~~~~~~~~~~~~~~~~~~~~~~~~~~~~^
        e, str_statement, effective_parameters, cursor, context
        ^^^^^^^^^^^^^^^^^^^^^^^^^^^^^^^^^^^^^^^^^^^^^^^^^^^^^^^
    )
    ^
  File "G:\My Programs\ias_diplom1\.venv\Lib\site-packages\sqlalchemy\engine\base.py", line 2363, in _handle_dbapi_exception
    raise sqlalchemy_exception.with_traceback(exc_info[2]) from e
  File "G:\My Programs\ias_diplom1\.venv\Lib\site-packages\sqlalchemy\engine\base.py", line 1967, in _exec_single_context
    self.dialect.do_execute(
    ~~~~~~~~~~~~~~~~~~~~~~~^
        cursor, str_statement, effective_parameters, context
        ^^^^^^^^^^^^^^^^^^^^^^^^^^^^^^^^^^^^^^^^^^^^^^^^^^^^
    )
    ^
  File "G:\My Programs\ias_diplom1\.venv\Lib\site-packages\sqlalchemy\engine\default.py", line 952, in do_execute
    cursor.execute(statement, parameters)
    ~~~~~~~~~~~~~~^^^^^^^^^^^^^^^^^^^^^^^
  File "G:\My Programs\ias_diplom1\.venv\Lib\site-packages\sqlalchemy\dialects\postgresql\asyncpg.py", line 585, in execute
    self._adapt_connection.await_(
    ~~~~~~~~~~~~~~~~~~~~~~~~~~~~~^
        self._prepare_and_execute(operation, parameters)
        ^^^^^^^^^^^^^^^^^^^^^^^^^^^^^^^^^^^^^^^^^^^^^^^^
    )
    ^
  File "G:\My Programs\ias_diplom1\.venv\Lib\site-packages\sqlalchemy\util\_concurrency_py3k.py", line 132, in await_only
    return current.parent.switch(awaitable)  # type: ignore[no-any-return,attr-defined] # noqa: E501
           ~~~~~~~~~~~~~~~~~~~~~^^^^^^^^^^^
  File "G:\My Programs\ias_diplom1\.venv\Lib\site-packages\sqlalchemy\util\_concurrency_py3k.py", line 196, in greenlet_spawn
    value = await result
            ^^^^^^^^^^^^
  File "G:\My Programs\ias_diplom1\.venv\Lib\site-packages\sqlalchemy\dialects\postgresql\asyncpg.py", line 563, in _prepare_and_execute
    self._handle_exception(error)
    ~~~~~~~~~~~~~~~~~~~~~~^^^^^^^
  File "G:\My Programs\ias_diplom1\.venv\Lib\site-packages\sqlalchemy\dialects\postgresql\asyncpg.py", line 513, in _handle_exception
    self._adapt_connection._handle_exception(error)
    ~~~~~~~~~~~~~~~~~~~~~~~~~~~~~~~~~~~~~~~~^^^^^^^
  File "G:\My Programs\ias_diplom1\.venv\Lib\site-packages\sqlalchemy\dialects\postgresql\asyncpg.py", line 797, in _handle_exception
    raise translated_error from error
sqlalchemy.exc.IntegrityError: (sqlalchemy.dialects.postgresql.asyncpg.IntegrityError) <class 'asyncpg.exceptions.ForeignKeyViolationError'>: UPDATE или DELETE в таблице "offer" нарушает ограничение внешнего ключа "fk_favorite_offer_id_offer" таблицы "favorite"
DETAIL:  На ключ (id)=(35034) всё ещё есть ссылки в таблице "favorite".
[SQL: DELETE FROM offer WHERE offer.id IN ($1::INTEGER, $2::INTEGER, $3::INTEGER, $4::INTEGER, $5::INTEGER, $6::INTEGER, $7::INTEGER, $8::INTEGER, $9::INTEGER, $10::INTEGER, $11::INTEGER, $12::INTEGER, $13::INTEGER, $14::INTEGER, $15::INTEGER, $16::INTEGER, $17::INTEGER, $18::INTEGER, $19::INTEGER)]
[parameters: (29097, 35034, 39659, 40028, 44728, 47566, 61136, 73861, 75522, 83240, 89644, 92122, 100814, 109269, 112465, 116474, 118719, 127308, 127761)]
(Background on this error at: https://sqlalche.me/e/20/gkpj)
2026-01-14 13:33:24,125 - ERROR - IntegrityError (non-FK): (sqlalchemy.dialects.postgresql.asyncpg.IntegrityError) <class 'asyncpg.exceptions.ForeignKeyViolationError'>: UPDATE или DELETE в таблице "offer" нарушает ограничение внешнего ключа "fk_favorite_offer_id_offer" таблицы "favorite"
DETAIL:  На ключ (id)=(35034) всё ещё есть ссылки в таблице "favorite".
[SQL: DELETE FROM offer WHERE offer.id IN ($1::INTEGER, $2::INTEGER, $3::INTEGER, $4::INTEGER, $5::INTEGER, $6::INTEGER, $7::INTEGER, $8::INTEGER, $9::INTEGER, $10::INTEGER, $11::INTEGER, $12::INTEGER, $13::INTEGER, $14::INTEGER, $15::INTEGER, $16::INTEGER, $17::INTEGER, $18::INTEGER, $19::INTEGER)]
[parameters: (29097, 35034, 39659, 40028, 44728, 47566, 61136, 73861, 75522, 83240, 89644, 92122, 100814, 109269, 112465, 116474, 118719, 127308, 127761)]
(Background on this error at: https://sqlalche.me/e/20/gkpj)
