2026-01-14 12:23:05,659 - INFO - Processing batch #1, last_id=0
2026-01-14 12:23:05,820 - INFO - Fetched 1000 rows from database
2026-01-14 12:23:10,498 - WARNING - 404 found: https://bryansk.cian.ru/sale/flat/309060719/
2026-01-14 12:23:10,735 - WARNING - 404 found: https://bryansk.cian.ru/sale/flat/319010357/
2026-01-14 12:23:11,691 - INFO - Batch #1 completed: checked=1000, 404_found=2, exceptions=0, total_checked=1000, total_404=2, pending_deletes=2, total_deleted=0, avg_speed=165.8 records/sec
2026-01-14 12:23:11,691 - INFO - Processing batch #2, last_id=29663
2026-01-14 12:23:11,700 - INFO - Fetched 1000 rows from database
2026-01-14 12:23:12,070 - WARNING - 404 found: https://bryansk.cian.ru/sale/flat/323467161/
2026-01-14 12:23:12,121 - INFO - Batch #2 completed: checked=1000, 404_found=1, exceptions=0, total_checked=2000, total_404=3, pending_deletes=3, total_deleted=0, avg_speed=309.5 records/sec
2026-01-14 12:23:12,121 - INFO - Processing batch #3, last_id=30674
2026-01-14 12:23:12,130 - INFO - Fetched 1000 rows from database
2026-01-14 12:23:12,161 - WARNING - 404 found: https://bryansk.cian.ru/sale/flat/323094540/
2026-01-14 12:23:12,314 - WARNING - 404 found: https://bryansk.cian.ru/sale/flat/323006096/
2026-01-14 12:23:12,339 - WARNING - 404 found: https://bryansk.cian.ru/sale/flat/322768014/
2026-01-14 12:23:12,381 - WARNING - 404 found: https://bryansk.cian.ru/sale/flat/312087865/
2026-01-14 12:23:12,401 - WARNING - 404 found: https://bryansk.cian.ru/sale/flat/320766961/
2026-01-14 12:23:12,419 - WARNING - 404 found: https://bryansk.cian.ru/sale/flat/312088008/
2026-01-14 12:23:12,532 - WARNING - 404 found: https://bryansk.cian.ru/sale/flat/316924052/
2026-01-14 12:23:12,674 - INFO - Batch #3 completed: checked=1000, 404_found=7, exceptions=0, total_checked=3000, total_404=10, pending_deletes=10, total_deleted=0, avg_speed=427.7 records/sec
2026-01-14 12:23:12,674 - INFO - Processing batch #4, last_id=31678
2026-01-14 12:23:12,681 - INFO - Fetched 1000 rows from database
2026-01-14 12:23:12,702 - WARNING - 404 found: https://bryansk.cian.ru/sale/flat/320734767/
2026-01-14 12:23:12,709 - WARNING - 404 found: https://bryansk.cian.ru/sale/flat/312086917/
2026-01-14 12:23:12,715 - WARNING - 404 found: https://bryansk.cian.ru/sale/flat/316269771/
2026-01-14 12:23:12,743 - WARNING - 404 found: https://bryansk.cian.ru/sale/flat/293691034/
2026-01-14 12:23:12,747 - WARNING - 404 found: https://bryansk.cian.ru/sale/flat/312087200/
2026-01-14 12:23:12,760 - WARNING - 404 found: https://bryansk.cian.ru/sale/flat/320777515/
2026-01-14 12:23:12,765 - WARNING - 404 found: https://bryansk.cian.ru/sale/flat/322849919/
2026-01-14 12:23:12,782 - WARNING - 404 found: https://bryansk.cian.ru/sale/flat/312086937/
2026-01-14 12:23:12,817 - WARNING - 404 found: https://bryansk.cian.ru/sale/flat/319193567/
2026-01-14 12:23:12,843 - WARNING - 404 found: https://bryansk.cian.ru/sale/flat/316924102/
2026-01-14 12:23:12,893 - WARNING - 404 found: https://bryansk.cian.ru/sale/flat/317916039/
2026-01-14 12:23:12,934 - WARNING - 404 found: https://bryansk.cian.ru/sale/flat/322849917/
2026-01-14 12:23:13,081 - WARNING - 404 found: https://bryansk.cian.ru/sale/flat/313226572/
2026-01-14 12:23:14,027 - INFO - Batch #4 completed: checked=1000, 404_found=13, exceptions=0, total_checked=4000, total_404=23, pending_deletes=23, total_deleted=0, avg_speed=478.1 records/sec
2026-01-14 12:23:14,027 - INFO - Processing batch #5, last_id=32678
2026-01-14 12:23:14,034 - INFO - Fetched 1000 rows from database
2026-01-14 12:23:14,545 - WARNING - 404 found: https://www.cian.ru/sale/flat/323118919/
2026-01-14 12:23:14,756 - INFO - Batch #5 completed: checked=1000, 404_found=1, exceptions=0, total_checked=5000, total_404=24, pending_deletes=24, total_deleted=0, avg_speed=549.6 records/sec
2026-01-14 12:23:14,757 - INFO - Processing batch #6, last_id=33694
2026-01-14 12:23:14,766 - INFO - Fetched 1000 rows from database
2026-01-14 12:23:14,782 - WARNING - 404 found: https://www.cian.ru/sale/flat/322570286/
2026-01-14 12:23:14,806 - WARNING - 404 found: https://www.cian.ru/sale/flat/321904685/
2026-01-14 12:23:14,811 - WARNING - 404 found: https://www.cian.ru/sale/flat/321774752/
2026-01-14 12:23:14,817 - WARNING - 404 found: https://www.cian.ru/sale/flat/321853704/
2026-01-14 12:23:14,840 - WARNING - 404 found: https://www.cian.ru/sale/flat/320549682/
2026-01-14 12:23:14,850 - WARNING - 404 found: https://www.cian.ru/sale/flat/320019143/
2026-01-14 12:23:14,949 - WARNING - 404 found: https://www.cian.ru/sale/flat/323416538/
2026-01-14 12:23:14,965 - WARNING - 404 found: https://www.cian.ru/sale/flat/323391123/
2026-01-14 12:23:14,973 - WARNING - 404 found: https://www.cian.ru/sale/flat/323311781/
2026-01-14 12:23:15,027 - WARNING - 404 found: https://www.cian.ru/sale/flat/323018326/
2026-01-14 12:23:15,082 - WARNING - 404 found: https://www.cian.ru/sale/flat/322705053/
2026-01-14 12:23:15,147 - WARNING - 404 found: https://www.cian.ru/sale/flat/322140412/
2026-01-14 12:23:15,155 - WARNING - 404 found: https://www.cian.ru/sale/flat/321885254/
2026-01-14 12:23:15,199 - WARNING - 404 found: https://www.cian.ru/sale/flat/320779776/
2026-01-14 12:23:15,200 - WARNING - 404 found: https://www.cian.ru/sale/flat/320631216/
2026-01-14 12:23:15,246 - INFO - Batch #6 completed: checked=1000, 404_found=15, exceptions=0, total_checked=6000, total_404=39, pending_deletes=39, total_deleted=0, avg_speed=625.9 records/sec
2026-01-14 12:23:15,246 - INFO - Processing batch #7, last_id=34748
2026-01-14 12:23:15,254 - INFO - Fetched 1000 rows from database
2026-01-14 12:23:15,273 - WARNING - 404 found: https://www.cian.ru/sale/flat/320261805/
2026-01-14 12:23:15,292 - WARNING - 404 found: https://www.cian.ru/sale/flat/319392918/
2026-01-14 12:23:15,320 - WARNING - 404 found: https://www.cian.ru/sale/flat/317212907/
2026-01-14 12:23:15,334 - WARNING - 404 found: https://www.cian.ru/sale/flat/313599231/
2026-01-14 12:23:15,362 - WARNING - 404 found: https://www.cian.ru/sale/flat/312255321/
2026-01-14 12:23:15,377 - WARNING - 404 found: https://www.cian.ru/sale/flat/323522614/
2026-01-14 12:23:15,383 - WARNING - 404 found: https://www.cian.ru/sale/flat/323481412/
2026-01-14 12:23:15,384 - WARNING - 404 found: https://www.cian.ru/sale/flat/323481431/
2026-01-14 12:23:15,436 - WARNING - 404 found: https://www.cian.ru/sale/flat/323203512/
2026-01-14 12:23:15,448 - WARNING - 404 found: https://www.cian.ru/sale/flat/323167904/
2026-01-14 12:23:15,494 - WARNING - 404 found: https://www.cian.ru/sale/flat/322842366/
2026-01-14 12:23:15,504 - WARNING - 404 found: https://www.cian.ru/sale/flat/322791416/
2026-01-14 12:23:15,515 - WARNING - 404 found: https://www.cian.ru/sale/flat/322727415/
2026-01-14 12:23:15,520 - WARNING - 404 found: https://www.cian.ru/sale/flat/322704958/
2026-01-14 12:23:15,544 - WARNING - 404 found: https://www.cian.ru/sale/flat/322554559/
2026-01-14 12:23:15,568 - WARNING - 404 found: https://www.cian.ru/sale/flat/322090527/
2026-01-14 12:23:15,615 - WARNING - 404 found: https://www.cian.ru/sale/flat/321387098/
2026-01-14 12:23:15,629 - WARNING - 404 found: https://www.cian.ru/sale/flat/322040718/
2026-01-14 12:23:15,654 - WARNING - 404 found: https://www.cian.ru/sale/flat/320623004/
2026-01-14 12:23:15,665 - WARNING - 404 found: https://www.cian.ru/sale/flat/318557253/
2026-01-14 12:23:15,666 - WARNING - 404 found: https://www.cian.ru/sale/flat/318570280/
2026-01-14 12:23:15,726 - INFO - Batch #7 completed: checked=1000, 404_found=21, exceptions=0, total_checked=7000, total_404=60, pending_deletes=60, total_deleted=0, avg_speed=695.4 records/sec
2026-01-14 12:23:15,726 - INFO - Processing batch #8, last_id=35794
2026-01-14 12:23:15,734 - INFO - Fetched 1000 rows from database
2026-01-14 12:23:15,773 - WARNING - 404 found: https://www.cian.ru/sale/flat/323345781/
2026-01-14 12:23:15,786 - WARNING - 404 found: https://www.cian.ru/sale/flat/323244466/
2026-01-14 12:23:15,832 - WARNING - 404 found: https://www.cian.ru/sale/flat/322860008/
2026-01-14 12:23:15,873 - WARNING - 404 found: https://www.cian.ru/sale/flat/322409485/
2026-01-14 12:23:15,877 - WARNING - 404 found: https://www.cian.ru/sale/flat/322399293/
2026-01-14 12:23:15,889 - WARNING - 404 found: https://www.cian.ru/sale/flat/322164302/
2026-01-14 12:23:15,894 - WARNING - 404 found: https://www.cian.ru/sale/flat/322211056/
2026-01-14 12:23:15,897 - WARNING - 404 found: https://www.cian.ru/sale/flat/322068201/
2026-01-14 12:23:15,906 - WARNING - 404 found: https://www.cian.ru/sale/flat/321951854/
2026-01-14 12:23:15,925 - WARNING - 404 found: https://www.cian.ru/sale/flat/321581170/
2026-01-14 12:23:15,928 - WARNING - 404 found: https://www.cian.ru/sale/flat/321749677/
2026-01-14 12:23:15,945 - WARNING - 404 found: https://www.cian.ru/sale/flat/321302483/
2026-01-14 12:23:15,966 - WARNING - 404 found: https://www.cian.ru/sale/flat/319765060/
2026-01-14 12:23:15,988 - WARNING - 404 found: https://www.cian.ru/sale/flat/318184180/
2026-01-14 12:23:16,045 - WARNING - 404 found: https://www.cian.ru/sale/flat/297089589/
2026-01-14 12:23:16,051 - WARNING - 404 found: https://www.cian.ru/sale/flat/323577816/
2026-01-14 12:23:16,082 - WARNING - 404 found: https://www.cian.ru/sale/flat/323481394/
2026-01-14 12:23:16,093 - WARNING - 404 found: https://www.cian.ru/sale/flat/323364921/
2026-01-14 12:23:16,121 - WARNING - 404 found: https://www.cian.ru/sale/flat/323255837/
2026-01-14 12:23:17,175 - INFO - Batch #8 completed: checked=1000, 404_found=19, exceptions=0, total_checked=8000, total_404=79, pending_deletes=79, total_deleted=0, avg_speed=694.7 records/sec
2026-01-14 12:23:17,176 - INFO - Processing batch #9, last_id=36828
2026-01-14 12:23:17,186 - INFO - Fetched 1000 rows from database
2026-01-14 12:23:17,202 - WARNING - 404 found: https://www.cian.ru/sale/flat/322394770/
2026-01-14 12:23:17,246 - WARNING - 404 found: https://www.cian.ru/sale/flat/321612490/
2026-01-14 12:23:17,279 - WARNING - 404 found: https://www.cian.ru/sale/flat/320459301/
2026-01-14 12:23:17,285 - WARNING - 404 found: https://www.cian.ru/sale/flat/320256265/
2026-01-14 12:23:17,308 - WARNING - 404 found: https://www.cian.ru/sale/flat/319122130/
2026-01-14 12:23:17,348 - WARNING - 404 found: https://www.cian.ru/sale/flat/315415983/
2026-01-14 12:23:17,398 - WARNING - 404 found: https://www.cian.ru/sale/flat/323380903/
2026-01-14 12:23:17,401 - WARNING - 404 found: https://www.cian.ru/sale/flat/323364915/
2026-01-14 12:23:17,421 - WARNING - 404 found: https://www.cian.ru/sale/flat/323177692/
2026-01-14 12:23:17,423 - WARNING - 404 found: https://www.cian.ru/sale/flat/323196664/
2026-01-14 12:23:17,524 - WARNING - 404 found: https://www.cian.ru/sale/flat/322130839/
2026-01-14 12:23:17,531 - WARNING - 404 found: https://www.cian.ru/sale/flat/321955458/
2026-01-14 12:23:17,553 - WARNING - 404 found: https://www.cian.ru/sale/flat/321374670/
2026-01-14 12:23:17,554 - WARNING - 404 found: https://www.cian.ru/sale/flat/321685526/
2026-01-14 12:23:17,562 - WARNING - 404 found: https://www.cian.ru/sale/flat/320912862/
2026-01-14 12:23:17,585 - WARNING - 404 found: https://www.cian.ru/sale/flat/320388904/
2026-01-14 12:23:17,629 - WARNING - 404 found: https://www.cian.ru/sale/flat/311492123/
2026-01-14 12:23:17,642 - WARNING - 404 found: https://www.cian.ru/sale/flat/323572705/
2026-01-14 12:23:17,659 - WARNING - 404 found: https://www.cian.ru/sale/flat/323462367/
2026-01-14 12:23:19,724 - INFO - Batch #9 completed: checked=1000, 404_found=19, exceptions=0, total_checked=9000, total_404=98, pending_deletes=98, total_deleted=0, avg_speed=639.9 records/sec
2026-01-14 12:23:19,724 - INFO - Processing batch #10, last_id=37865
2026-01-14 12:23:19,732 - INFO - Fetched 1000 rows from database
2026-01-14 12:23:19,774 - WARNING - 404 found: https://www.cian.ru/sale/flat/322626037/
2026-01-14 12:23:19,809 - WARNING - 404 found: https://www.cian.ru/sale/flat/321185858/
2026-01-14 12:23:19,858 - WARNING - 404 found: https://www.cian.ru/sale/flat/307628224/
2026-01-14 12:23:19,886 - WARNING - 404 found: https://www.cian.ru/sale/flat/323364907/
2026-01-14 12:23:19,974 - WARNING - 404 found: https://www.cian.ru/sale/flat/322346668/
2026-01-14 12:23:20,011 - WARNING - 404 found: https://www.cian.ru/sale/flat/321791810/
2026-01-14 12:23:20,012 - WARNING - 404 found: https://www.cian.ru/sale/flat/321519457/
2026-01-14 12:23:20,029 - WARNING - 404 found: https://www.cian.ru/sale/flat/320560450/
2026-01-14 12:23:20,036 - WARNING - 404 found: https://www.cian.ru/sale/flat/320159740/
2026-01-14 12:23:20,121 - WARNING - 404 found: https://www.cian.ru/sale/flat/323282695/
2026-01-14 12:23:20,213 - INFO - Batch #10 completed: checked=1000, 404_found=10, exceptions=0, total_checked=10000, total_404=108, pending_deletes=8, total_deleted=0, avg_speed=687.1 records/sec
2026-01-14 12:23:20,214 - INFO - Processing batch #11, last_id=38905
2026-01-14 12:23:20,222 - INFO - Fetched 1000 rows from database
2026-01-14 12:23:20,238 - WARNING - 404 found: https://www.cian.ru/sale/flat/322928130/
2026-01-14 12:23:20,244 - WARNING - 404 found: https://www.cian.ru/sale/flat/322794801/
2026-01-14 12:23:20,254 - WARNING - 404 found: https://www.cian.ru/sale/flat/322648229/
2026-01-14 12:23:20,312 - WARNING - 404 found: https://www.cian.ru/sale/flat/321474366/
2026-01-14 12:23:20,312 - WARNING - 404 found: https://www.cian.ru/sale/flat/321107480/
2026-01-14 12:23:20,372 - WARNING - 404 found: https://www.cian.ru/sale/flat/305931249/
2026-01-14 12:23:20,387 - WARNING - 404 found: https://www.cian.ru/sale/flat/323659415/
2026-01-14 12:23:20,400 - WARNING - 404 found: https://www.cian.ru/sale/flat/323481399/
2026-01-14 12:23:20,421 - WARNING - 404 found: https://www.cian.ru/sale/flat/323230010/
2026-01-14 12:23:20,424 - WARNING - 404 found: https://www.cian.ru/sale/flat/323237125/
2026-01-14 12:23:20,438 - WARNING - 404 found: https://www.cian.ru/sale/flat/323026689/
2026-01-14 12:23:20,467 - WARNING - 404 found: https://www.cian.ru/sale/flat/322276382/
2026-01-14 12:23:20,471 - WARNING - 404 found: https://www.cian.ru/sale/flat/321950275/
2026-01-14 12:23:20,526 - WARNING - 404 found: https://www.cian.ru/sale/flat/321855455/
2026-01-14 12:23:20,537 - WARNING - 404 found: https://www.cian.ru/sale/flat/323481425/
2026-01-14 12:23:20,538 - WARNING - 404 found: https://www.cian.ru/sale/flat/323514009/
2026-01-14 12:23:20,632 - WARNING - 404 found: https://www.cian.ru/sale/flat/320984824/
2026-01-14 12:23:20,642 - WARNING - 404 found: https://www.cian.ru/sale/flat/320413898/
2026-01-14 12:23:20,649 - WARNING - 404 found: https://www.cian.ru/sale/flat/319124829/
2026-01-14 12:23:20,701 - INFO - Batch #11 completed: checked=1000, 404_found=19, exceptions=0, total_checked=11000, total_404=127, pending_deletes=27, total_deleted=0, avg_speed=731.3 records/sec
2026-01-14 12:23:20,701 - INFO - Processing batch #12, last_id=39941
2026-01-14 12:23:20,710 - INFO - Fetched 1000 rows from database
2026-01-14 12:23:20,739 - WARNING - 404 found: https://www.cian.ru/sale/flat/323481439/
2026-01-14 12:23:20,748 - WARNING - 404 found: https://www.cian.ru/sale/flat/323326824/
2026-01-14 12:23:20,759 - WARNING - 404 found: https://www.cian.ru/sale/flat/323229070/
2026-01-14 12:23:20,785 - WARNING - 404 found: https://www.cian.ru/sale/flat/322614937/
2026-01-14 12:23:20,792 - WARNING - 404 found: https://www.cian.ru/sale/flat/322538723/
2026-01-14 12:23:20,884 - WARNING - 404 found: https://www.cian.ru/sale/flat/323307094/
2026-01-14 12:23:21,039 - WARNING - 404 found: https://www.cian.ru/sale/flat/321669716/
2026-01-14 12:23:21,070 - WARNING - 404 found: https://www.cian.ru/sale/flat/323656712/
2026-01-14 12:23:21,097 - WARNING - 404 found: https://www.cian.ru/sale/flat/323138872/
2026-01-14 12:23:22,184 - INFO - Batch #12 completed: checked=1000, 404_found=9, exceptions=0, total_checked=12000, total_404=136, pending_deletes=36, total_deleted=0, avg_speed=726.2 records/sec
2026-01-14 12:23:22,185 - INFO - Processing batch #13, last_id=40979
2026-01-14 12:23:22,193 - INFO - Fetched 1000 rows from database
2026-01-14 12:23:22,214 - WARNING - 404 found: https://www.cian.ru/sale/flat/323430270/
2026-01-14 12:23:22,236 - WARNING - 404 found: https://www.cian.ru/sale/flat/322860012/
2026-01-14 12:23:22,284 - WARNING - 404 found: https://www.cian.ru/sale/flat/323439463/
2026-01-14 12:23:22,319 - WARNING - 404 found: https://www.cian.ru/sale/flat/322045037/
2026-01-14 12:23:22,320 - WARNING - 404 found: https://www.cian.ru/sale/flat/322148579/
2026-01-14 12:23:22,363 - WARNING - 404 found: https://www.cian.ru/sale/flat/323055598/
2026-01-14 12:23:22,367 - WARNING - 404 found: https://www.cian.ru/sale/flat/323354881/
2026-01-14 12:23:22,371 - WARNING - 404 found: https://www.cian.ru/sale/flat/322854542/
2026-01-14 12:23:22,374 - WARNING - 404 found: https://www.cian.ru/sale/flat/322269211/
2026-01-14 12:23:22,522 - WARNING - 404 found: https://www.cian.ru/sale/flat/323460013/
2026-01-14 12:23:22,556 - WARNING - 404 found: https://www.cian.ru/sale/flat/315099761/
2026-01-14 12:23:22,724 - INFO - Batch #13 completed: checked=1000, 404_found=11, exceptions=0, total_checked=13000, total_404=147, pending_deletes=47, total_deleted=0, avg_speed=761.8 records/sec
2026-01-14 12:23:22,725 - INFO - Processing batch #14, last_id=42040
2026-01-14 12:23:22,733 - INFO - Fetched 1000 rows from database
2026-01-14 12:23:22,846 - WARNING - 404 found: https://www.cian.ru/sale/flat/323464418/
2026-01-14 12:23:22,849 - WARNING - 404 found: https://www.cian.ru/sale/flat/323457287/
2026-01-14 12:23:22,948 - WARNING - 404 found: https://www.cian.ru/sale/flat/322733448/
2026-01-14 12:23:22,956 - WARNING - 404 found: https://www.cian.ru/sale/flat/322617848/
2026-01-14 12:23:22,978 - WARNING - 404 found: https://www.cian.ru/sale/flat/322248355/
2026-01-14 12:23:23,034 - WARNING - 404 found: https://www.cian.ru/sale/flat/321026019/
2026-01-14 12:23:23,071 - WARNING - 404 found: https://www.cian.ru/sale/flat/319669926/
2026-01-14 12:23:23,087 - WARNING - 404 found: https://www.cian.ru/sale/flat/318684322/
2026-01-14 12:23:23,090 - WARNING - 404 found: https://www.cian.ru/sale/flat/318651816/
2026-01-14 12:23:23,116 - WARNING - 404 found: https://www.cian.ru/sale/flat/313751978/
2026-01-14 12:23:23,122 - WARNING - 404 found: https://www.cian.ru/sale/flat/313919669/
2026-01-14 12:23:23,148 - WARNING - 404 found: https://www.cian.ru/sale/flat/308425560/
2026-01-14 12:23:24,053 - INFO - Batch #14 completed: checked=1000, 404_found=12, exceptions=0, total_checked=14000, total_404=159, pending_deletes=59, total_deleted=0, avg_speed=761.1 records/sec
2026-01-14 12:23:24,054 - INFO - Processing batch #15, last_id=43101
2026-01-14 12:23:24,062 - INFO - Fetched 1000 rows from database
2026-01-14 12:23:24,081 - WARNING - 404 found: https://www.cian.ru/sale/flat/323639793/
2026-01-14 12:23:24,101 - WARNING - 404 found: https://www.cian.ru/sale/flat/323575760/
2026-01-14 12:23:24,114 - WARNING - 404 found: https://www.cian.ru/sale/flat/323521230/
2026-01-14 12:23:24,168 - WARNING - 404 found: https://www.cian.ru/sale/flat/323450134/
2026-01-14 12:23:24,180 - WARNING - 404 found: https://www.cian.ru/sale/flat/323433999/
2026-01-14 12:23:24,194 - WARNING - 404 found: https://www.cian.ru/sale/flat/323326853/
2026-01-14 12:23:24,202 - WARNING - 404 found: https://www.cian.ru/sale/flat/323326830/
2026-01-14 12:23:24,228 - WARNING - 404 found: https://www.cian.ru/sale/flat/323201642/
2026-01-14 12:23:24,236 - WARNING - 404 found: https://www.cian.ru/sale/flat/323186023/
2026-01-14 12:23:24,240 - WARNING - 404 found: https://www.cian.ru/sale/flat/323169728/
2026-01-14 12:23:24,256 - WARNING - 404 found: https://www.cian.ru/sale/flat/323121816/
2026-01-14 12:23:24,262 - WARNING - 404 found: https://www.cian.ru/sale/flat/323083017/
2026-01-14 12:23:24,263 - WARNING - 404 found: https://www.cian.ru/sale/flat/323133506/
2026-01-14 12:23:24,272 - WARNING - 404 found: https://www.cian.ru/sale/flat/323036803/
2026-01-14 12:23:24,284 - WARNING - 404 found: https://www.cian.ru/sale/flat/323123467/
2026-01-14 12:23:24,316 - WARNING - 404 found: https://www.cian.ru/sale/flat/322837845/
2026-01-14 12:23:24,334 - WARNING - 404 found: https://www.cian.ru/sale/flat/322734030/
2026-01-14 12:23:24,350 - WARNING - 404 found: https://www.cian.ru/sale/flat/322680441/
2026-01-14 12:23:24,395 - WARNING - 404 found: https://www.cian.ru/sale/flat/322602034/
2026-01-14 12:23:24,399 - WARNING - 404 found: https://www.cian.ru/sale/flat/322417510/
2026-01-14 12:23:24,433 - WARNING - 404 found: https://www.cian.ru/sale/flat/322537064/
2026-01-14 12:23:24,457 - WARNING - 404 found: https://www.cian.ru/sale/flat/321743198/
2026-01-14 12:23:24,477 - WARNING - 404 found: https://www.cian.ru/sale/flat/321418150/
2026-01-14 12:23:24,499 - WARNING - 404 found: https://www.cian.ru/sale/flat/321054654/
2026-01-14 12:23:24,558 - INFO - Batch #15 completed: checked=1000, 404_found=24, exceptions=0, total_checked=15000, total_404=183, pending_deletes=83, total_deleted=0, avg_speed=793.7 records/sec
2026-01-14 12:23:24,558 - INFO - Processing batch #16, last_id=44150
2026-01-14 12:23:24,567 - INFO - Fetched 1000 rows from database
2026-01-14 12:23:24,586 - WARNING - 404 found: https://korolev.cian.ru/sale/flat/323577417/
2026-01-14 12:23:24,597 - WARNING - 404 found: https://chekhov.cian.ru/sale/flat/323540030/
2026-01-14 12:23:24,599 - WARNING - 404 found: https://mytishchi.cian.ru/sale/flat/323551357/
2026-01-14 12:23:24,652 - WARNING - 404 found: https://klin.cian.ru/sale/flat/323281522/
2026-01-14 12:23:24,654 - WARNING - 404 found: https://ramenskoye.cian.ru/sale/flat/323277172/
2026-01-14 12:23:24,670 - WARNING - 404 found: https://voskresensk.cian.ru/sale/flat/323148595/
2026-01-14 12:23:24,689 - WARNING - 404 found: https://www.cian.ru/sale/flat/323011663/
2026-01-14 12:23:24,704 - WARNING - 404 found: https://klin.cian.ru/sale/flat/322895442/
2026-01-14 12:23:24,732 - WARNING - 404 found: https://krasnogorsk.cian.ru/sale/flat/322755657/
2026-01-14 12:23:24,737 - WARNING - 404 found: https://www.cian.ru/sale/flat/322730511/
2026-01-14 12:23:24,748 - WARNING - 404 found: https://odintsovo.cian.ru/sale/flat/322853994/
2026-01-14 12:23:24,771 - WARNING - 404 found: https://krasnogorsk.cian.ru/sale/flat/322351870/
2026-01-14 12:23:24,814 - WARNING - 404 found: https://ozery.cian.ru/sale/flat/321968978/
2026-01-14 12:23:24,818 - WARNING - 404 found: https://sergiyev-posad.cian.ru/sale/flat/321810128/
2026-01-14 12:23:24,830 - WARNING - 404 found: https://korolev.cian.ru/sale/flat/321669521/
2026-01-14 12:23:24,843 - WARNING - 404 found: https://krasnogorsk.cian.ru/sale/flat/321558494/
2026-01-14 12:23:24,915 - WARNING - 404 found: https://odintsovo.cian.ru/sale/flat/319684669/
2026-01-14 12:23:24,931 - WARNING - 404 found: https://korolev.cian.ru/sale/flat/319367245/
2026-01-14 12:23:24,959 - WARNING - 404 found: https://pushkino.cian.ru/sale/flat/318584786/
2026-01-14 12:23:25,085 - INFO - Batch #16 completed: checked=1000, 404_found=19, exceptions=0, total_checked=16000, total_404=202, pending_deletes=2, total_deleted=0, avg_speed=823.6 records/sec
2026-01-14 12:23:25,085 - INFO - Processing batch #17, last_id=45188
2026-01-14 12:23:25,096 - INFO - Fetched 1000 rows from database
2026-01-14 12:23:25,129 - WARNING - 404 found: https://vidnoye.cian.ru/sale/flat/313850032/
2026-01-14 12:23:25,197 - WARNING - 404 found: https://vidnoye.cian.ru/sale/flat/323682561/
2026-01-14 12:23:25,225 - WARNING - 404 found: https://klin.cian.ru/sale/flat/323556728/
2026-01-14 12:23:25,238 - WARNING - 404 found: https://orekhovo-zuyevo.cian.ru/sale/flat/323540612/
2026-01-14 12:23:25,240 - WARNING - 404 found: https://mytishchi.cian.ru/sale/flat/323476968/
2026-01-14 12:23:25,241 - WARNING - 404 found: https://klin.cian.ru/sale/flat/323473630/
2026-01-14 12:23:25,259 - WARNING - 404 found: https://balashikha.cian.ru/sale/flat/323379922/
2026-01-14 12:23:25,261 - WARNING - 404 found: https://klin.cian.ru/sale/flat/323388319/
2026-01-14 12:23:25,373 - WARNING - 404 found: https://ramenskoye.cian.ru/sale/flat/322932385/
2026-01-14 12:23:25,404 - WARNING - 404 found: https://vidnoye.cian.ru/sale/flat/322735004/
2026-01-14 12:23:25,423 - WARNING - 404 found: https://ramenskoye.cian.ru/sale/flat/322574914/
2026-01-14 12:23:25,606 - INFO - Batch #17 completed: checked=1000, 404_found=11, exceptions=0, total_checked=17000, total_404=213, pending_deletes=13, total_deleted=0, avg_speed=852.3 records/sec
2026-01-14 12:23:25,606 - INFO - Processing batch #18, last_id=46217
2026-01-14 12:23:25,627 - INFO - Fetched 1000 rows from database
2026-01-14 12:23:25,643 - WARNING - 404 found: https://fryazino.cian.ru/sale/flat/320867435/
2026-01-14 12:23:25,663 - WARNING - 404 found: https://balashikha.cian.ru/sale/flat/320426043/
2026-01-14 12:23:25,721 - WARNING - 404 found: https://ivanteyevka.cian.ru/sale/flat/318797695/
2026-01-14 12:23:25,765 - WARNING - 404 found: https://pavlovsky-posad.cian.ru/sale/flat/315688885/
2026-01-14 12:23:25,765 - WARNING - 404 found: https://zvenigorod.cian.ru/sale/flat/315765740/
2026-01-14 12:23:25,787 - WARNING - 404 found: https://yegoryevsk.cian.ru/sale/flat/313179440/
2026-01-14 12:23:25,863 - WARNING - 404 found: https://vidnoye.cian.ru/sale/flat/323653721/
2026-01-14 12:23:25,866 - WARNING - 404 found: https://balashikha.cian.ru/sale/flat/323656458/
2026-01-14 12:23:25,872 - WARNING - 404 found: https://shchyolkovo.cian.ru/sale/flat/323616620/
2026-01-14 12:23:25,905 - WARNING - 404 found: https://golitsyno.cian.ru/sale/flat/323391335/
2026-01-14 12:23:25,908 - WARNING - 404 found: https://klin.cian.ru/sale/flat/323388321/
2026-01-14 12:23:26,007 - WARNING - 404 found: https://mytishchi.cian.ru/sale/flat/322804802/
2026-01-14 12:23:26,011 - WARNING - 404 found: https://lyubertsy.cian.ru/sale/flat/322748019/
2026-01-14 12:23:26,137 - INFO - Batch #18 completed: checked=1000, 404_found=13, exceptions=0, total_checked=18000, total_404=226, pending_deletes=26, total_deleted=0, avg_speed=879.0 records/sec
2026-01-14 12:23:26,137 - INFO - Processing batch #19, last_id=47239
2026-01-14 12:23:26,146 - INFO - Fetched 1000 rows from database
2026-01-14 12:23:26,163 - WARNING - 404 found: https://zvenigorod.cian.ru/sale/flat/322636357/
2026-01-14 12:23:26,173 - WARNING - 404 found: https://vidnoye.cian.ru/sale/flat/322411208/
2026-01-14 12:23:26,180 - WARNING - 404 found: https://korolev.cian.ru/sale/flat/322352197/
2026-01-14 12:23:26,222 - WARNING - 404 found: https://sergiyev-posad.cian.ru/sale/flat/321837186/
2026-01-14 12:23:26,271 - WARNING - 404 found: https://roshal.cian.ru/sale/flat/320747175/
2026-01-14 12:23:26,334 - WARNING - 404 found: https://vidnoye.cian.ru/sale/flat/318438900/
2026-01-14 12:23:26,340 - WARNING - 404 found: https://sergiyev-posad.cian.ru/sale/flat/317859667/
2026-01-14 12:23:26,347 - WARNING - 404 found: https://dmitrov.cian.ru/sale/flat/317473484/
2026-01-14 12:23:26,367 - WARNING - 404 found: https://www.cian.ru/sale/flat/315854078/
2026-01-14 12:23:26,418 - WARNING - 404 found: https://balashikha.cian.ru/sale/flat/305217594/
2026-01-14 12:23:26,420 - WARNING - 404 found: https://shchyolkovo.cian.ru/sale/flat/304424157/
2026-01-14 12:23:26,421 - WARNING - 404 found: https://www.cian.ru/sale/flat/304236443/
2026-01-14 12:23:26,493 - WARNING - 404 found: https://ramenskoye.cian.ru/sale/flat/323505871/
2026-01-14 12:23:26,497 - WARNING - 404 found: https://vidnoye.cian.ru/sale/flat/323505241/
2026-01-14 12:23:26,517 - WARNING - 404 found: https://khimki.cian.ru/sale/flat/323311371/
2026-01-14 12:23:26,569 - INFO - Batch #19 completed: checked=1000, 404_found=15, exceptions=0, total_checked=19000, total_404=241, pending_deletes=41, total_deleted=0, avg_speed=908.7 records/sec
2026-01-14 12:23:26,569 - INFO - Processing batch #20, last_id=48264
2026-01-14 12:23:26,578 - INFO - Fetched 1000 rows from database
2026-01-14 12:23:26,595 - WARNING - 404 found: https://vidnoye.cian.ru/sale/flat/323119194/
2026-01-14 12:23:26,613 - WARNING - 404 found: https://odintsovo.cian.ru/sale/flat/323050605/
2026-01-14 12:23:26,663 - WARNING - 404 found: https://vidnoye.cian.ru/sale/flat/322691268/
2026-01-14 12:23:26,677 - WARNING - 404 found: https://zvenigorod.cian.ru/sale/flat/322476755/
2026-01-14 12:23:26,708 - WARNING - 404 found: https://voskresensk.cian.ru/sale/flat/322037139/
2026-01-14 12:23:26,747 - WARNING - 404 found: https://odintsovo.cian.ru/sale/flat/321560218/
2026-01-14 12:23:26,798 - WARNING - 404 found: https://bronnicy.cian.ru/sale/flat/320691979/
2026-01-14 12:23:26,978 - WARNING - 404 found: https://ramenskoye.cian.ru/sale/flat/323693537/
2026-01-14 12:23:27,063 - INFO - Batch #20 completed: checked=1000, 404_found=8, exceptions=0, total_checked=20000, total_404=249, pending_deletes=49, total_deleted=0, avg_speed=934.4 records/sec
2026-01-14 12:23:27,063 - INFO - Processing batch #21, last_id=49293
2026-01-14 12:23:27,074 - INFO - Fetched 1000 rows from database
2026-01-14 12:23:27,113 - WARNING - 404 found: https://vidnoye.cian.ru/sale/flat/323379815/
2026-01-14 12:23:27,134 - WARNING - 404 found: https://korolev.cian.ru/sale/flat/323252343/
2026-01-14 12:23:27,145 - WARNING - 404 found: https://balashikha.cian.ru/sale/flat/323159342/
2026-01-14 12:23:27,148 - WARNING - 404 found: https://vidnoye.cian.ru/sale/flat/323128460/
2026-01-14 12:23:27,184 - WARNING - 404 found: https://www.cian.ru/sale/flat/322856230/
2026-01-14 12:23:27,246 - WARNING - 404 found: https://www.cian.ru/sale/flat/322113343/
2026-01-14 12:23:27,265 - WARNING - 404 found: https://khimki.cian.ru/sale/flat/321955264/
2026-01-14 12:23:27,290 - WARNING - 404 found: https://khimki.cian.ru/sale/flat/321280542/
2026-01-14 12:23:27,488 - INFO - Batch #21 completed: checked=1000, 404_found=8, exceptions=0, total_checked=21000, total_404=257, pending_deletes=57, total_deleted=0, avg_speed=962.1 records/sec
2026-01-14 12:23:27,488 - INFO - Processing batch #22, last_id=50307
2026-01-14 12:23:27,495 - INFO - Fetched 1000 rows from database
2026-01-14 12:23:27,613 - WARNING - 404 found: https://bryansk.cian.ru/sale/suburban/322878865/
2026-01-14 12:23:27,796 - WARNING - 404 found: https://bryansk.cian.ru/sale/suburban/319787923/
2026-01-14 12:23:27,871 - WARNING - 404 found: https://bryansk.cian.ru/sale/suburban/318001478/
2026-01-14 12:23:28,812 - INFO - Batch #22 completed: checked=1000, 404_found=3, exceptions=0, total_checked=22000, total_404=260, pending_deletes=60, total_deleted=0, avg_speed=950.2 records/sec
2026-01-14 12:23:28,812 - INFO - Processing batch #23, last_id=51309
2026-01-14 12:23:28,821 - INFO - Fetched 1000 rows from database
2026-01-14 12:23:29,041 - WARNING - 404 found: https://vidnoye.cian.ru/sale/flat/316016857/
2026-01-14 12:23:29,043 - WARNING - 404 found: https://kotelniki.cian.ru/sale/flat/316025616/
2026-01-14 12:23:29,057 - WARNING - 404 found: https://podolsk.cian.ru/sale/flat/316748936/
2026-01-14 12:23:29,066 - WARNING - 404 found: https://krasnogorsk.cian.ru/sale/flat/312666933/
2026-01-14 12:23:29,204 - WARNING - 404 found: https://krasnogorsk.cian.ru/sale/flat/322789817/
2026-01-14 12:23:31,196 - INFO - Batch #23 completed: checked=1000, 404_found=5, exceptions=0, total_checked=23000, total_404=265, pending_deletes=65, total_deleted=0, avg_speed=900.7 records/sec
2026-01-14 12:23:31,197 - INFO - Processing batch #24, last_id=52323
2026-01-14 12:23:31,208 - INFO - Fetched 1000 rows from database
2026-01-14 12:23:31,380 - WARNING - 404 found: https://vidnoye.cian.ru/sale/flat/323314650/
2026-01-14 12:23:31,421 - WARNING - 404 found: https://ivanteyevka.cian.ru/sale/flat/322874141/
2026-01-14 12:23:31,524 - WARNING - 404 found: https://odintsovo.cian.ru/sale/flat/316217101/
2026-01-14 12:23:31,754 - INFO - Batch #24 completed: checked=1000, 404_found=3, exceptions=0, total_checked=24000, total_404=268, pending_deletes=68, total_deleted=0, avg_speed=919.7 records/sec
2026-01-14 12:23:31,754 - INFO - Processing batch #25, last_id=53352
2026-01-14 12:23:31,763 - INFO - Fetched 1000 rows from database
2026-01-14 12:23:31,783 - WARNING - 404 found: https://lyubertsy.cian.ru/sale/flat/322896885/
2026-01-14 12:23:31,850 - WARNING - 404 found: https://krasnogorsk.cian.ru/sale/flat/322142798/
2026-01-14 12:23:32,040 - WARNING - 404 found: https://istra.cian.ru/sale/flat/315879696/
2026-01-14 12:23:32,043 - WARNING - 404 found: https://ivanteyevka.cian.ru/sale/flat/315355148/
2026-01-14 12:23:32,109 - WARNING - 404 found: https://domodedovo.cian.ru/sale/flat/323620048/
2026-01-14 12:23:32,149 - WARNING - 404 found: https://podolsk.cian.ru/sale/flat/323341194/
2026-01-14 12:23:32,186 - WARNING - 404 found: https://ramenskoye.cian.ru/sale/flat/323079191/
2026-01-14 12:23:32,229 - WARNING - 404 found: https://vidnoye.cian.ru/sale/flat/322601151/
2026-01-14 12:23:32,262 - WARNING - 404 found: https://istra.cian.ru/sale/flat/321791814/
2026-01-14 12:23:32,324 - WARNING - 404 found: https://ramenskoye.cian.ru/sale/flat/318882010/
2026-01-14 12:23:32,382 - WARNING - 404 found: https://vidnoye.cian.ru/sale/flat/323612752/
2026-01-14 12:23:32,391 - WARNING - 404 found: https://vidnoye.cian.ru/sale/flat/323543563/
2026-01-14 12:23:32,397 - WARNING - 404 found: https://mytishchi.cian.ru/sale/flat/323469952/
2026-01-14 12:23:32,555 - INFO - Batch #25 completed: checked=1000, 404_found=13, exceptions=0, total_checked=25000, total_404=281, pending_deletes=81, total_deleted=0, avg_speed=929.5 records/sec
2026-01-14 12:23:32,555 - INFO - Processing batch #26, last_id=54375
2026-01-14 12:23:32,565 - INFO - Fetched 1000 rows from database
2026-01-14 12:23:32,602 - WARNING - 404 found: https://khimki.cian.ru/sale/flat/322523958/
2026-01-14 12:23:32,677 - WARNING - 404 found: https://vidnoye.cian.ru/sale/flat/318498754/
2026-01-14 12:23:32,731 - WARNING - 404 found: https://balashikha.cian.ru/sale/flat/323754300/
2026-01-14 12:23:32,745 - WARNING - 404 found: https://vidnoye.cian.ru/sale/flat/323378725/
2026-01-14 12:23:32,763 - WARNING - 404 found: https://balashikha.cian.ru/sale/flat/323078615/
2026-01-14 12:23:32,773 - WARNING - 404 found: https://balashikha.cian.ru/sale/flat/323169892/
2026-01-14 12:23:32,781 - WARNING - 404 found: https://khimki.cian.ru/sale/flat/322795170/
2026-01-14 12:23:32,882 - WARNING - 404 found: https://vidnoye.cian.ru/sale/flat/323668502/
2026-01-14 12:23:32,900 - WARNING - 404 found: https://balashikha.cian.ru/sale/flat/323607379/
2026-01-14 12:23:32,924 - WARNING - 404 found: https://reutov.cian.ru/sale/flat/323253238/
2026-01-14 12:23:32,941 - WARNING - 404 found: https://vidnoye.cian.ru/sale/flat/323224046/
2026-01-14 12:23:32,949 - WARNING - 404 found: https://vidnoye.cian.ru/sale/flat/322444712/
2026-01-14 12:23:32,956 - WARNING - 404 found: https://balashikha.cian.ru/sale/flat/322505061/
2026-01-14 12:23:32,980 - WARNING - 404 found: https://balashikha.cian.ru/sale/flat/320734547/
2026-01-14 12:23:32,987 - WARNING - 404 found: https://mytishchi.cian.ru/sale/flat/319592467/
2026-01-14 12:23:33,908 - INFO - Batch #26 completed: checked=1000, 404_found=15, exceptions=0, total_checked=26000, total_404=296, pending_deletes=96, total_deleted=0, avg_speed=920.4 records/sec
2026-01-14 12:23:33,909 - INFO - Processing batch #27, last_id=55396
2026-01-14 12:23:33,919 - INFO - Fetched 1000 rows from database
2026-01-14 12:23:33,961 - WARNING - 404 found: https://vidnoye.cian.ru/sale/flat/322934833/
2026-01-14 12:23:33,984 - WARNING - 404 found: https://vidnoye.cian.ru/sale/flat/322022773/
2026-01-14 12:23:34,001 - WARNING - 404 found: https://domodedovo.cian.ru/sale/flat/320388805/
2026-01-14 12:23:34,061 - WARNING - 404 found: https://zhukovsky.cian.ru/sale/flat/323505874/
2026-01-14 12:23:34,127 - WARNING - 404 found: https://odintsovo.cian.ru/sale/flat/321764973/
2026-01-14 12:23:34,140 - WARNING - 404 found: https://balashikha.cian.ru/sale/flat/321633598/
2026-01-14 12:23:34,156 - WARNING - 404 found: https://balashikha.cian.ru/sale/flat/318951181/
2026-01-14 12:23:34,168 - WARNING - 404 found: https://krasnogorsk.cian.ru/sale/flat/321265553/
2026-01-14 12:23:34,199 - WARNING - 404 found: https://balashikha.cian.ru/sale/flat/314481153/
2026-01-14 12:23:34,206 - WARNING - 404 found: https://vidnoye.cian.ru/sale/flat/323553885/
2026-01-14 12:23:34,239 - WARNING - 404 found: https://vidnoye.cian.ru/sale/flat/323070609/
2026-01-14 12:23:34,240 - WARNING - 404 found: https://balashikha.cian.ru/sale/flat/323076907/
2026-01-14 12:23:34,350 - WARNING - 404 found: https://lyubertsy.cian.ru/sale/flat/323164173/
2026-01-14 12:23:34,353 - WARNING - 404 found: https://kotelniki.cian.ru/sale/flat/323083704/
2026-01-14 12:23:34,360 - WARNING - 404 found: https://dolgoprudny.cian.ru/sale/flat/322888129/
2026-01-14 12:23:34,367 - WARNING - 404 found: https://balashikha.cian.ru/sale/flat/322615777/
2026-01-14 12:23:34,373 - WARNING - 404 found: https://shchyolkovo.cian.ru/sale/flat/322420520/
2026-01-14 12:23:34,418 - INFO - Batch #27 completed: checked=1000, 404_found=17, exceptions=0, total_checked=27000, total_404=313, pending_deletes=13, total_deleted=0, avg_speed=938.9 records/sec
2026-01-14 12:23:34,418 - INFO - Processing batch #28, last_id=56424
2026-01-14 12:23:34,426 - INFO - Fetched 1000 rows from database
2026-01-14 12:23:34,510 - WARNING - 404 found: https://ramenskoye.cian.ru/sale/flat/323260991/
2026-01-14 12:23:34,556 - WARNING - 404 found: https://krasnogorsk.cian.ru/sale/flat/319822818/
2026-01-14 12:23:34,561 - WARNING - 404 found: https://vidnoye.cian.ru/sale/flat/319148511/
2026-01-14 12:23:34,597 - WARNING - 404 found: https://balashikha.cian.ru/sale/flat/323240610/
2026-01-14 12:23:34,614 - WARNING - 404 found: https://podolsk.cian.ru/sale/flat/321276335/
2026-01-14 12:23:34,664 - WARNING - 404 found: https://odintsovo.cian.ru/sale/flat/323202980/
2026-01-14 12:23:34,705 - WARNING - 404 found: https://krasnogorsk.cian.ru/sale/flat/321636344/
2026-01-14 12:23:34,732 - WARNING - 404 found: https://odintsovo.cian.ru/sale/flat/322813290/
2026-01-14 12:23:34,776 - WARNING - 404 found: https://krasnogorsk.cian.ru/sale/flat/322305619/
2026-01-14 12:23:35,032 - INFO - Batch #28 completed: checked=1000, 404_found=9, exceptions=0, total_checked=28000, total_404=322, pending_deletes=22, total_deleted=0, avg_speed=953.3 records/sec
2026-01-14 12:23:35,032 - INFO - Processing batch #29, last_id=57449
2026-01-14 12:23:35,041 - INFO - Fetched 1000 rows from database
2026-01-14 12:23:35,093 - WARNING - 404 found: https://ozery.cian.ru/sale/flat/323388411/
2026-01-14 12:23:35,132 - WARNING - 404 found: https://ramenskoye.cian.ru/sale/flat/323236729/
2026-01-14 12:23:35,148 - WARNING - 404 found: https://lyubertsy.cian.ru/sale/flat/323162608/
2026-01-14 12:23:35,155 - WARNING - 404 found: https://balashikha.cian.ru/sale/flat/323159795/
2026-01-14 12:23:35,164 - WARNING - 404 found: https://www.cian.ru/sale/flat/323195913/
2026-01-14 12:23:35,224 - WARNING - 404 found: https://khotkovo.cian.ru/sale/flat/322769060/
2026-01-14 12:23:35,231 - WARNING - 404 found: https://ramenskoye.cian.ru/sale/flat/322681292/
2026-01-14 12:23:35,243 - WARNING - 404 found: https://krasnogorsk.cian.ru/sale/flat/322596544/
2026-01-14 12:23:35,259 - WARNING - 404 found: https://krasnozavodsk.cian.ru/sale/flat/322366778/
2026-01-14 12:23:35,273 - WARNING - 404 found: https://www.cian.ru/sale/flat/322384863/
2026-01-14 12:23:35,279 - WARNING - 404 found: https://voskresensk.cian.ru/sale/flat/322223684/
2026-01-14 12:23:35,342 - WARNING - 404 found: https://dolgoprudny.cian.ru/sale/flat/321730832/
2026-01-14 12:23:35,478 - INFO - Batch #29 completed: checked=1000, 404_found=12, exceptions=0, total_checked=29000, total_404=334, pending_deletes=34, total_deleted=0, avg_speed=972.6 records/sec
2026-01-14 12:23:35,478 - INFO - Processing batch #30, last_id=58480
2026-01-14 12:23:35,488 - INFO - Fetched 1000 rows from database
2026-01-14 12:23:35,559 - WARNING - 404 found: https://klin.cian.ru/sale/flat/318017578/
2026-01-14 12:23:35,573 - WARNING - 404 found: https://www.cian.ru/sale/flat/317416696/
2026-01-14 12:23:35,618 - WARNING - 404 found: https://golitsyno.cian.ru/sale/flat/315027307/
2026-01-14 12:23:35,622 - WARNING - 404 found: https://mytishchi.cian.ru/sale/flat/314832052/
2026-01-14 12:23:35,693 - WARNING - 404 found: https://khimki.cian.ru/sale/flat/323461491/
2026-01-14 12:23:36,892 - INFO - Batch #30 completed: checked=1000, 404_found=5, exceptions=0, total_checked=30000, total_404=339, pending_deletes=39, total_deleted=0, avg_speed=960.5 records/sec
2026-01-14 12:23:36,893 - INFO - Processing batch #31, last_id=59498
2026-01-14 12:23:36,904 - INFO - Fetched 1000 rows from database
2026-01-14 12:23:37,086 - WARNING - 404 found: https://bryansk.cian.ru/sale/flat/318180246/
2026-01-14 12:23:37,218 - WARNING - 404 found: https://bryansk.cian.ru/sale/flat/312087861/
2026-01-14 12:23:37,494 - INFO - Batch #31 completed: checked=1000, 404_found=2, exceptions=0, total_checked=31000, total_404=341, pending_deletes=41, total_deleted=0, avg_speed=973.8 records/sec
2026-01-14 12:23:37,494 - INFO - Processing batch #32, last_id=60501
2026-01-14 12:23:37,518 - INFO - Fetched 1000 rows from database
2026-01-14 12:23:37,817 - WARNING - 404 found: https://kolomna.cian.ru/sale/flat/323294858/
2026-01-14 12:23:37,850 - WARNING - 404 found: https://khimki.cian.ru/sale/flat/323123778/
2026-01-14 12:23:37,858 - WARNING - 404 found: https://orekhovo-zuyevo.cian.ru/sale/flat/323090424/
2026-01-14 12:23:37,903 - WARNING - 404 found: https://www.cian.ru/sale/flat/322969334/
2026-01-14 12:23:37,942 - WARNING - 404 found: https://www.cian.ru/sale/flat/322581971/
2026-01-14 12:23:37,960 - WARNING - 404 found: https://krasnogorsk.cian.ru/sale/flat/322481441/
2026-01-14 12:23:38,069 - INFO - Batch #32 completed: checked=1000, 404_found=6, exceptions=0, total_checked=32000, total_404=347, pending_deletes=47, total_deleted=0, avg_speed=987.4 records/sec
2026-01-14 12:23:38,069 - INFO - Processing batch #33, last_id=61522
2026-01-14 12:23:38,080 - INFO - Fetched 1000 rows from database
2026-01-14 12:23:38,099 - WARNING - 404 found: https://dmitrov.cian.ru/sale/flat/322208369/
2026-01-14 12:23:38,106 - WARNING - 404 found: https://kotelniki.cian.ru/sale/flat/322197631/
2026-01-14 12:23:38,150 - WARNING - 404 found: https://odintsovo.cian.ru/sale/flat/321800417/
2026-01-14 12:23:38,229 - WARNING - 404 found: https://www.cian.ru/sale/flat/320901368/
2026-01-14 12:23:38,381 - WARNING - 404 found: https://serpukhov.cian.ru/sale/flat/317397060/
2026-01-14 12:23:38,437 - WARNING - 404 found: https://balashikha.cian.ru/sale/flat/323664021/
2026-01-14 12:23:38,468 - WARNING - 404 found: https://podolsk.cian.ru/sale/flat/323553685/
2026-01-14 12:23:38,478 - WARNING - 404 found: https://klin.cian.ru/sale/flat/323473620/
2026-01-14 12:23:38,484 - WARNING - 404 found: https://vidnoye.cian.ru/sale/flat/323474610/
2026-01-14 12:23:39,322 - INFO - Batch #33 completed: checked=1000, 404_found=9, exceptions=0, total_checked=33000, total_404=356, pending_deletes=56, total_deleted=0, avg_speed=980.3 records/sec
2026-01-14 12:23:39,322 - INFO - Processing batch #34, last_id=62551
2026-01-14 12:23:39,330 - INFO - Fetched 1000 rows from database
2026-01-14 12:23:39,355 - WARNING - 404 found: https://ramenskoye.cian.ru/sale/flat/323385169/
2026-01-14 12:23:39,463 - WARNING - 404 found: https://dzerzhinsky.cian.ru/sale/flat/322621132/
2026-01-14 12:23:39,510 - WARNING - 404 found: https://sergiyev-posad.cian.ru/sale/flat/322278026/
2026-01-14 12:23:39,669 - WARNING - 404 found: https://www.cian.ru/sale/flat/319928176/
2026-01-14 12:23:39,837 - INFO - Batch #34 completed: checked=1000, 404_found=4, exceptions=0, total_checked=34000, total_404=360, pending_deletes=60, total_deleted=0, avg_speed=994.8 records/sec
2026-01-14 12:23:39,837 - INFO - Processing batch #35, last_id=63570
2026-01-14 12:23:39,845 - INFO - Fetched 1000 rows from database
2026-01-14 12:23:39,918 - WARNING - 404 found: https://zhukovsky.cian.ru/sale/flat/313271958/
2026-01-14 12:23:39,999 - WARNING - 404 found: https://krasnogorsk.cian.ru/sale/flat/323572668/
2026-01-14 12:23:40,011 - WARNING - 404 found: https://ramenskoye.cian.ru/sale/flat/323491365/
2026-01-14 12:23:40,022 - WARNING - 404 found: https://klin.cian.ru/sale/flat/323473627/
2026-01-14 12:23:40,116 - WARNING - 404 found: https://vidnoye.cian.ru/sale/flat/322884304/
2026-01-14 12:23:40,176 - WARNING - 404 found: https://korolev.cian.ru/sale/flat/322197042/
2026-01-14 12:23:40,214 - WARNING - 404 found: https://dolgoprudny.cian.ru/sale/flat/321687273/
2026-01-14 12:23:40,387 - INFO - Batch #35 completed: checked=1000, 404_found=7, exceptions=0, total_checked=35000, total_404=367, pending_deletes=67, total_deleted=0, avg_speed=1007.8 records/sec
2026-01-14 12:23:40,388 - INFO - Processing batch #36, last_id=64593
2026-01-14 12:23:40,396 - INFO - Fetched 1000 rows from database
2026-01-14 12:23:40,476 - WARNING - 404 found: https://korolev.cian.ru/sale/flat/320029535/
2026-01-14 12:23:40,528 - WARNING - 404 found: https://istra.cian.ru/sale/flat/318297558/
2026-01-14 12:23:40,532 - WARNING - 404 found: https://lyubertsy.cian.ru/sale/flat/318164616/
2026-01-14 12:23:40,564 - WARNING - 404 found: https://voskresensk.cian.ru/sale/flat/316067407/
2026-01-14 12:23:40,731 - WARNING - 404 found: https://klin.cian.ru/sale/flat/323473612/
2026-01-14 12:23:40,811 - INFO - Batch #36 completed: checked=1000, 404_found=5, exceptions=0, total_checked=36000, total_404=372, pending_deletes=72, total_deleted=0, avg_speed=1024.1 records/sec
2026-01-14 12:23:40,811 - INFO - Processing batch #37, last_id=65627
2026-01-14 12:23:40,818 - INFO - Fetched 1000 rows from database
2026-01-14 12:23:40,838 - WARNING - 404 found: https://kolomna.cian.ru/sale/flat/323163873/
2026-01-14 12:23:40,860 - WARNING - 404 found: https://ramenskoye.cian.ru/sale/flat/323095949/
2026-01-14 12:23:40,883 - WARNING - 404 found: https://lobnya.cian.ru/sale/flat/322927903/
2026-01-14 12:23:40,993 - WARNING - 404 found: https://dolgoprudny.cian.ru/sale/flat/321649330/
2026-01-14 12:23:41,070 - WARNING - 404 found: https://lytkarino.cian.ru/sale/flat/320016673/
2026-01-14 12:23:41,105 - WARNING - 404 found: https://lobnya.cian.ru/sale/flat/318676837/
2026-01-14 12:23:41,154 - WARNING - 404 found: https://khimki.cian.ru/sale/flat/315718587/
2026-01-14 12:23:41,253 - INFO - Batch #37 completed: checked=1000, 404_found=7, exceptions=0, total_checked=37000, total_404=379, pending_deletes=79, total_deleted=0, avg_speed=1039.5 records/sec
2026-01-14 12:23:41,253 - INFO - Processing batch #38, last_id=66646
2026-01-14 12:23:41,263 - INFO - Fetched 1000 rows from database
2026-01-14 12:23:41,335 - WARNING - 404 found: https://vidnoye.cian.ru/sale/flat/323612029/
2026-01-14 12:23:41,353 - WARNING - 404 found: https://khimki.cian.ru/sale/flat/323390773/
2026-01-14 12:23:41,412 - WARNING - 404 found: https://krasnogorsk.cian.ru/sale/flat/322438438/
2026-01-14 12:23:41,422 - WARNING - 404 found: https://shchyolkovo.cian.ru/sale/flat/322916249/
2026-01-14 12:23:41,443 - WARNING - 404 found: https://balashikha.cian.ru/sale/flat/321494065/
2026-01-14 12:23:41,444 - WARNING - 404 found: https://odintsovo.cian.ru/sale/flat/321455069/
2026-01-14 12:23:41,480 - WARNING - 404 found: https://zvenigorod.cian.ru/sale/flat/319706467/
2026-01-14 12:23:41,486 - WARNING - 404 found: https://balashikha.cian.ru/sale/flat/319090323/
2026-01-14 12:23:41,487 - WARNING - 404 found: https://vidnoye.cian.ru/sale/flat/318970122/
2026-01-14 12:23:41,758 - INFO - Batch #38 completed: checked=1000, 404_found=9, exceptions=0, total_checked=38000, total_404=388, pending_deletes=88, total_deleted=0, avg_speed=1052.7 records/sec
2026-01-14 12:23:41,758 - INFO - Processing batch #39, last_id=67661
2026-01-14 12:23:41,766 - INFO - Fetched 1000 rows from database
2026-01-14 12:23:41,785 - WARNING - 404 found: https://krasnogorsk.cian.ru/sale/flat/321428159/
2026-01-14 12:23:41,817 - WARNING - 404 found: https://vidnoye.cian.ru/sale/flat/319766156/
2026-01-14 12:23:41,820 - WARNING - 404 found: https://khimki.cian.ru/sale/flat/319639703/
2026-01-14 12:23:41,837 - WARNING - 404 found: https://vidnoye.cian.ru/sale/flat/316326078/
2026-01-14 12:23:41,859 - WARNING - 404 found: https://khimki.cian.ru/sale/flat/311258793/
2026-01-14 12:23:41,964 - WARNING - 404 found: https://odintsovo.cian.ru/sale/flat/322395779/
2026-01-14 12:23:42,012 - WARNING - 404 found: https://podolsk.cian.ru/sale/flat/320920490/
2026-01-14 12:23:42,026 - WARNING - 404 found: https://odintsovo.cian.ru/sale/flat/320061926/
2026-01-14 12:23:42,065 - WARNING - 404 found: https://korolev.cian.ru/sale/flat/314387683/
2026-01-14 12:23:42,132 - WARNING - 404 found: https://khimki.cian.ru/sale/flat/323264008/
2026-01-14 12:23:42,209 - INFO - Batch #39 completed: checked=1000, 404_found=10, exceptions=0, total_checked=39000, total_404=398, pending_deletes=98, total_deleted=0, avg_speed=1067.0 records/sec
2026-01-14 12:23:42,209 - INFO - Processing batch #40, last_id=68693
2026-01-14 12:23:42,217 - INFO - Fetched 1000 rows from database
2026-01-14 12:23:42,234 - WARNING - 404 found: https://vidnoye.cian.ru/sale/flat/322408948/
2026-01-14 12:23:42,237 - WARNING - 404 found: https://ramenskoye.cian.ru/sale/flat/322509686/
2026-01-14 12:23:42,306 - WARNING - 404 found: https://www.cian.ru/sale/flat/317783347/
2026-01-14 12:23:42,360 - WARNING - 404 found: https://vidnoye.cian.ru/sale/flat/323587425/
2026-01-14 12:23:42,376 - WARNING - 404 found: https://balashikha.cian.ru/sale/flat/323236498/
2026-01-14 12:23:42,386 - WARNING - 404 found: https://krasnogorsk.cian.ru/sale/flat/322949242/
2026-01-14 12:23:42,441 - WARNING - 404 found: https://vidnoye.cian.ru/sale/flat/321489533/
2026-01-14 12:23:42,486 - WARNING - 404 found: https://balashikha.cian.ru/sale/flat/315845320/
2026-01-14 12:23:42,609 - WARNING - 404 found: https://balashikha.cian.ru/sale/flat/318569345/
2026-01-14 12:23:42,856 - INFO - Batch #40 completed: checked=1000, 404_found=9, exceptions=0, total_checked=40000, total_404=407, pending_deletes=7, total_deleted=0, avg_speed=1075.4 records/sec
2026-01-14 12:23:42,856 - INFO - Processing batch #41, last_id=69716
2026-01-14 12:23:42,865 - INFO - Fetched 1000 rows from database
2026-01-14 12:23:42,957 - WARNING - 404 found: https://lyubertsy.cian.ru/sale/flat/321387300/
2026-01-14 12:23:43,038 - WARNING - 404 found: https://vidnoye.cian.ru/sale/flat/323304397/
2026-01-14 12:23:43,064 - WARNING - 404 found: https://balashikha.cian.ru/sale/flat/322020455/
2026-01-14 12:23:43,160 - WARNING - 404 found: https://korolev.cian.ru/sale/flat/323135789/
2026-01-14 12:23:43,173 - WARNING - 404 found: https://khimki.cian.ru/sale/flat/323461792/
2026-01-14 12:23:43,193 - WARNING - 404 found: https://vidnoye.cian.ru/sale/flat/322126937/
2026-01-14 12:23:43,246 - WARNING - 404 found: https://sergiyev-posad.cian.ru/sale/flat/318646436/
2026-01-14 12:23:43,377 - INFO - Batch #41 completed: checked=1000, 404_found=7, exceptions=0, total_checked=41000, total_404=414, pending_deletes=14, total_deleted=0, avg_speed=1087.0 records/sec
2026-01-14 12:23:43,377 - INFO - Processing batch #42, last_id=70737
2026-01-14 12:23:43,384 - INFO - Fetched 1000 rows from database
2026-01-14 12:23:43,428 - WARNING - 404 found: https://dmitrov.cian.ru/sale/flat/322729301/
2026-01-14 12:23:43,431 - WARNING - 404 found: https://podolsk.cian.ru/sale/flat/322657861/
2026-01-14 12:23:43,547 - WARNING - 404 found: https://kotelniki.cian.ru/sale/flat/323013410/
2026-01-14 12:23:43,598 - WARNING - 404 found: https://stupino.cian.ru/sale/flat/323107617/
2026-01-14 12:23:43,600 - WARNING - 404 found: https://lyubertsy.cian.ru/sale/flat/307140596/
2026-01-14 12:23:43,631 - WARNING - 404 found: https://vidnoye.cian.ru/sale/flat/323312834/
2026-01-14 12:23:43,677 - WARNING - 404 found: https://lyubertsy.cian.ru/sale/flat/322545244/
2026-01-14 12:23:43,758 - WARNING - 404 found: https://krasnogorsk.cian.ru/sale/flat/323521729/
2026-01-14 12:23:44,146 - INFO - Batch #42 completed: checked=1000, 404_found=8, exceptions=0, total_checked=42000, total_404=422, pending_deletes=22, total_deleted=0, avg_speed=1091.3 records/sec
2026-01-14 12:23:44,146 - INFO - Processing batch #43, last_id=71764
2026-01-14 12:23:44,156 - INFO - Fetched 1000 rows from database
2026-01-14 12:23:44,175 - WARNING - 404 found: https://korolev.cian.ru/sale/flat/323017662/
2026-01-14 12:23:44,246 - WARNING - 404 found: https://lyubertsy.cian.ru/sale/flat/323091000/
2026-01-14 12:23:44,248 - WARNING - 404 found: https://balashikha.cian.ru/sale/flat/320152552/
2026-01-14 12:23:44,331 - WARNING - 404 found: https://vidnoye.cian.ru/sale/flat/323679586/
2026-01-14 12:23:44,734 - INFO - Batch #43 completed: checked=1000, 404_found=4, exceptions=0, total_checked=43000, total_404=426, pending_deletes=26, total_deleted=0, avg_speed=1100.5 records/sec
2026-01-14 12:23:44,734 - INFO - Processing batch #44, last_id=72790
2026-01-14 12:23:44,744 - INFO - Fetched 1000 rows from database
2026-01-14 12:23:44,787 - WARNING - 404 found: https://mytishchi.cian.ru/sale/flat/314599130/
2026-01-14 12:23:44,806 - WARNING - 404 found: https://voskresensk.cian.ru/sale/flat/312235765/
2026-01-14 12:23:44,813 - WARNING - 404 found: https://domodedovo.cian.ru/sale/flat/315505907/
2026-01-14 12:23:44,938 - WARNING - 404 found: https://krasnogorsk.cian.ru/sale/flat/323378795/
2026-01-14 12:23:44,976 - WARNING - 404 found: https://krasnogorsk.cian.ru/sale/flat/323049866/
2026-01-14 12:23:45,001 - WARNING - 404 found: https://mytishchi.cian.ru/sale/flat/322607654/
2026-01-14 12:23:45,011 - WARNING - 404 found: https://lyubertsy.cian.ru/sale/flat/322443322/
2026-01-14 12:23:45,022 - WARNING - 404 found: https://lyubertsy.cian.ru/sale/flat/322283616/
2026-01-14 12:23:45,055 - WARNING - 404 found: https://zhukovsky.cian.ru/sale/flat/321731227/
2026-01-14 12:23:45,113 - WARNING - 404 found: https://khimki.cian.ru/sale/flat/320492626/
2026-01-14 12:23:45,291 - INFO - Batch #44 completed: checked=1000, 404_found=10, exceptions=0, total_checked=44000, total_404=436, pending_deletes=36, total_deleted=0, avg_speed=1110.2 records/sec
2026-01-14 12:23:45,291 - INFO - Processing batch #45, last_id=73806
2026-01-14 12:23:45,302 - INFO - Fetched 1000 rows from database
2026-01-14 12:23:45,335 - WARNING - 404 found: https://lyubertsy.cian.ru/sale/flat/319425132/
2026-01-14 12:23:45,640 - WARNING - 404 found: https://serpukhov.cian.ru/sale/flat/321412819/
2026-01-14 12:23:45,714 - INFO - Batch #45 completed: checked=1000, 404_found=2, exceptions=0, total_checked=45000, total_404=438, pending_deletes=38, total_deleted=0, avg_speed=1123.5 records/sec
2026-01-14 12:23:45,715 - INFO - Processing batch #46, last_id=74823
2026-01-14 12:23:45,737 - INFO - Fetched 1000 rows from database
2026-01-14 12:23:45,771 - WARNING - 404 found: https://mytishchi.cian.ru/sale/flat/320154696/
2026-01-14 12:23:46,003 - WARNING - 404 found: https://vidnoye.cian.ru/sale/flat/322691400/
2026-01-14 12:23:46,007 - WARNING - 404 found: https://orekhovo-zuyevo.cian.ru/sale/flat/322399913/
2026-01-14 12:23:46,089 - WARNING - 404 found: https://krasnogorsk.cian.ru/sale/flat/320009873/
2026-01-14 12:23:46,876 - INFO - Batch #46 completed: checked=1000, 404_found=4, exceptions=0, total_checked=46000, total_404=442, pending_deletes=42, total_deleted=0, avg_speed=1116.1 records/sec
2026-01-14 12:23:46,876 - INFO - Processing batch #47, last_id=75830
2026-01-14 12:23:46,885 - INFO - Fetched 1000 rows from database
2026-01-14 12:23:46,917 - WARNING - 404 found: https://ivanteyevka.cian.ru/sale/flat/316795768/
2026-01-14 12:23:47,112 - WARNING - 404 found: https://vidnoye.cian.ru/sale/flat/323515369/
2026-01-14 12:23:47,139 - WARNING - 404 found: https://vidnoye.cian.ru/sale/flat/323319713/
2026-01-14 12:23:47,203 - WARNING - 404 found: https://ramenskoye.cian.ru/sale/flat/322283385/
2026-01-14 12:23:47,268 - WARNING - 404 found: https://lyubertsy.cian.ru/sale/flat/320810442/
2026-01-14 12:23:47,331 - WARNING - 404 found: https://domodedovo.cian.ru/sale/flat/316280253/
2026-01-14 12:23:47,379 - INFO - Batch #47 completed: checked=1000, 404_found=6, exceptions=0, total_checked=47000, total_404=448, pending_deletes=48, total_deleted=0, avg_speed=1126.6 records/sec
2026-01-14 12:23:47,380 - INFO - Processing batch #48, last_id=76841
2026-01-14 12:23:47,387 - INFO - Fetched 1000 rows from database
2026-01-14 12:23:47,534 - WARNING - 404 found: https://zhukovsky.cian.ru/sale/flat/322517994/
2026-01-14 12:23:47,595 - WARNING - 404 found: https://khimki.cian.ru/sale/flat/316936212/
2026-01-14 12:23:47,617 - WARNING - 404 found: https://solnechnogorsk.cian.ru/sale/flat/308362694/
2026-01-14 12:23:47,644 - WARNING - 404 found: https://lyubertsy.cian.ru/sale/flat/324071900/
2026-01-14 12:23:47,654 - WARNING - 404 found: https://vidnoye.cian.ru/sale/flat/323808418/
2026-01-14 12:23:47,661 - WARNING - 404 found: https://ivanteyevka.cian.ru/sale/flat/323748331/
2026-01-14 12:23:47,695 - WARNING - 404 found: https://dzerzhinsky.cian.ru/sale/flat/323794263/
2026-01-14 12:23:47,699 - WARNING - 404 found: https://dubna.cian.ru/sale/flat/323181938/
2026-01-14 12:23:47,710 - WARNING - 404 found: https://balashikha.cian.ru/sale/flat/322842662/
2026-01-14 12:23:47,809 - WARNING - 404 found: https://khimki.cian.ru/sale/flat/316274364/
2026-01-14 12:23:48,588 - INFO - Batch #48 completed: checked=1000, 404_found=10, exceptions=0, total_checked=48000, total_404=458, pending_deletes=58, total_deleted=0, avg_speed=1118.1 records/sec
2026-01-14 12:23:48,589 - INFO - Processing batch #49, last_id=77855
2026-01-14 12:23:48,596 - INFO - Fetched 1000 rows from database
2026-01-14 12:23:48,852 - WARNING - 404 found: https://pavlovsky-posad.cian.ru/sale/flat/322872993/
2026-01-14 12:23:48,894 - WARNING - 404 found: https://khimki.cian.ru/sale/flat/321067918/
2026-01-14 12:23:48,899 - WARNING - 404 found: https://balashikha.cian.ru/sale/flat/320807472/
2026-01-14 12:23:48,924 - WARNING - 404 found: https://www.cian.ru/sale/flat/318475037/
2026-01-14 12:23:49,833 - INFO - Batch #49 completed: checked=1000, 404_found=4, exceptions=0, total_checked=49000, total_404=462, pending_deletes=62, total_deleted=0, avg_speed=1109.3 records/sec
2026-01-14 12:23:49,833 - INFO - Processing batch #50, last_id=78871
2026-01-14 12:23:49,842 - INFO - Fetched 1000 rows from database
2026-01-14 12:23:49,901 - WARNING - 404 found: https://lyubertsy.cian.ru/sale/flat/322725693/
2026-01-14 12:23:50,071 - WARNING - 404 found: https://odintsovo.cian.ru/sale/flat/321693824/
2026-01-14 12:23:50,230 - WARNING - 404 found: https://lyubertsy.cian.ru/sale/flat/323593558/
2026-01-14 12:23:50,306 - INFO - Batch #50 completed: checked=1000, 404_found=3, exceptions=0, total_checked=50000, total_404=465, pending_deletes=65, total_deleted=0, avg_speed=1119.9 records/sec
2026-01-14 12:23:50,307 - INFO - Processing batch #51, last_id=79895
2026-01-14 12:23:50,316 - INFO - Fetched 1000 rows from database
2026-01-14 12:23:50,396 - WARNING - 404 found: https://kotelniki.cian.ru/sale/flat/314741744/
2026-01-14 12:23:50,418 - WARNING - 404 found: https://solnechnogorsk.cian.ru/sale/flat/319027786/
2026-01-14 12:23:50,572 - WARNING - 404 found: https://khimki.cian.ru/sale/flat/322451056/
2026-01-14 12:23:50,688 - WARNING - 404 found: https://dmitrov.cian.ru/sale/flat/308399457/
2026-01-14 12:23:50,866 - INFO - Batch #51 completed: checked=1000, 404_found=4, exceptions=0, total_checked=51000, total_404=469, pending_deletes=69, total_deleted=0, avg_speed=1128.2 records/sec
2026-01-14 12:23:50,866 - INFO - Processing batch #52, last_id=80903
2026-01-14 12:23:50,878 - INFO - Fetched 1000 rows from database
2026-01-14 12:23:50,985 - WARNING - 404 found: https://lyubertsy.cian.ru/sale/flat/300567560/
2026-01-14 12:23:51,009 - WARNING - 404 found: https://solnechnogorsk.cian.ru/sale/flat/308362698/
2026-01-14 12:23:51,091 - WARNING - 404 found: https://khimki.cian.ru/sale/flat/322697827/
2026-01-14 12:23:51,127 - WARNING - 404 found: https://reutov.cian.ru/sale/flat/321131162/
2026-01-14 12:23:51,193 - WARNING - 404 found: https://khimki.cian.ru/sale/flat/324141431/
2026-01-14 12:23:51,196 - WARNING - 404 found: https://odintsovo.cian.ru/sale/flat/324141427/
2026-01-14 12:23:51,203 - WARNING - 404 found: https://khimki.cian.ru/sale/flat/323983611/
2026-01-14 12:23:51,264 - WARNING - 404 found: https://lyubertsy.cian.ru/sale/flat/323269973/
2026-01-14 12:23:51,266 - INFO - Batch #52 completed: checked=1000, 404_found=8, exceptions=0, total_checked=52000, total_404=477, pending_deletes=77, total_deleted=0, avg_speed=1140.2 records/sec
2026-01-14 12:23:51,266 - INFO - Processing batch #53, last_id=81916
2026-01-14 12:23:51,276 - INFO - Fetched 1000 rows from database
2026-01-14 12:23:51,463 - WARNING - 404 found: https://klin.cian.ru/sale/flat/323908760/
2026-01-14 12:23:51,545 - WARNING - 404 found: https://vidnoye.cian.ru/sale/flat/323664653/
2026-01-14 12:23:51,855 - INFO - Batch #53 completed: checked=1000, 404_found=2, exceptions=0, total_checked=53000, total_404=479, pending_deletes=79, total_deleted=0, avg_speed=1147.3 records/sec
2026-01-14 12:23:51,855 - INFO - Processing batch #54, last_id=82932
2026-01-14 12:23:51,864 - INFO - Fetched 1000 rows from database
2026-01-14 12:23:51,936 - WARNING - 404 found: https://ramenskoye.cian.ru/sale/flat/322451057/
2026-01-14 12:23:51,957 - WARNING - 404 found: https://vidnoye.cian.ru/sale/flat/322292043/
2026-01-14 12:23:51,960 - WARNING - 404 found: https://zvenigorod.cian.ru/sale/flat/322231060/
2026-01-14 12:23:51,969 - WARNING - 404 found: https://krasnogorsk.cian.ru/sale/flat/322186850/
2026-01-14 12:23:52,012 - WARNING - 404 found: https://losino-petrovskiy.cian.ru/sale/flat/321767127/
2026-01-14 12:23:52,125 - WARNING - 404 found: https://vidnoye.cian.ru/sale/flat/319748419/
2026-01-14 12:23:52,184 - WARNING - 404 found: https://odintsovo.cian.ru/sale/flat/294225718/
2026-01-14 12:23:52,187 - WARNING - 404 found: https://krasnogorsk.cian.ru/sale/flat/300437251/
2026-01-14 12:23:52,232 - WARNING - 404 found: https://vidnoye.cian.ru/sale/flat/323818762/
2026-01-14 12:23:52,289 - WARNING - 404 found: https://sergiyev-posad.cian.ru/sale/flat/321899036/
2026-01-14 12:23:52,292 - WARNING - 404 found: https://sergiyev-posad.cian.ru/sale/flat/321899001/
2026-01-14 12:23:52,313 - WARNING - 404 found: https://sergiyev-posad.cian.ru/sale/flat/322464331/
2026-01-14 12:23:53,162 - INFO - Batch #54 completed: checked=1000, 404_found=12, exceptions=0, total_checked=54000, total_404=491, pending_deletes=91, total_deleted=0, avg_speed=1136.8 records/sec
2026-01-14 12:23:53,162 - INFO - Processing batch #55, last_id=83947
2026-01-14 12:23:53,170 - INFO - Fetched 1000 rows from database
2026-01-14 12:23:53,462 - WARNING - 404 found: https://www.cian.ru/sale/flat/316424155/
2026-01-14 12:23:53,742 - INFO - Batch #55 completed: checked=1000, 404_found=1, exceptions=0, total_checked=55000, total_404=492, pending_deletes=92, total_deleted=0, avg_speed=1143.9 records/sec
2026-01-14 12:23:53,742 - INFO - Processing batch #56, last_id=84958
2026-01-14 12:23:53,750 - INFO - Fetched 1000 rows from database
2026-01-14 12:23:56,950 - INFO - Batch #56 completed: checked=1000, 404_found=0, exceptions=0, total_checked=56000, total_404=492, pending_deletes=92, total_deleted=0, avg_speed=1091.8 records/sec
2026-01-14 12:23:56,950 - INFO - Processing batch #57, last_id=85967
2026-01-14 12:23:56,958 - INFO - Fetched 1000 rows from database
2026-01-14 12:23:57,025 - WARNING - 404 found: https://odintsovo.cian.ru/sale/flat/310684091/
2026-01-14 12:23:57,051 - WARNING - 404 found: https://domodedovo.cian.ru/sale/flat/323059965/
2026-01-14 12:23:57,067 - WARNING - 404 found: https://mytishchi.cian.ru/sale/flat/321207958/
2026-01-14 12:23:57,085 - WARNING - 404 found: https://podolsk.cian.ru/sale/flat/315228932/
2026-01-14 12:23:57,086 - WARNING - 404 found: https://krasnogorsk.cian.ru/sale/flat/322267692/
2026-01-14 12:23:57,303 - WARNING - 404 found: https://balashikha.cian.ru/sale/flat/323700193/
2026-01-14 12:23:59,220 - INFO - Batch #57 completed: checked=1000, 404_found=6, exceptions=0, total_checked=57000, total_404=498, pending_deletes=98, total_deleted=0, avg_speed=1064.2 records/sec
2026-01-14 12:23:59,221 - INFO - Processing batch #58, last_id=86978
2026-01-14 12:23:59,231 - INFO - Fetched 1000 rows from database
2026-01-14 12:23:59,726 - WARNING - 404 found: https://domodedovo.cian.ru/sale/flat/320538906/
2026-01-14 12:23:59,921 - INFO - Batch #58 completed: checked=1000, 404_found=1, exceptions=0, total_checked=58000, total_404=499, pending_deletes=99, total_deleted=0, avg_speed=1068.9 records/sec
2026-01-14 12:23:59,921 - INFO - Processing batch #59, last_id=87981
2026-01-14 12:23:59,929 - INFO - Fetched 1000 rows from database
2026-01-14 12:24:00,174 - WARNING - 404 found: https://shchyolkovo.cian.ru/sale/flat/319628760/
2026-01-14 12:24:00,990 - INFO - Batch #59 completed: checked=1000, 404_found=1, exceptions=0, total_checked=59000, total_404=500, pending_deletes=0, total_deleted=0, avg_speed=1066.3 records/sec
2026-01-14 12:24:00,990 - INFO - Processing batch #60, last_id=88986
2026-01-14 12:24:01,002 - INFO - Fetched 1000 rows from database
2026-01-14 12:24:01,075 - WARNING - 404 found: https://balashikha.cian.ru/sale/flat/317177505/
2026-01-14 12:24:01,210 - WARNING - 404 found: https://vidnoye.cian.ru/sale/flat/323508265/
2026-01-14 12:24:01,380 - WARNING - 404 found: https://vidnoye.cian.ru/sale/flat/324099890/
2026-01-14 12:24:01,381 - WARNING - 404 found: https://vidnoye.cian.ru/sale/flat/322579306/
2026-01-14 12:24:01,645 - INFO - Batch #60 completed: checked=1000, 404_found=4, exceptions=0, total_checked=60000, total_404=504, pending_deletes=4, total_deleted=0, avg_speed=1071.7 records/sec
2026-01-14 12:24:01,645 - INFO - Processing batch #61, last_id=89990
2026-01-14 12:24:01,651 - INFO - Fetched 1000 rows from database
2026-01-14 12:24:01,740 - WARNING - 404 found: https://mytishchi.cian.ru/sale/flat/322340426/
2026-01-14 12:24:02,057 - WARNING - 404 found: https://reutov.cian.ru/sale/flat/321131159/
2026-01-14 12:24:02,057 - WARNING - 404 found: https://kotelniki.cian.ru/sale/flat/316147998/
2026-01-14 12:24:02,085 - WARNING - 404 found: https://mytishchi.cian.ru/sale/flat/324109449/
2026-01-14 12:24:02,158 - WARNING - 404 found: https://mytishchi.cian.ru/sale/flat/324134000/
2026-01-14 12:24:02,286 - WARNING - 404 found: https://khimki.cian.ru/sale/flat/322782425/
2026-01-14 12:24:02,645 - INFO - Batch #61 completed: checked=1000, 404_found=6, exceptions=0, total_checked=61000, total_404=510, pending_deletes=10, total_deleted=0, avg_speed=1070.4 records/sec
2026-01-14 12:24:02,645 - INFO - Processing batch #62, last_id=91000
2026-01-14 12:24:02,655 - INFO - Fetched 1000 rows from database
2026-01-14 12:24:02,674 - WARNING - 404 found: https://khimki.cian.ru/sale/flat/321055729/
2026-01-14 12:24:02,712 - WARNING - 404 found: https://odintsovo.cian.ru/sale/flat/309687003/
2026-01-14 12:24:02,888 - WARNING - 404 found: https://solnechnogorsk.cian.ru/sale/flat/324114966/
2026-01-14 12:24:03,027 - WARNING - 404 found: https://domodedovo.cian.ru/sale/flat/324265185/
2026-01-14 12:24:03,047 - WARNING - 404 found: https://khimki.cian.ru/sale/flat/322982872/
2026-01-14 12:24:03,052 - WARNING - 404 found: https://khimki.cian.ru/sale/flat/323544762/
2026-01-14 12:24:03,060 - WARNING - 404 found: https://odintsovo.cian.ru/sale/flat/323662554/
2026-01-14 12:24:03,110 - WARNING - 404 found: https://lyubertsy.cian.ru/sale/flat/316491444/
2026-01-14 12:24:03,238 - INFO - Batch #62 completed: checked=1000, 404_found=8, exceptions=0, total_checked=62000, total_404=518, pending_deletes=18, total_deleted=0, avg_speed=1076.8 records/sec
2026-01-14 12:24:03,239 - INFO - Processing batch #63, last_id=92012
2026-01-14 12:24:03,245 - INFO - Fetched 1000 rows from database
2026-01-14 12:24:03,296 - WARNING - 404 found: https://khimki.cian.ru/sale/flat/323213031/
2026-01-14 12:24:03,469 - WARNING - 404 found: https://kotelniki.cian.ru/sale/flat/323737769/
2026-01-14 12:24:03,634 - WARNING - 404 found: https://mytishchi.cian.ru/sale/flat/321235521/
2026-01-14 12:24:03,753 - WARNING - 404 found: https://krasnogorsk.cian.ru/sale/flat/321061038/
2026-01-14 12:24:05,747 - INFO - Batch #63 completed: checked=1000, 404_found=4, exceptions=0, total_checked=63000, total_404=522, pending_deletes=22, total_deleted=0, avg_speed=1048.5 records/sec
2026-01-14 12:24:05,747 - INFO - Processing batch #64, last_id=93016
2026-01-14 12:24:05,755 - INFO - Fetched 1000 rows from database
2026-01-14 12:24:06,298 - WARNING - 404 found: https://balashikha.cian.ru/sale/flat/315839085/
2026-01-14 12:24:06,409 - INFO - Batch #64 completed: checked=1000, 404_found=1, exceptions=0, total_checked=64000, total_404=523, pending_deletes=23, total_deleted=0, avg_speed=1053.5 records/sec
2026-01-14 12:24:06,410 - INFO - Processing batch #65, last_id=94023
2026-01-14 12:24:06,417 - INFO - Fetched 1000 rows from database
2026-01-14 12:24:06,699 - WARNING - 404 found: https://mytishchi.cian.ru/sale/flat/323893916/
2026-01-14 12:24:11,497 - INFO - Batch #65 completed: checked=1000, 404_found=1, exceptions=0, total_checked=65000, total_404=524, pending_deletes=24, total_deleted=0, avg_speed=987.3 records/sec
2026-01-14 12:24:11,498 - INFO - Processing batch #66, last_id=95028
2026-01-14 12:24:11,506 - INFO - Fetched 1000 rows from database
2026-01-14 12:24:11,589 - WARNING - 404 found: https://odintsovo.cian.ru/sale/flat/323097740/
2026-01-14 12:24:11,650 - WARNING - 404 found: https://vidnoye.cian.ru/sale/flat/322652509/
2026-01-14 12:24:11,693 - WARNING - 404 found: https://kotelniki.cian.ru/sale/flat/314913511/
2026-01-14 12:24:11,847 - WARNING - 404 found: https://krasnogorsk.cian.ru/sale/flat/324172691/
2026-01-14 12:24:11,857 - WARNING - 404 found: https://krasnogorsk.cian.ru/sale/flat/324263812/
2026-01-14 12:24:11,889 - WARNING - 404 found: https://odintsovo.cian.ru/sale/flat/290836764/
2026-01-14 12:24:11,970 - WARNING - 404 found: https://naro-fominsk.cian.ru/sale/flat/323957976/
2026-01-14 12:24:12,107 - WARNING - 404 found: https://naro-fominsk.cian.ru/sale/flat/323957960/
2026-01-14 12:24:12,204 - INFO - Batch #66 completed: checked=1000, 404_found=8, exceptions=0, total_checked=66000, total_404=532, pending_deletes=32, total_deleted=0, avg_speed=991.8 records/sec
2026-01-14 12:24:12,204 - INFO - Processing batch #67, last_id=96042
2026-01-14 12:24:12,211 - INFO - Fetched 1000 rows from database
2026-01-14 12:24:12,231 - WARNING - 404 found: https://kotelniki.cian.ru/sale/flat/322828803/
2026-01-14 12:24:12,419 - WARNING - 404 found: https://naro-fominsk.cian.ru/sale/flat/324318402/
2026-01-14 12:24:12,468 - WARNING - 404 found: https://naro-fominsk.cian.ru/sale/flat/324318421/
2026-01-14 12:24:12,473 - WARNING - 404 found: https://naro-fominsk.cian.ru/sale/flat/323957974/
2026-01-14 12:24:12,487 - WARNING - 404 found: https://naro-fominsk.cian.ru/sale/flat/324318418/
2026-01-14 12:24:12,505 - WARNING - 404 found: https://naro-fominsk.cian.ru/sale/flat/323957978/
2026-01-14 12:24:12,556 - WARNING - 404 found: https://naro-fominsk.cian.ru/sale/flat/323957983/
2026-01-14 12:24:12,569 - WARNING - 404 found: https://naro-fominsk.cian.ru/sale/flat/323957982/
2026-01-14 12:24:12,687 - WARNING - 404 found: https://krasnogorsk.cian.ru/sale/flat/321061064/
2026-01-14 12:24:12,860 - INFO - Batch #67 completed: checked=1000, 404_found=9, exceptions=0, total_checked=67000, total_404=541, pending_deletes=41, total_deleted=0, avg_speed=997.0 records/sec
2026-01-14 12:24:12,860 - INFO - Processing batch #68, last_id=97058
2026-01-14 12:24:12,869 - INFO - Fetched 1000 rows from database
2026-01-14 12:24:12,946 - WARNING - 404 found: https://korolev.cian.ru/sale/flat/322547803/
2026-01-14 12:24:13,114 - WARNING - 404 found: https://odintsovo.cian.ru/sale/flat/321751466/
2026-01-14 12:24:15,330 - INFO - Batch #68 completed: checked=1000, 404_found=2, exceptions=0, total_checked=68000, total_404=543, pending_deletes=43, total_deleted=0, avg_speed=976.0 records/sec
2026-01-14 12:24:15,330 - INFO - Processing batch #69, last_id=98066
2026-01-14 12:24:15,339 - INFO - Fetched 1000 rows from database
2026-01-14 12:24:15,536 - WARNING - 404 found: https://krasnogorsk.cian.ru/sale/flat/321060524/
2026-01-14 12:24:15,607 - WARNING - 404 found: https://mytishchi.cian.ru/sale/flat/324379924/
2026-01-14 12:24:15,625 - WARNING - 404 found: https://korolev.cian.ru/sale/flat/323506158/
2026-01-14 12:24:15,677 - WARNING - 404 found: https://vidnoye.cian.ru/sale/flat/322234894/
2026-01-14 12:24:15,691 - WARNING - 404 found: https://krasnogorsk.cian.ru/sale/flat/324406539/
2026-01-14 12:24:15,886 - WARNING - 404 found: https://reutov.cian.ru/sale/flat/323822873/
2026-01-14 12:24:15,975 - INFO - Batch #69 completed: checked=1000, 404_found=6, exceptions=0, total_checked=69000, total_404=549, pending_deletes=49, total_deleted=0, avg_speed=981.3 records/sec
2026-01-14 12:24:15,975 - INFO - Processing batch #70, last_id=99078
2026-01-14 12:24:15,986 - INFO - Fetched 1000 rows from database
2026-01-14 12:24:16,065 - WARNING - 404 found: https://podolsk.cian.ru/sale/flat/315228889/
2026-01-14 12:24:16,126 - WARNING - 404 found: https://www.cian.ru/sale/flat/324417592/
2026-01-14 12:24:16,157 - WARNING - 404 found: https://mytishchi.cian.ru/sale/suburban/322956778/
2026-01-14 12:24:16,169 - WARNING - 404 found: https://odintsovo.cian.ru/sale/suburban/316308279/
2026-01-14 12:24:16,212 - WARNING - 404 found: https://odintsovo.cian.ru/sale/suburban/321953738/
2026-01-14 12:24:16,231 - WARNING - 404 found: https://www.cian.ru/sale/suburban/323024378/
2026-01-14 12:24:16,258 - WARNING - 404 found: https://mytishchi.cian.ru/sale/suburban/295768625/
2026-01-14 12:24:16,263 - WARNING - 404 found: https://krasnogorsk.cian.ru/sale/suburban/321685133/
2026-01-14 12:24:16,270 - WARNING - 404 found: https://serpukhov.cian.ru/sale/suburban/324399241/
2026-01-14 12:24:16,273 - WARNING - 404 found: https://www.cian.ru/sale/suburban/318617068/
2026-01-14 12:24:16,299 - WARNING - 404 found: https://odintsovo.cian.ru/sale/suburban/322462486/
2026-01-14 12:24:16,307 - WARNING - 404 found: https://mytishchi.cian.ru/sale/suburban/310100138/
2026-01-14 12:24:16,329 - WARNING - 404 found: https://www.cian.ru/sale/suburban/321656827/
2026-01-14 12:24:16,410 - WARNING - 404 found: https://www.cian.ru/sale/suburban/316266454/
2026-01-14 12:24:16,414 - WARNING - 404 found: https://krasnogorsk.cian.ru/sale/suburban/316894244/
2026-01-14 12:24:16,438 - WARNING - 404 found: https://www.cian.ru/sale/suburban/319826591/
2026-01-14 12:24:16,457 - WARNING - 404 found: https://mytishchi.cian.ru/sale/suburban/324473040/
2026-01-14 12:24:16,481 - WARNING - 404 found: https://odintsovo.cian.ru/sale/suburban/293807851/
2026-01-14 12:24:16,539 - INFO - Batch #70 completed: checked=1000, 404_found=18, exceptions=0, total_checked=70000, total_404=567, pending_deletes=67, total_deleted=0, avg_speed=987.6 records/sec
2026-01-14 12:24:16,540 - INFO - Processing batch #71, last_id=100089
2026-01-14 12:24:16,551 - INFO - Fetched 1000 rows from database
2026-01-14 12:24:16,672 - WARNING - 404 found: https://www.cian.ru/sale/suburban/312736870/
2026-01-14 12:24:16,689 - WARNING - 404 found: https://mytishchi.cian.ru/sale/suburban/303756885/
2026-01-14 12:24:16,876 - WARNING - 404 found: https://www.cian.ru/sale/suburban/322878870/
2026-01-14 12:24:16,975 - WARNING - 404 found: https://www.cian.ru/sale/suburban/324224517/
2026-01-14 12:24:17,025 - WARNING - 404 found: https://khimki.cian.ru/sale/suburban/317761020/
2026-01-14 12:24:17,246 - INFO - Batch #71 completed: checked=1000, 404_found=5, exceptions=0, total_checked=71000, total_404=572, pending_deletes=72, total_deleted=0, avg_speed=991.8 records/sec
2026-01-14 12:24:17,246 - INFO - Processing batch #72, last_id=101102
2026-01-14 12:24:17,256 - INFO - Fetched 1000 rows from database
2026-01-14 12:24:17,360 - WARNING - 404 found: https://www.cian.ru/sale/flat/323754249/
2026-01-14 12:24:17,393 - WARNING - 404 found: https://odintsovo.cian.ru/sale/suburban/322230746/
2026-01-14 12:24:17,947 - INFO - Batch #72 completed: checked=1000, 404_found=2, exceptions=0, total_checked=72000, total_404=574, pending_deletes=74, total_deleted=0, avg_speed=996.0 records/sec
2026-01-14 12:24:17,947 - INFO - Processing batch #73, last_id=102114
2026-01-14 12:24:17,958 - INFO - Fetched 1000 rows from database
2026-01-14 12:24:18,137 - WARNING - 404 found: https://khimki.cian.ru/sale/suburban/324257473/
2026-01-14 12:24:18,291 - WARNING - 404 found: https://odintsovo.cian.ru/sale/suburban/311104450/
2026-01-14 12:24:18,596 - INFO - Batch #73 completed: checked=1000, 404_found=2, exceptions=0, total_checked=73000, total_404=576, pending_deletes=76, total_deleted=0, avg_speed=1000.9 records/sec
2026-01-14 12:24:18,596 - INFO - Processing batch #74, last_id=103121
2026-01-14 12:24:18,606 - INFO - Fetched 1000 rows from database
2026-01-14 12:24:18,644 - WARNING - 404 found: https://www.cian.ru/sale/suburban/320166564/
2026-01-14 12:24:18,663 - WARNING - 404 found: https://www.cian.ru/sale/suburban/324554225/
2026-01-14 12:24:18,707 - WARNING - 404 found: https://korolev.cian.ru/sale/suburban/322444506/
2026-01-14 12:24:18,755 - WARNING - 404 found: https://www.cian.ru/sale/suburban/324466457/
2026-01-14 12:24:18,948 - WARNING - 404 found: https://www.cian.ru/sale/suburban/300299512/
2026-01-14 12:24:18,956 - WARNING - 404 found: https://odintsovo.cian.ru/sale/suburban/307385689/
2026-01-14 12:24:19,028 - WARNING - 404 found: https://www.cian.ru/sale/suburban/321216730/
2026-01-14 12:24:19,139 - WARNING - 404 found: https://www.cian.ru/sale/suburban/323069087/
2026-01-14 12:24:19,406 - INFO - Batch #74 completed: checked=1000, 404_found=8, exceptions=0, total_checked=74000, total_404=584, pending_deletes=84, total_deleted=0, avg_speed=1003.4 records/sec
2026-01-14 12:24:19,406 - INFO - Processing batch #75, last_id=104133
2026-01-14 12:24:19,435 - INFO - Fetched 1000 rows from database
2026-01-14 12:24:19,713 - WARNING - 404 found: https://odintsovo.cian.ru/sale/suburban/323948371/
2026-01-14 12:24:19,789 - WARNING - 404 found: https://www.cian.ru/sale/suburban/323816763/
2026-01-14 12:24:19,862 - WARNING - 404 found: https://balashikha.cian.ru/sale/suburban/322906818/
2026-01-14 12:24:19,890 - WARNING - 404 found: https://www.cian.ru/sale/suburban/311695597/
2026-01-14 12:24:20,012 - WARNING - 404 found: https://www.cian.ru/sale/suburban/295032334/
2026-01-14 12:24:20,060 - INFO - Batch #75 completed: checked=1000, 404_found=5, exceptions=0, total_checked=75000, total_404=589, pending_deletes=89, total_deleted=0, avg_speed=1008.1 records/sec
2026-01-14 12:24:20,060 - INFO - Processing batch #76, last_id=105138
2026-01-14 12:24:20,072 - INFO - Fetched 1000 rows from database
2026-01-14 12:24:20,090 - WARNING - 404 found: https://pushkino.cian.ru/sale/suburban/316691854/
2026-01-14 12:24:20,128 - WARNING - 404 found: https://www.cian.ru/sale/suburban/324356457/
2026-01-14 12:24:20,215 - WARNING - 404 found: https://ivanteyevka.cian.ru/sale/suburban/320721880/
2026-01-14 12:24:20,283 - WARNING - 404 found: https://balashikha.cian.ru/sale/suburban/320738099/
2026-01-14 12:24:20,284 - WARNING - 404 found: https://balashikha.cian.ru/sale/suburban/323847751/
2026-01-14 12:24:20,285 - WARNING - 404 found: https://balashikha.cian.ru/sale/suburban/323843424/
2026-01-14 12:24:20,292 - WARNING - 404 found: https://balashikha.cian.ru/sale/suburban/324159643/
2026-01-14 12:24:20,302 - WARNING - 404 found: https://balashikha.cian.ru/sale/suburban/322030341/
2026-01-14 12:24:20,304 - WARNING - 404 found: https://balashikha.cian.ru/sale/suburban/323339744/
2026-01-14 12:24:20,310 - WARNING - 404 found: https://balashikha.cian.ru/sale/suburban/322113517/
2026-01-14 12:24:20,312 - WARNING - 404 found: https://balashikha.cian.ru/sale/suburban/324346199/
2026-01-14 12:24:20,333 - WARNING - 404 found: https://pushkino.cian.ru/sale/suburban/323757454/
2026-01-14 12:24:20,362 - WARNING - 404 found: https://mytishchi.cian.ru/sale/suburban/303785152/
2026-01-14 12:24:20,374 - WARNING - 404 found: https://mytishchi.cian.ru/sale/suburban/313824831/
2026-01-14 12:24:20,553 - WARNING - 404 found: https://balashikha.cian.ru/sale/suburban/324127641/
2026-01-14 12:24:20,557 - WARNING - 404 found: https://balashikha.cian.ru/sale/suburban/322101882/
2026-01-14 12:24:20,672 - INFO - Batch #76 completed: checked=1000, 404_found=16, exceptions=0, total_checked=76000, total_404=605, pending_deletes=5, total_deleted=0, avg_speed=1013.2 records/sec
2026-01-14 12:24:20,673 - INFO - Processing batch #77, last_id=106143
2026-01-14 12:24:20,684 - INFO - Fetched 1000 rows from database
2026-01-14 12:24:20,793 - WARNING - 404 found: https://shchyolkovo.cian.ru/sale/suburban/324064245/
2026-01-14 12:24:20,949 - WARNING - 404 found: https://www.cian.ru/sale/suburban/321820379/
2026-01-14 12:24:21,077 - WARNING - 404 found: https://mytishchi.cian.ru/sale/suburban/311060792/
2026-01-14 12:24:21,087 - WARNING - 404 found: https://mytishchi.cian.ru/sale/suburban/287861447/
2026-01-14 12:24:21,095 - WARNING - 404 found: https://www.cian.ru/sale/suburban/319141816/
2026-01-14 12:24:21,103 - WARNING - 404 found: https://www.cian.ru/sale/suburban/324068411/
2026-01-14 12:24:21,329 - INFO - Batch #77 completed: checked=1000, 404_found=6, exceptions=0, total_checked=77000, total_404=611, pending_deletes=11, total_deleted=0, avg_speed=1017.6 records/sec
2026-01-14 12:24:21,329 - INFO - Processing batch #78, last_id=107152
2026-01-14 12:24:21,338 - INFO - Fetched 1000 rows from database
2026-01-14 12:24:21,532 - WARNING - 404 found: https://www.cian.ru/sale/suburban/310211009/
2026-01-14 12:24:21,533 - WARNING - 404 found: https://www.cian.ru/sale/suburban/321352602/
2026-01-14 12:24:21,547 - WARNING - 404 found: https://mytishchi.cian.ru/sale/suburban/320844782/
2026-01-14 12:24:21,574 - WARNING - 404 found: https://mytishchi.cian.ru/sale/suburban/317806605/
2026-01-14 12:24:21,582 - WARNING - 404 found: https://www.cian.ru/sale/suburban/324369418/
2026-01-14 12:24:21,591 - WARNING - 404 found: https://mytishchi.cian.ru/sale/suburban/321273027/
2026-01-14 12:24:21,747 - WARNING - 404 found: https://pushkino.cian.ru/sale/suburban/324378700/
2026-01-14 12:24:21,783 - WARNING - 404 found: https://mytishchi.cian.ru/sale/suburban/324163905/
2026-01-14 12:24:21,898 - WARNING - 404 found: https://www.cian.ru/sale/suburban/318419275/
2026-01-14 12:24:22,118 - INFO - Batch #78 completed: checked=1000, 404_found=9, exceptions=0, total_checked=78000, total_404=620, pending_deletes=20, total_deleted=0, avg_speed=1020.2 records/sec
2026-01-14 12:24:22,119 - INFO - Processing batch #79, last_id=108163
2026-01-14 12:24:22,128 - INFO - Fetched 1000 rows from database
2026-01-14 12:24:22,153 - WARNING - 404 found: https://www.cian.ru/sale/suburban/318484063/
2026-01-14 12:24:22,390 - WARNING - 404 found: https://korolev.cian.ru/sale/suburban/317001925/
2026-01-14 12:24:22,434 - WARNING - 404 found: https://www.cian.ru/sale/suburban/321471582/
2026-01-14 12:24:22,460 - WARNING - 404 found: https://www.cian.ru/sale/suburban/324513790/
2026-01-14 12:24:22,663 - WARNING - 404 found: https://www.cian.ru/sale/suburban/316122931/
2026-01-14 12:24:22,767 - INFO - Batch #79 completed: checked=1000, 404_found=5, exceptions=0, total_checked=79000, total_404=625, pending_deletes=25, total_deleted=0, avg_speed=1024.5 records/sec
2026-01-14 12:24:22,767 - INFO - Processing batch #80, last_id=109184
2026-01-14 12:24:22,778 - INFO - Fetched 1000 rows from database
2026-01-14 12:24:22,830 - WARNING - 404 found: https://www.cian.ru/sale/suburban/321140384/
2026-01-14 12:24:22,859 - WARNING - 404 found: https://mytishchi.cian.ru/sale/suburban/321347416/
2026-01-14 12:24:22,920 - WARNING - 404 found: https://www.cian.ru/sale/suburban/307150684/
2026-01-14 12:24:22,998 - WARNING - 404 found: https://www.cian.ru/sale/suburban/318749129/
2026-01-14 12:24:23,054 - WARNING - 404 found: https://domodedovo.cian.ru/sale/suburban/320147848/
2026-01-14 12:24:23,173 - WARNING - 404 found: https://odintsovo.cian.ru/sale/suburban/322687996/
2026-01-14 12:24:23,217 - WARNING - 404 found: https://odintsovo.cian.ru/sale/suburban/323466787/
2026-01-14 12:24:23,244 - WARNING - 404 found: https://odintsovo.cian.ru/sale/suburban/324567011/
2026-01-14 12:24:23,295 - WARNING - 404 found: https://www.cian.ru/sale/suburban/323850792/
2026-01-14 12:24:23,432 - INFO - Batch #80 completed: checked=1000, 404_found=9, exceptions=0, total_checked=80000, total_404=634, pending_deletes=34, total_deleted=0, avg_speed=1028.6 records/sec
2026-01-14 12:24:23,432 - INFO - Processing batch #81, last_id=110197
2026-01-14 12:24:23,443 - INFO - Fetched 1000 rows from database
2026-01-14 12:24:23,477 - WARNING - 404 found: https://ivanteyevka.cian.ru/sale/suburban/324614110/
2026-01-14 12:24:23,632 - WARNING - 404 found: https://solnechnogorsk.cian.ru/sale/suburban/323145035/
2026-01-14 12:24:23,736 - WARNING - 404 found: https://www.cian.ru/sale/suburban/311002150/
2026-01-14 12:24:23,785 - WARNING - 404 found: https://www.cian.ru/sale/suburban/323611193/
2026-01-14 12:24:23,788 - WARNING - 404 found: https://www.cian.ru/sale/suburban/324518706/
2026-01-14 12:24:23,836 - WARNING - 404 found: https://www.cian.ru/sale/suburban/312236634/
2026-01-14 12:24:23,940 - WARNING - 404 found: https://www.cian.ru/sale/suburban/320550481/
2026-01-14 12:24:24,136 - INFO - Batch #81 completed: checked=1000, 404_found=7, exceptions=0, total_checked=81000, total_404=641, pending_deletes=41, total_deleted=0, avg_speed=1032.2 records/sec
2026-01-14 12:24:24,136 - INFO - Processing batch #82, last_id=111204
2026-01-14 12:24:24,147 - INFO - Fetched 1000 rows from database
2026-01-14 12:24:24,225 - WARNING - 404 found: https://www.cian.ru/sale/suburban/323423890/
2026-01-14 12:24:24,260 - WARNING - 404 found: https://www.cian.ru/sale/suburban/324492395/
2026-01-14 12:24:24,384 - WARNING - 404 found: https://www.cian.ru/sale/suburban/320264113/
2026-01-14 12:24:24,390 - WARNING - 404 found: https://www.cian.ru/sale/suburban/323515165/
2026-01-14 12:24:24,973 - INFO - Batch #82 completed: checked=1000, 404_found=4, exceptions=0, total_checked=82000, total_404=645, pending_deletes=45, total_deleted=0, avg_speed=1033.9 records/sec
2026-01-14 12:24:24,973 - INFO - Processing batch #83, last_id=112209
2026-01-14 12:24:24,984 - INFO - Fetched 1000 rows from database
2026-01-14 12:24:24,998 - WARNING - 404 found: https://www.cian.ru/sale/suburban/324337482/
2026-01-14 12:24:25,028 - WARNING - 404 found: https://noginsk.cian.ru/sale/suburban/323871266/
2026-01-14 12:24:26,508 - INFO - Batch #83 completed: checked=1000, 404_found=2, exceptions=0, total_checked=83000, total_404=647, pending_deletes=47, total_deleted=0, avg_speed=1026.6 records/sec
2026-01-14 12:24:26,508 - INFO - Processing batch #84, last_id=113213
2026-01-14 12:24:26,519 - INFO - Fetched 1000 rows from database
2026-01-14 12:24:26,590 - WARNING - 404 found: https://domodedovo.cian.ru/sale/suburban/319889244/
2026-01-14 12:24:26,813 - WARNING - 404 found: https://noginsk.cian.ru/sale/suburban/323522812/
2026-01-14 12:24:26,831 - WARNING - 404 found: https://zvenigorod.cian.ru/sale/suburban/321906656/
2026-01-14 12:24:26,939 - WARNING - 404 found: https://naro-fominsk.cian.ru/sale/suburban/318801518/
2026-01-14 12:24:27,246 - INFO - Batch #84 completed: checked=1000, 404_found=4, exceptions=0, total_checked=84000, total_404=651, pending_deletes=51, total_deleted=0, avg_speed=1029.6 records/sec
2026-01-14 12:24:27,246 - INFO - Processing batch #85, last_id=114219
2026-01-14 12:24:27,257 - INFO - Fetched 1000 rows from database
2026-01-14 12:24:27,329 - WARNING - 404 found: https://www.cian.ru/sale/suburban/322172745/
2026-01-14 12:24:27,884 - INFO - Batch #85 completed: checked=1000, 404_found=1, exceptions=0, total_checked=85000, total_404=652, pending_deletes=52, total_deleted=0, avg_speed=1033.7 records/sec
2026-01-14 12:24:27,885 - INFO - Processing batch #86, last_id=115224
2026-01-14 12:24:27,895 - INFO - Fetched 1000 rows from database
2026-01-14 12:24:28,565 - INFO - Batch #86 completed: checked=1000, 404_found=0, exceptions=0, total_checked=86000, total_404=652, pending_deletes=52, total_deleted=0, avg_speed=1037.3 records/sec
2026-01-14 12:24:28,565 - INFO - Processing batch #87, last_id=116228
2026-01-14 12:24:28,576 - INFO - Fetched 1000 rows from database
2026-01-14 12:24:28,593 - WARNING - 404 found: https://www.cian.ru/sale/suburban/322337845/
2026-01-14 12:24:28,602 - WARNING - 404 found: https://www.cian.ru/sale/suburban/323998482/
2026-01-14 12:24:28,738 - WARNING - 404 found: https://www.cian.ru/sale/suburban/323556565/
2026-01-14 12:24:28,963 - WARNING - 404 found: https://www.cian.ru/sale/suburban/320850604/
2026-01-14 12:24:31,817 - INFO - Batch #87 completed: checked=1000, 404_found=4, exceptions=0, total_checked=87000, total_404=656, pending_deletes=56, total_deleted=0, avg_speed=1009.8 records/sec
2026-01-14 12:24:31,818 - INFO - Processing batch #88, last_id=117237
2026-01-14 12:24:31,830 - INFO - Fetched 1000 rows from database
2026-01-14 12:24:33,403 - INFO - Batch #88 completed: checked=1000, 404_found=0, exceptions=0, total_checked=88000, total_404=656, pending_deletes=56, total_deleted=0, avg_speed=1002.9 records/sec
2026-01-14 12:24:33,403 - INFO - Processing batch #89, last_id=118242
2026-01-14 12:24:33,430 - INFO - Fetched 1000 rows from database
2026-01-14 12:24:33,561 - WARNING - 404 found: https://chernogolovka.cian.ru/sale/suburban/321845159/
2026-01-14 12:24:33,909 - WARNING - 404 found: https://www.cian.ru/sale/suburban/303280798/
2026-01-14 12:24:34,062 - INFO - Batch #89 completed: checked=1000, 404_found=2, exceptions=0, total_checked=89000, total_404=658, pending_deletes=58, total_deleted=0, avg_speed=1006.8 records/sec
2026-01-14 12:24:34,062 - INFO - Processing batch #90, last_id=119251
2026-01-14 12:24:34,073 - INFO - Fetched 1000 rows from database
2026-01-14 12:24:34,267 - WARNING - 404 found: https://www.cian.ru/sale/suburban/320369258/
2026-01-14 12:24:34,722 - INFO - Batch #90 completed: checked=1000, 404_found=1, exceptions=0, total_checked=90000, total_404=659, pending_deletes=59, total_deleted=0, avg_speed=1010.5 records/sec
2026-01-14 12:24:34,722 - INFO - Processing batch #91, last_id=120259
2026-01-14 12:24:34,734 - INFO - Fetched 1000 rows from database
2026-01-14 12:24:34,889 - WARNING - 404 found: https://www.cian.ru/sale/suburban/306911007/
2026-01-14 12:24:35,127 - WARNING - 404 found: https://naro-fominsk.cian.ru/sale/suburban/319139054/
2026-01-14 12:24:35,279 - INFO - Batch #91 completed: checked=1000, 404_found=2, exceptions=0, total_checked=91000, total_404=661, pending_deletes=61, total_deleted=0, avg_speed=1015.4 records/sec
2026-01-14 12:24:35,279 - INFO - Processing batch #92, last_id=121260
2026-01-14 12:24:35,290 - INFO - Fetched 1000 rows from database
2026-01-14 12:24:35,310 - WARNING - 404 found: https://www.cian.ru/sale/suburban/322436026/
2026-01-14 12:24:35,450 - WARNING - 404 found: https://www.cian.ru/sale/suburban/319777987/
2026-01-14 12:24:35,517 - WARNING - 404 found: https://www.cian.ru/sale/suburban/321820377/
2026-01-14 12:24:35,555 - WARNING - 404 found: https://dmitrov.cian.ru/sale/suburban/290780827/
2026-01-14 12:24:35,585 - WARNING - 404 found: https://solnechnogorsk.cian.ru/sale/suburban/323563859/
2026-01-14 12:24:35,637 - WARNING - 404 found: https://www.cian.ru/sale/suburban/318787239/
2026-01-14 12:24:35,859 - INFO - Batch #92 completed: checked=1000, 404_found=6, exceptions=0, total_checked=92000, total_404=667, pending_deletes=67, total_deleted=0, avg_speed=1020.0 records/sec
2026-01-14 12:24:35,859 - INFO - Processing batch #93, last_id=122267
2026-01-14 12:24:35,870 - INFO - Fetched 1000 rows from database
2026-01-14 12:24:36,020 - WARNING - 404 found: https://www.cian.ru/sale/suburban/321694031/
2026-01-14 12:24:36,289 - WARNING - 404 found: https://www.cian.ru/sale/suburban/323903013/
2026-01-14 12:24:36,330 - WARNING - 404 found: https://ivanteyevka.cian.ru/sale/suburban/297552233/
2026-01-14 12:24:36,510 - INFO - Batch #93 completed: checked=1000, 404_found=3, exceptions=0, total_checked=93000, total_404=670, pending_deletes=70, total_deleted=0, avg_speed=1023.7 records/sec
2026-01-14 12:24:36,510 - INFO - Processing batch #94, last_id=123269
2026-01-14 12:24:36,523 - INFO - Fetched 1000 rows from database
2026-01-14 12:24:36,572 - WARNING - 404 found: https://www.cian.ru/sale/suburban/320369250/
2026-01-14 12:24:36,572 - WARNING - 404 found: https://www.cian.ru/sale/suburban/320369254/
2026-01-14 12:24:36,578 - WARNING - 404 found: https://www.cian.ru/sale/suburban/320369245/
2026-01-14 12:24:36,582 - WARNING - 404 found: https://www.cian.ru/sale/suburban/320369266/
2026-01-14 12:24:36,807 - WARNING - 404 found: https://www.cian.ru/sale/suburban/320369263/
2026-01-14 12:24:37,133 - INFO - Batch #94 completed: checked=1000, 404_found=5, exceptions=0, total_checked=94000, total_404=675, pending_deletes=75, total_deleted=0, avg_speed=1027.6 records/sec
2026-01-14 12:24:37,133 - INFO - Processing batch #95, last_id=124277
2026-01-14 12:24:37,142 - INFO - Fetched 1000 rows from database
2026-01-14 12:24:38,023 - INFO - Batch #95 completed: checked=1000, 404_found=0, exceptions=0, total_checked=95000, total_404=675, pending_deletes=75, total_deleted=0, avg_speed=1028.5 records/sec
2026-01-14 12:24:38,024 - INFO - Processing batch #96, last_id=125280
2026-01-14 12:24:38,034 - INFO - Fetched 1000 rows from database
2026-01-14 12:24:38,227 - WARNING - 404 found: https://www.cian.ru/sale/suburban/323275588/
2026-01-14 12:24:38,235 - WARNING - 404 found: https://www.cian.ru/sale/suburban/324751039/
2026-01-14 12:24:38,398 - WARNING - 404 found: https://www.cian.ru/sale/suburban/323892683/
2026-01-14 12:24:38,400 - WARNING - 404 found: https://www.cian.ru/sale/suburban/324061176/
2026-01-14 12:24:38,493 - WARNING - 404 found: https://www.cian.ru/sale/suburban/318337189/
2026-01-14 12:24:38,923 - INFO - Batch #96 completed: checked=1000, 404_found=5, exceptions=0, total_checked=96000, total_404=680, pending_deletes=80, total_deleted=0, avg_speed=1029.3 records/sec
2026-01-14 12:24:38,923 - INFO - Processing batch #97, last_id=126285
2026-01-14 12:24:38,934 - INFO - Fetched 1000 rows from database
2026-01-14 12:24:39,183 - WARNING - 404 found: https://www.cian.ru/sale/suburban/319787584/
2026-01-14 12:24:39,473 - INFO - Batch #97 completed: checked=1000, 404_found=1, exceptions=0, total_checked=97000, total_404=681, pending_deletes=81, total_deleted=0, avg_speed=1034.0 records/sec
2026-01-14 12:24:39,474 - INFO - Processing batch #98, last_id=127289
2026-01-14 12:24:39,483 - INFO - Fetched 1000 rows from database
2026-01-14 12:24:39,501 - WARNING - 404 found: https://www.cian.ru/sale/suburban/324411231/
2026-01-14 12:24:39,786 - WARNING - 404 found: https://www.cian.ru/sale/suburban/314716716/
2026-01-14 12:24:40,122 - INFO - Batch #98 completed: checked=1000, 404_found=2, exceptions=0, total_checked=98000, total_404=683, pending_deletes=83, total_deleted=0, avg_speed=1037.4 records/sec
2026-01-14 12:24:40,122 - INFO - Processing batch #99, last_id=128296
2026-01-14 12:24:40,133 - INFO - Fetched 1000 rows from database
2026-01-14 12:24:40,463 - WARNING - 404 found: https://www.cian.ru/sale/suburban/323951642/
2026-01-14 12:24:40,767 - INFO - Batch #99 completed: checked=1000, 404_found=1, exceptions=0, total_checked=99000, total_404=684, pending_deletes=84, total_deleted=0, avg_speed=1040.9 records/sec
2026-01-14 12:24:40,767 - INFO - Processing batch #100, last_id=129297
2026-01-14 12:24:40,779 - INFO - Fetched 1000 rows from database
2026-01-14 12:24:41,039 - WARNING - 404 found: https://www.cian.ru/sale/suburban/323570703/
2026-01-14 12:24:41,078 - WARNING - 404 found: https://www.cian.ru/sale/suburban/301128737/
2026-01-14 12:24:41,335 - INFO - Batch #100 completed: checked=1000, 404_found=2, exceptions=0, total_checked=100000, total_404=686, pending_deletes=86, total_deleted=0, avg_speed=1045.2 records/sec
2026-01-14 12:24:41,336 - INFO - Processing batch #101, last_id=130306
2026-01-14 12:24:41,347 - INFO - Fetched 1000 rows from database
2026-01-14 12:24:41,588 - WARNING - 404 found: https://mytishchi.cian.ru/sale/suburban/294517704/
2026-01-14 12:24:41,656 - WARNING - 404 found: https://odintsovo.cian.ru/sale/suburban/322451907/
2026-01-14 12:24:41,746 - WARNING - 404 found: https://www.cian.ru/sale/suburban/314263906/
2026-01-14 12:24:41,755 - WARNING - 404 found: https://www.cian.ru/sale/suburban/312898511/
2026-01-14 12:24:41,763 - WARNING - 404 found: https://mytishchi.cian.ru/sale/suburban/323664598/
2026-01-14 12:24:41,834 - WARNING - 404 found: https://www.cian.ru/sale/suburban/314263909/
2026-01-14 12:24:41,843 - INFO - Batch #101 completed: checked=1000, 404_found=6, exceptions=0, total_checked=101000, total_404=692, pending_deletes=92, total_deleted=0, avg_speed=1050.1 records/sec
2026-01-14 12:24:41,844 - INFO - Processing batch #102, last_id=131315
2026-01-14 12:24:41,854 - INFO - Fetched 1000 rows from database
2026-01-14 12:24:41,905 - WARNING - 404 found: https://www.cian.ru/sale/suburban/314224992/
2026-01-14 12:24:42,077 - WARNING - 404 found: https://www.cian.ru/sale/suburban/322720072/
2026-01-14 12:24:42,080 - WARNING - 404 found: https://www.cian.ru/sale/suburban/322720048/
2026-01-14 12:24:42,728 - INFO - Batch #102 completed: checked=1000, 404_found=3, exceptions=0, total_checked=102000, total_404=695, pending_deletes=95, total_deleted=0, avg_speed=1050.8 records/sec
2026-01-14 12:24:42,729 - INFO - Processing batch #103, last_id=132326
2026-01-14 12:24:42,742 - INFO - Fetched 951 rows from database
2026-01-14 12:24:58,952 - INFO - Batch #103 completed: checked=951, 404_found=0, exceptions=0, total_checked=102951, total_404=695, pending_deletes=95, total_deleted=0, avg_speed=908.7 records/sec
2026-01-14 12:24:58,952 - INFO - Processing batch #104, last_id=133880
2026-01-14 12:24:58,955 - INFO - No more rows to process
2026-01-14 12:24:58,972 - INFO - ============================================================
2026-01-14 12:24:58,972 - INFO - PROCESSING COMPLETED
2026-01-14 12:24:58,972 - INFO - ============================================================
2026-01-14 12:24:58,972 - INFO - Total batches processed: 104
2026-01-14 12:24:58,973 - INFO - Total records checked: 102951
2026-01-14 12:24:58,973 - INFO - Total 404 images found: 695
2026-01-14 12:24:58,973 - INFO - Total offers deleted: 0
2026-01-14 12:24:58,974 - INFO - Delete mode: DRY RUN (no deletion)
2026-01-14 12:24:58,974 - INFO - Total time: 113.31 seconds
2026-01-14 12:24:58,975 - INFO - Average speed: 908.6 records/sec
2026-01-14 12:24:58,975 - INFO - 404 rate: 0.68%
2026-01-14 12:24:58,975 - INFO - Delete rate: 0.00%
