2026-01-14 13:28:51,133 - INFO - Starting in check-only mode (concurrency=50, batch=1000)
2026-01-14 13:28:51,134 - INFO - Processing batch #1, last_id=0
2026-01-14 13:28:51,295 - INFO - Fetched 1000 rows from database
2026-01-14 13:28:51,613 - WARNING - 404 found: https://bryansk.cian.ru/sale/flat/318647215/
2026-01-14 13:28:52,587 - INFO - Batch #1 completed: checked=1000, 404_found=1, exceptions=0, total_checked=1000, total_404=1, pending_deletes=1, total_deleted=0, total_deactivated=0, avg_speed=688.5 records/sec
2026-01-14 13:28:52,587 - INFO - Processing batch #2, last_id=29665
2026-01-14 13:28:52,595 - INFO - Fetched 1000 rows from database
2026-01-14 13:28:53,181 - INFO - Batch #2 completed: checked=1000, 404_found=0, exceptions=0, total_checked=2000, total_404=1, pending_deletes=1, total_deleted=0, total_deactivated=0, avg_speed=977.4 records/sec
2026-01-14 13:28:53,181 - INFO - Processing batch #3, last_id=30678
2026-01-14 13:28:53,188 - INFO - Fetched 1000 rows from database
2026-01-14 13:28:55,378 - INFO - Batch #3 completed: checked=1000, 404_found=0, exceptions=0, total_checked=3000, total_404=1, pending_deletes=1, total_deleted=0, total_deactivated=0, avg_speed=707.0 records/sec
2026-01-14 13:28:55,378 - INFO - Processing batch #4, last_id=31690
2026-01-14 13:28:55,399 - INFO - Fetched 1000 rows from database
2026-01-14 13:28:55,975 - INFO - Batch #4 completed: checked=1000, 404_found=0, exceptions=0, total_checked=4000, total_404=1, pending_deletes=1, total_deleted=0, total_deactivated=0, avg_speed=826.4 records/sec
2026-01-14 13:28:55,975 - INFO - Processing batch #5, last_id=32703
2026-01-14 13:28:55,981 - INFO - Fetched 1000 rows from database
2026-01-14 13:28:56,595 - INFO - Batch #5 completed: checked=1000, 404_found=0, exceptions=0, total_checked=5000, total_404=1, pending_deletes=1, total_deleted=0, total_deactivated=0, avg_speed=915.7 records/sec
2026-01-14 13:28:56,595 - INFO - Processing batch #6, last_id=33721
2026-01-14 13:28:56,602 - INFO - Fetched 1000 rows from database
2026-01-14 13:28:57,879 - INFO - Batch #6 completed: checked=1000, 404_found=0, exceptions=0, total_checked=6000, total_404=1, pending_deletes=1, total_deleted=0, total_deactivated=0, avg_speed=889.6 records/sec
2026-01-14 13:28:57,879 - INFO - Processing batch #7, last_id=34792
2026-01-14 13:28:57,888 - INFO - Fetched 1000 rows from database
2026-01-14 13:28:58,400 - INFO - ============================================================
2026-01-14 13:28:58,400 - INFO - PROCESSING COMPLETED
2026-01-14 13:28:58,400 - INFO - ============================================================
2026-01-14 13:28:58,400 - INFO - Total batches processed: 7
2026-01-14 13:28:58,400 - INFO - Total records checked: 6000
2026-01-14 13:28:58,400 - INFO - Total 404 images found: 1
2026-01-14 13:28:58,401 - INFO - Total offers deleted: 0
2026-01-14 13:28:58,401 - INFO - Total offers deactivated: 0
2026-01-14 13:28:58,401 - INFO - Delete mode: DRY RUN (no deletion)
2026-01-14 13:28:58,401 - INFO - Total time: 7.27 seconds
2026-01-14 13:28:58,401 - INFO - Average speed: 825.9 records/sec
2026-01-14 13:28:58,402 - INFO - 404 rate: 0.02%
2026-01-14 13:28:58,402 - INFO - Delete rate: 0.00%
