2026-01-14 12:35:04,757 - INFO - Starting in check-only mode (concurrency=50, batch=1000)
2026-01-14 12:35:04,761 - INFO - Processing batch #1, last_id=0
2026-01-14 12:35:05,025 - INFO - Fetched 1000 rows from database
2026-01-14 12:35:06,670 - INFO - Batch #1 completed: checked=1000, 404_found=0, exceptions=0, total_checked=1000, total_404=0, pending_deletes=0, total_deleted=0, avg_speed=523.7 records/sec
2026-01-14 12:35:06,670 - INFO - Processing batch #2, last_id=29665
2026-01-14 12:35:06,679 - INFO - Fetched 1000 rows from database
2026-01-14 12:35:07,138 - INFO - Batch #2 completed: checked=1000, 404_found=0, exceptions=0, total_checked=2000, total_404=0, pending_deletes=0, total_deleted=0, avg_speed=841.1 records/sec
2026-01-14 12:35:07,139 - INFO - Processing batch #3, last_id=30677
2026-01-14 12:35:07,146 - INFO - Fetched 1000 rows from database
2026-01-14 12:35:07,680 - INFO - Batch #3 completed: checked=1000, 404_found=0, exceptions=0, total_checked=3000, total_404=0, pending_deletes=0, total_deleted=0, avg_speed=1027.7 records/sec
2026-01-14 12:35:07,680 - INFO - Processing batch #4, last_id=31689
2026-01-14 12:35:07,687 - INFO - Fetched 1000 rows from database
2026-01-14 12:35:08,141 - INFO - Batch #4 completed: checked=1000, 404_found=0, exceptions=0, total_checked=4000, total_404=0, pending_deletes=0, total_deleted=0, avg_speed=1183.2 records/sec
2026-01-14 12:35:08,141 - INFO - Processing batch #5, last_id=32702
2026-01-14 12:35:08,147 - INFO - Fetched 1000 rows from database
2026-01-14 12:35:09,460 - INFO - Batch #5 completed: checked=1000, 404_found=0, exceptions=0, total_checked=5000, total_404=0, pending_deletes=0, total_deleted=0, avg_speed=1063.8 records/sec
2026-01-14 12:35:09,461 - INFO - Processing batch #6, last_id=33720
2026-01-14 12:35:09,470 - INFO - Fetched 1000 rows from database
2026-01-14 12:35:09,753 - WARNING - 404 found: https://www.cian.ru/sale/flat/322705053/
2026-01-14 12:35:10,853 - INFO - Batch #6 completed: checked=1000, 404_found=1, exceptions=0, total_checked=6000, total_404=1, pending_deletes=1, total_deleted=0, avg_speed=984.7 records/sec
2026-01-14 12:35:10,854 - INFO - Processing batch #7, last_id=34790
2026-01-14 12:35:10,862 - INFO - Fetched 1000 rows from database
2026-01-14 12:35:10,916 - WARNING - 404 found: https://www.cian.ru/sale/flat/314798951/
2026-01-14 12:35:10,956 - WARNING - 404 found: https://www.cian.ru/sale/flat/323522614/
2026-01-14 12:35:11,379 - INFO - Batch #7 completed: checked=1000, 404_found=2, exceptions=0, total_checked=7000, total_404=3, pending_deletes=3, total_deleted=0, avg_speed=1057.6 records/sec
2026-01-14 12:35:11,379 - INFO - Processing batch #8, last_id=35858
2026-01-14 12:35:11,387 - INFO - Fetched 1000 rows from database
2026-01-14 12:35:12,798 - INFO - Batch #8 completed: checked=1000, 404_found=0, exceptions=0, total_checked=8000, total_404=3, pending_deletes=3, total_deleted=0, avg_speed=995.3 records/sec
2026-01-14 12:35:12,798 - INFO - Processing batch #9, last_id=36912
2026-01-14 12:35:12,807 - INFO - Fetched 1000 rows from database
2026-01-14 12:35:12,855 - WARNING - 404 found: https://www.cian.ru/sale/flat/320256265/
2026-01-14 12:35:12,862 - WARNING - 404 found: https://www.cian.ru/sale/flat/320459301/
2026-01-14 12:35:13,157 - WARNING - 404 found: https://www.cian.ru/sale/flat/323189432/
2026-01-14 12:35:13,356 - INFO - Batch #9 completed: checked=1000, 404_found=3, exceptions=0, total_checked=9000, total_404=6, pending_deletes=6, total_deleted=0, avg_speed=1047.0 records/sec
2026-01-14 12:35:13,356 - INFO - Processing batch #10, last_id=37969
2026-01-14 12:35:13,365 - INFO - Fetched 1000 rows from database
2026-01-14 12:35:14,072 - INFO - Batch #10 completed: checked=1000, 404_found=0, exceptions=0, total_checked=10000, total_404=6, pending_deletes=6, total_deleted=0, avg_speed=1073.9 records/sec
2026-01-14 12:35:14,072 - INFO - Processing batch #11, last_id=39020
2026-01-14 12:35:14,080 - INFO - Fetched 1000 rows from database
2026-01-14 12:35:14,180 - WARNING - 404 found: https://www.cian.ru/sale/flat/323659415/
2026-01-14 12:35:14,465 - WARNING - 404 found: https://www.cian.ru/sale/flat/323326824/
2026-01-14 12:35:14,534 - INFO - Batch #11 completed: checked=1000, 404_found=2, exceptions=0, total_checked=11000, total_404=8, pending_deletes=8, total_deleted=0, avg_speed=1125.5 records/sec
2026-01-14 12:35:14,534 - INFO - Processing batch #12, last_id=40075
2026-01-14 12:35:14,544 - INFO - Fetched 1000 rows from database
2026-01-14 12:35:14,566 - WARNING - 404 found: https://www.cian.ru/sale/flat/322538723/
2026-01-14 12:35:14,892 - WARNING - 404 found: https://www.cian.ru/sale/flat/322934715/
2026-01-14 12:35:15,065 - INFO - Batch #12 completed: checked=1000, 404_found=2, exceptions=0, total_checked=12000, total_404=10, pending_deletes=10, total_deleted=0, avg_speed=1164.5 records/sec
2026-01-14 12:35:15,065 - INFO - Processing batch #13, last_id=41122
2026-01-14 12:35:15,075 - INFO - Fetched 1000 rows from database
2026-01-14 12:35:15,332 - WARNING - 404 found: https://www.cian.ru/sale/flat/323460013/
2026-01-14 12:35:15,580 - INFO - Batch #13 completed: checked=1000, 404_found=1, exceptions=0, total_checked=13000, total_404=11, pending_deletes=11, total_deleted=0, avg_speed=1201.5 records/sec
2026-01-14 12:35:15,581 - INFO - Processing batch #14, last_id=42195
2026-01-14 12:35:15,592 - INFO - Fetched 1000 rows from database
2026-01-14 12:35:15,675 - WARNING - 404 found: https://www.cian.ru/sale/flat/323255850/
2026-01-14 12:35:15,892 - WARNING - 404 found: https://www.cian.ru/sale/flat/318651816/
2026-01-14 12:35:16,133 - INFO - Batch #14 completed: checked=1000, 404_found=2, exceptions=0, total_checked=14000, total_404=13, pending_deletes=13, total_deleted=0, avg_speed=1231.0 records/sec
2026-01-14 12:35:16,133 - INFO - Processing batch #15, last_id=43272
2026-01-14 12:35:16,142 - INFO - Fetched 1000 rows from database
2026-01-14 12:35:16,643 - INFO - Batch #15 completed: checked=1000, 404_found=0, exceptions=0, total_checked=15000, total_404=13, pending_deletes=13, total_deleted=0, avg_speed=1262.4 records/sec
2026-01-14 12:35:16,643 - INFO - Processing batch #16, last_id=44342
2026-01-14 12:35:16,655 - INFO - Fetched 1000 rows from database
2026-01-14 12:35:16,802 - WARNING - 404 found: https://krasnogorsk.cian.ru/sale/flat/322755657/
2026-01-14 12:35:17,405 - INFO - Batch #16 completed: checked=1000, 404_found=1, exceptions=0, total_checked=16000, total_404=14, pending_deletes=14, total_deleted=0, avg_speed=1265.3 records/sec
2026-01-14 12:35:17,406 - INFO - Processing batch #17, last_id=45397
2026-01-14 12:35:17,418 - INFO - Fetched 1000 rows from database
2026-01-14 12:35:17,774 - WARNING - 404 found: https://fryazino.cian.ru/sale/flat/320867435/
2026-01-14 12:35:18,091 - INFO - Batch #17 completed: checked=1000, 404_found=1, exceptions=0, total_checked=17000, total_404=15, pending_deletes=15, total_deleted=0, avg_speed=1275.3 records/sec
2026-01-14 12:35:18,091 - INFO - Processing batch #18, last_id=46438
2026-01-14 12:35:18,103 - INFO - Fetched 1000 rows from database
2026-01-14 12:35:18,498 - INFO - Batch #18 completed: checked=1000, 404_found=0, exceptions=0, total_checked=18000, total_404=15, pending_deletes=15, total_deleted=0, avg_speed=1310.2 records/sec
2026-01-14 12:35:18,498 - INFO - Processing batch #19, last_id=47475
2026-01-14 12:35:18,508 - INFO - Fetched 1000 rows from database
2026-01-14 12:35:18,618 - WARNING - 404 found: https://elektrougli.cian.ru/sale/flat/317883529/
2026-01-14 12:35:19,808 - INFO - Batch #19 completed: checked=1000, 404_found=1, exceptions=0, total_checked=19000, total_404=16, pending_deletes=16, total_deleted=0, avg_speed=1262.6 records/sec
2026-01-14 12:35:19,810 - INFO - Processing batch #20, last_id=48519
2026-01-14 12:35:19,819 - INFO - Fetched 1000 rows from database
2026-01-14 12:35:20,280 - INFO - Batch #20 completed: checked=1000, 404_found=0, exceptions=0, total_checked=20000, total_404=16, pending_deletes=16, total_deleted=0, avg_speed=1288.7 records/sec
2026-01-14 12:35:20,280 - INFO - Processing batch #21, last_id=49548
2026-01-14 12:35:20,290 - INFO - Fetched 1000 rows from database
2026-01-14 12:35:25,386 - INFO - Batch #21 completed: checked=1000, 404_found=0, exceptions=0, total_checked=21000, total_404=16, pending_deletes=16, total_deleted=0, avg_speed=1018.1 records/sec
2026-01-14 12:35:25,387 - INFO - Processing batch #22, last_id=50564
2026-01-14 12:35:25,397 - INFO - Fetched 1000 rows from database
2026-01-14 12:35:26,365 - INFO - Batch #22 completed: checked=1000, 404_found=0, exceptions=0, total_checked=22000, total_404=16, pending_deletes=16, total_deleted=0, avg_speed=1018.3 records/sec
2026-01-14 12:35:26,365 - INFO - Processing batch #23, last_id=51570
2026-01-14 12:35:26,375 - INFO - Fetched 1000 rows from database
2026-01-14 12:35:26,468 - WARNING - 404 found: https://odintsovo.cian.ru/sale/flat/318097877/
2026-01-14 12:35:26,484 - WARNING - 404 found: https://lyubertsy.cian.ru/sale/flat/316851882/
2026-01-14 12:35:27,560 - INFO - Batch #23 completed: checked=1000, 404_found=2, exceptions=0, total_checked=23000, total_404=18, pending_deletes=18, total_deleted=0, avg_speed=1008.8 records/sec
2026-01-14 12:35:27,560 - INFO - Processing batch #24, last_id=52595
2026-01-14 12:35:27,569 - INFO - Fetched 1000 rows from database
2026-01-14 12:35:28,073 - INFO - Batch #24 completed: checked=1000, 404_found=0, exceptions=0, total_checked=24000, total_404=18, pending_deletes=18, total_deleted=0, avg_speed=1029.5 records/sec
2026-01-14 12:35:28,073 - INFO - Processing batch #25, last_id=53630
2026-01-14 12:35:28,085 - INFO - Fetched 1000 rows from database
2026-01-14 12:35:28,106 - WARNING - 404 found: https://balashikha.cian.ru/sale/flat/319913308/
2026-01-14 12:35:28,633 - INFO - Batch #25 completed: checked=1000, 404_found=1, exceptions=0, total_checked=25000, total_404=19, pending_deletes=19, total_deleted=0, avg_speed=1047.2 records/sec
2026-01-14 12:35:28,634 - INFO - Processing batch #26, last_id=54666
2026-01-14 12:35:28,644 - INFO - Fetched 1000 rows from database
2026-01-14 12:35:30,063 - INFO - Batch #26 completed: checked=1000, 404_found=0, exceptions=0, total_checked=26000, total_404=19, pending_deletes=19, total_deleted=0, avg_speed=1027.5 records/sec
2026-01-14 12:35:30,064 - INFO - Processing batch #27, last_id=55706
2026-01-14 12:35:30,073 - INFO - Fetched 1000 rows from database
2026-01-14 12:35:30,346 - WARNING - 404 found: https://kotelniki.cian.ru/sale/flat/323083704/
2026-01-14 12:35:30,592 - INFO - Batch #27 completed: checked=1000, 404_found=1, exceptions=0, total_checked=27000, total_404=20, pending_deletes=20, total_deleted=0, avg_speed=1045.2 records/sec
2026-01-14 12:35:30,593 - INFO - Processing batch #28, last_id=56747
2026-01-14 12:35:30,606 - INFO - Fetched 1000 rows from database
2026-01-14 12:35:31,892 - INFO - Batch #28 completed: checked=1000, 404_found=0, exceptions=0, total_checked=28000, total_404=20, pending_deletes=20, total_deleted=0, avg_speed=1032.0 records/sec
2026-01-14 12:35:31,893 - INFO - Processing batch #29, last_id=57788
2026-01-14 12:35:31,907 - INFO - Fetched 1000 rows from database
